../Core/Src/main.c:253:5:main	104	static
../Core/Src/main.c:493:6:SystemClock_Config	88	static
../Core/Src/main.c:541:13:MX_I2C1_Init	8	static
../Core/Src/main.c:575:13:MX_I2C2_Init	8	static
../Core/Src/main.c:609:13:MX_RTC_Init	16	static
../Core/Src/main.c:667:13:MX_SPI2_Init	8	static
../Core/Src/main.c:705:13:MX_USART2_UART_Init	16	static
../Core/Src/main.c:739:13:MX_GPIO_Init	40	static
../Core/Src/main.c:782:6:HAL_IncTick	4	static
../Core/Src/main.c:796:6:HAL_UART_RxCpltCallback	16	static
../Core/Src/main.c:816:6:HAL_GPIO_EXTI_Callback	16	static
../Core/Src/main.c:833:6:Error_Handler	4	static,ignoring_inline_asm
