../Core/Src/main.c:186:5:main	56	static
../Core/Src/main.c:421:6:SystemClock_Config	72	static
../Core/Src/main.c:461:13:MX_I2C1_Init	8	static
../Core/Src/main.c:495:13:MX_I2C2_Init	8	static
../Core/Src/main.c:529:13:MX_SPI2_Init	8	static
../Core/Src/main.c:567:13:MX_USART2_UART_Init	16	static
../Core/Src/main.c:601:13:MX_GPIO_Init	40	static
../Core/Src/main.c:640:6:HAL_IncTick	4	static
../Core/Src/main.c:651:6:HAL_UART_RxCpltCallback	16	static
../Core/Src/main.c:669:6:HAL_GPIO_EXTI_Callback	16	static
../Core/Src/main.c:679:6:Error_Handler	4	static,ignoring_inline_asm
