../Core/Src/MAX30100.c:76:6:MAX30100_Init	16	static
../Core/Src/MAX30100.c:151:17:Actualizar_Resultados	72	static
../Core/Src/MAX30100.c:206:6:Inicio_Heart_Rate	16	static
../Core/Src/MAX30100.c:227:6:Inicio_SPO2_HR	16	static
../Core/Src/MAX30100.c:246:6:Lectura_FIFO	32	static
../Core/Src/MAX30100.c:288:6:Filtrado_DC	48	static
../Core/Src/MAX30100.c:308:6:Mean_Median_Filter	40	static
../Core/Src/MAX30100.c:331:6:Filtro_PasabajosButterworth	40	static
../Core/Src/MAX30100.c:344:6:detectPulse	40	static
../Core/Src/MAX30100.c:463:6:Balance_Intensidades	24	static
../Core/Src/MAX30100.c:495:6:SetHighresModeEnabled	16	static
../Core/Src/MAX30100.c:512:6:Resetea_Resultados	16	static
../Core/Src/MAX30100.c:525:6:MAX30100_I2C_Write	32	static
../Core/Src/MAX30100.c:533:6:MAX30100_I2C_Read	32	static
../Core/Src/MAX30100.c:540:6:MAX30100_I2C_FIFO_Read	24	static
../Core/Src/MAX30100.c:549:6:MAX30100_I2C_Reset_FIFO	8	static
