../Core/Src/MAX30100.c:83:6:MAX30100_Init	16	static
../Core/Src/MAX30100.c:158:17:Actualizar_Resultados	72	static
../Core/Src/MAX30100.c:208:6:Inicio_Heart_Rate	16	static
../Core/Src/MAX30100.c:221:6:Inicio_SPO2_HR	16	static
../Core/Src/MAX30100.c:248:6:Lectura_FIFO	32	static
../Core/Src/MAX30100.c:270:6:Filtrado_DC	48	static
../Core/Src/MAX30100.c:297:6:Mean_Median_Filter	40	static
../Core/Src/MAX30100.c:324:6:Filtro_PasabajosButterworth	40	static
../Core/Src/MAX30100.c:347:6:detectPulse	40	static
../Core/Src/MAX30100.c:438:6:Balance_Intensidades	24	static
../Core/Src/MAX30100.c:472:6:SetHighresModeEnabled	16	static
../Core/Src/MAX30100.c:498:6:Resetea_Resultados	16	static
../Core/Src/MAX30100.c:520:6:MAX30100_I2C_Write	32	static
../Core/Src/MAX30100.c:537:6:MAX30100_I2C_Read	32	static
../Core/Src/MAX30100.c:552:6:MAX30100_I2C_FIFO_Read	24	static
../Core/Src/MAX30100.c:563:6:MAX30100_I2C_Reset_FIFO	8	static
