Archive member included to satisfy reference by file (symbol)

c:/st/stm32cubeide_1.7.0/stm32cubeide/plugins/com.st.stm32cube.ide.mcu.externaltools.gnu-tools-for-stm32.10.3-2021.10.win32_1.0.0.202111181127/tools/bin/../lib/gcc/arm-none-eabi/10.3.1/../../../../arm-none-eabi/lib/thumb/v7-m/nofp\libc_nano.a(lib_a-errno.o)
                              ./Core/Src/syscalls.o (__errno)
c:/st/stm32cubeide_1.7.0/stm32cubeide/plugins/com.st.stm32cube.ide.mcu.externaltools.gnu-tools-for-stm32.10.3-2021.10.win32_1.0.0.202111181127/tools/bin/../lib/gcc/arm-none-eabi/10.3.1/../../../../arm-none-eabi/lib/thumb/v7-m/nofp\libc_nano.a(lib_a-exit.o)
                              c:/st/stm32cubeide_1.7.0/stm32cubeide/plugins/com.st.stm32cube.ide.mcu.externaltools.gnu-tools-for-stm32.10.3-2021.10.win32_1.0.0.202111181127/tools/bin/../lib/gcc/arm-none-eabi/10.3.1/../../../../arm-none-eabi/lib/thumb/v7-m/nofp/crt0.o (exit)
c:/st/stm32cubeide_1.7.0/stm32cubeide/plugins/com.st.stm32cube.ide.mcu.externaltools.gnu-tools-for-stm32.10.3-2021.10.win32_1.0.0.202111181127/tools/bin/../lib/gcc/arm-none-eabi/10.3.1/../../../../arm-none-eabi/lib/thumb/v7-m/nofp\libc_nano.a(lib_a-impure.o)
                              c:/st/stm32cubeide_1.7.0/stm32cubeide/plugins/com.st.stm32cube.ide.mcu.externaltools.gnu-tools-for-stm32.10.3-2021.10.win32_1.0.0.202111181127/tools/bin/../lib/gcc/arm-none-eabi/10.3.1/../../../../arm-none-eabi/lib/thumb/v7-m/nofp\libc_nano.a(lib_a-exit.o) (_global_impure_ptr)
c:/st/stm32cubeide_1.7.0/stm32cubeide/plugins/com.st.stm32cube.ide.mcu.externaltools.gnu-tools-for-stm32.10.3-2021.10.win32_1.0.0.202111181127/tools/bin/../lib/gcc/arm-none-eabi/10.3.1/../../../../arm-none-eabi/lib/thumb/v7-m/nofp\libc_nano.a(lib_a-init.o)
                              c:/st/stm32cubeide_1.7.0/stm32cubeide/plugins/com.st.stm32cube.ide.mcu.externaltools.gnu-tools-for-stm32.10.3-2021.10.win32_1.0.0.202111181127/tools/bin/../lib/gcc/arm-none-eabi/10.3.1/../../../../arm-none-eabi/lib/thumb/v7-m/nofp/crt0.o (__libc_init_array)
c:/st/stm32cubeide_1.7.0/stm32cubeide/plugins/com.st.stm32cube.ide.mcu.externaltools.gnu-tools-for-stm32.10.3-2021.10.win32_1.0.0.202111181127/tools/bin/../lib/gcc/arm-none-eabi/10.3.1/../../../../arm-none-eabi/lib/thumb/v7-m/nofp\libc_nano.a(lib_a-memset.o)
                              c:/st/stm32cubeide_1.7.0/stm32cubeide/plugins/com.st.stm32cube.ide.mcu.externaltools.gnu-tools-for-stm32.10.3-2021.10.win32_1.0.0.202111181127/tools/bin/../lib/gcc/arm-none-eabi/10.3.1/../../../../arm-none-eabi/lib/thumb/v7-m/nofp/crt0.o (memset)
c:/st/stm32cubeide_1.7.0/stm32cubeide/plugins/com.st.stm32cube.ide.mcu.externaltools.gnu-tools-for-stm32.10.3-2021.10.win32_1.0.0.202111181127/tools/bin/../lib/gcc/arm-none-eabi/10.3.1/../../../../arm-none-eabi/lib/thumb/v7-m/nofp\libc_nano.a(lib_a-sprintf.o)
                              ./Core/Src/main.o (sprintf)
c:/st/stm32cubeide_1.7.0/stm32cubeide/plugins/com.st.stm32cube.ide.mcu.externaltools.gnu-tools-for-stm32.10.3-2021.10.win32_1.0.0.202111181127/tools/bin/../lib/gcc/arm-none-eabi/10.3.1/../../../../arm-none-eabi/lib/thumb/v7-m/nofp\libc_nano.a(lib_a-strlen.o)
                              ./Core/Src/fonts.o (strlen)
c:/st/stm32cubeide_1.7.0/stm32cubeide/plugins/com.st.stm32cube.ide.mcu.externaltools.gnu-tools-for-stm32.10.3-2021.10.win32_1.0.0.202111181127/tools/bin/../lib/gcc/arm-none-eabi/10.3.1/../../../../arm-none-eabi/lib/thumb/v7-m/nofp\libc_nano.a(lib_a-nano-svfprintf.o)
                              c:/st/stm32cubeide_1.7.0/stm32cubeide/plugins/com.st.stm32cube.ide.mcu.externaltools.gnu-tools-for-stm32.10.3-2021.10.win32_1.0.0.202111181127/tools/bin/../lib/gcc/arm-none-eabi/10.3.1/../../../../arm-none-eabi/lib/thumb/v7-m/nofp\libc_nano.a(lib_a-sprintf.o) (_svfprintf_r)
c:/st/stm32cubeide_1.7.0/stm32cubeide/plugins/com.st.stm32cube.ide.mcu.externaltools.gnu-tools-for-stm32.10.3-2021.10.win32_1.0.0.202111181127/tools/bin/../lib/gcc/arm-none-eabi/10.3.1/../../../../arm-none-eabi/lib/thumb/v7-m/nofp\libc_nano.a(lib_a-nano-vfprintf_i.o)
                              c:/st/stm32cubeide_1.7.0/stm32cubeide/plugins/com.st.stm32cube.ide.mcu.externaltools.gnu-tools-for-stm32.10.3-2021.10.win32_1.0.0.202111181127/tools/bin/../lib/gcc/arm-none-eabi/10.3.1/../../../../arm-none-eabi/lib/thumb/v7-m/nofp\libc_nano.a(lib_a-nano-svfprintf.o) (_printf_i)
c:/st/stm32cubeide_1.7.0/stm32cubeide/plugins/com.st.stm32cube.ide.mcu.externaltools.gnu-tools-for-stm32.10.3-2021.10.win32_1.0.0.202111181127/tools/bin/../lib/gcc/arm-none-eabi/10.3.1/../../../../arm-none-eabi/lib/thumb/v7-m/nofp\libc_nano.a(lib_a-memchr-stub.o)
                              c:/st/stm32cubeide_1.7.0/stm32cubeide/plugins/com.st.stm32cube.ide.mcu.externaltools.gnu-tools-for-stm32.10.3-2021.10.win32_1.0.0.202111181127/tools/bin/../lib/gcc/arm-none-eabi/10.3.1/../../../../arm-none-eabi/lib/thumb/v7-m/nofp\libc_nano.a(lib_a-nano-svfprintf.o) (memchr)
[...]
Memory Configuration

Name             Origin             Length             Attributes
RAM              0x0000000020000000 0x0000000000005000 xrw
FLASH            0x0000000008000000 0x0000000000010000 xr
*default*        0x0000000000000000 0xffffffffffffffff

Linker script and memory map

LOAD c:/st/stm32cubeide_1.7.0/stm32cubeide/plugins/com.st.stm32cube.ide.mcu.externaltools.gnu-tools-for-stm32.10.3-2021.10.win32_1.0.0.202111181127/tools/bin/../lib/gcc/arm-none-eabi/10.3.1/thumb/v7-m/nofp/crti.o
LOAD c:/st/stm32cubeide_1.7.0/stm32cubeide/plugins/com.st.stm32cube.ide.mcu.externaltools.gnu-tools-for-stm32.10.3-2021.10.win32_1.0.0.202111181127/tools/bin/../lib/gcc/arm-none-eabi/10.3.1/thumb/v7-m/nofp/crtbegin.o
LOAD c:/st/stm32cubeide_1.7.0/stm32cubeide/plugins/com.st.stm32cube.ide.mcu.externaltools.gnu-tools-for-stm32.10.3-2021.10.win32_1.0.0.202111181127/tools/bin/../lib/gcc/arm-none-eabi/10.3.1/../../../../arm-none-eabi/lib/thumb/v7-m/nofp/crt0.o
LOAD ./Core/Src/MAX30100.o
LOAD ./Core/Src/SPISD.o
LOAD ./Core/Src/fonts.o
LOAD ./Core/Src/main.o
LOAD ./Core/Src/ssd1306.o
LOAD ./Core/Src/stm32f1xx_hal_msp.o
LOAD ./Core/Src/stm32f1xx_it.o
LOAD ./Core/Src/syscalls.o
LOAD ./Core/Src/sysmem.o
LOAD ./Core/Src/system_stm32f1xx.o
LOAD ./Core/Startup/startup_stm32f103c8tx.o
LOAD ./Drivers/STM32F1xx_HAL_Driver/Src/stm32f1xx_hal.o
LOAD ./Drivers/STM32F1xx_HAL_Driver/Src/stm32f1xx_hal_cortex.o
LOAD ./Drivers/STM32F1xx_HAL_Driver/Src/stm32f1xx_hal_dma.o
LOAD ./Drivers/STM32F1xx_HAL_Driver/Src/stm32f1xx_hal_exti.o
LOAD ./Drivers/STM32F1xx_HAL_Driver/Src/stm32f1xx_hal_flash.o
LOAD ./Drivers/STM32F1xx_HAL_Driver/Src/stm32f1xx_hal_flash_ex.o
LOAD ./Drivers/STM32F1xx_HAL_Driver/Src/stm32f1xx_hal_gpio.o
LOAD ./Drivers/STM32F1xx_HAL_Driver/Src/stm32f1xx_hal_gpio_ex.o
LOAD ./Drivers/STM32F1xx_HAL_Driver/Src/stm32f1xx_hal_i2c.o
LOAD ./Drivers/STM32F1xx_HAL_Driver/Src/stm32f1xx_hal_pwr.o
LOAD ./Drivers/STM32F1xx_HAL_Driver/Src/stm32f1xx_hal_rcc.o
LOAD ./Drivers/STM32F1xx_HAL_Driver/Src/stm32f1xx_hal_rcc_ex.o
LOAD ./Drivers/STM32F1xx_HAL_Driver/Src/stm32f1xx_hal_rtc.o
LOAD ./Drivers/STM32F1xx_HAL_Driver/Src/stm32f1xx_hal_rtc_ex.o
LOAD ./Drivers/STM32F1xx_HAL_Driver/Src/stm32f1xx_hal_spi.o
LOAD ./Drivers/STM32F1xx_HAL_Driver/Src/stm32f1xx_hal_tim.o
LOAD ./Drivers/STM32F1xx_HAL_Driver/Src/stm32f1xx_hal_tim_ex.o
LOAD ./Drivers/STM32F1xx_HAL_Driver/Src/stm32f1xx_hal_uart.o
LOAD ./FATFS/App/fatfs.o
LOAD ./FATFS/Target/user_diskio.o
LOAD ./Middlewares/Third_Party/FatFs/src/diskio.o
LOAD ./Middlewares/Third_Party/FatFs/src/ff.o
LOAD ./Middlewares/Third_Party/FatFs/src/ff_gen_drv.o
LOAD ./Middlewares/Third_Party/FatFs/src/option/syscall.o
START GROUP
LOAD c:/st/stm32cubeide_1.7.0/stm32cubeide/plugins/com.st.stm32cube.ide.mcu.externaltools.gnu-tools-for-stm32.10.3-2021.10.win32_1.0.0.202111181127/tools/bin/../lib/gcc/arm-none-eabi/10.3.1/../../../../arm-none-eabi/lib/thumb/v7-m/nofp\libc_nano.a
LOAD c:/st/stm32cubeide_1.7.0/stm32cubeide/plugins/com.st.stm32cube.ide.mcu.externaltools.gnu-tools-for-stm32.10.3-2021.10.win32_1.0.0.202111181127/tools/bin/../lib/gcc/arm-none-eabi/10.3.1/../../../../arm-none-eabi/lib/thumb/v7-m/nofp\libm.a
END GROUP
START GROUP
LOAD c:/st/stm32cubeide_1.7.0/stm32cubeide/plugins/com.st.stm32cube.ide.mcu.externaltools.gnu-tools-for-stm32.10.3-2021.10.win32_1.0.0.202111181127/tools/bin/../lib/gcc/arm-none-eabi/10.3.1/thumb/v7-m/nofp\libgcc.a
LOAD c:/st/stm32cubeide_1.7.0/stm32cubeide/plugins/com.st.stm32cube.ide.mcu.externaltools.gnu-tools-for-stm32.10.3-2021.10.win32_1.0.0.202111181127/tools/bin/../lib/gcc/arm-none-eabi/10.3.1/../../../../arm-none-eabi/lib/thumb/v7-m/nofp\libc_nano.a
END GROUP
START GROUP
LOAD c:/st/stm32cubeide_1.7.0/stm32cubeide/plugins/com.st.stm32cube.ide.mcu.externaltools.gnu-tools-for-stm32.10.3-2021.10.win32_1.0.0.202111181127/tools/bin/../lib/gcc/arm-none-eabi/10.3.1/thumb/v7-m/nofp\libgcc.a
LOAD c:/st/stm32cubeide_1.7.0/stm32cubeide/plugins/com.st.stm32cube.ide.mcu.externaltools.gnu-tools-for-stm32.10.3-2021.10.win32_1.0.0.202111181127/tools/bin/../lib/gcc/arm-none-eabi/10.3.1/../../../../arm-none-eabi/lib/thumb/v7-m/nofp\libc_nano.a
LOAD c:/st/stm32cubeide_1.7.0/stm32cubeide/plugins/com.st.stm32cube.ide.mcu.externaltools.gnu-tools-for-stm32.10.3-2021.10.win32_1.0.0.202111181127/tools/bin/../lib/gcc/arm-none-eabi/10.3.1/../../../../arm-none-eabi/lib/thumb/v7-m/nofp\libnosys.a
END GROUP
START GROUP
LOAD c:/st/stm32cubeide_1.7.0/stm32cubeide/plugins/com.st.stm32cube.ide.mcu.externaltools.gnu-tools-for-stm32.10.3-2021.10.win32_1.0.0.202111181127/tools/bin/../lib/gcc/arm-none-eabi/10.3.1/thumb/v7-m/nofp\libgcc.a
LOAD c:/st/stm32cubeide_1.7.0/stm32cubeide/plugins/com.st.stm32cube.ide.mcu.externaltools.gnu-tools-for-stm32.10.3-2021.10.win32_1.0.0.202111181127/tools/bin/../lib/gcc/arm-none-eabi/10.3.1/../../../../arm-none-eabi/lib/thumb/v7-m/nofp\libc_nano.a
LOAD c:/st/stm32cubeide_1.7.0/stm32cubeide/plugins/com.st.stm32cube.ide.mcu.externaltools.gnu-tools-for-stm32.10.3-2021.10.win32_1.0.0.202111181127/tools/bin/../lib/gcc/arm-none-eabi/10.3.1/../../../../arm-none-eabi/lib/thumb/v7-m/nofp\libnosys.a
END GROUP
LOAD c:/st/stm32cubeide_1.7.0/stm32cubeide/plugins/com.st.stm32cube.ide.mcu.externaltools.gnu-tools-for-stm32.10.3-2021.10.win32_1.0.0.202111181127/tools/bin/../lib/gcc/arm-none-eabi/10.3.1/thumb/v7-m/nofp/crtend.o
LOAD c:/st/stm32cubeide_1.7.0/stm32cubeide/plugins/com.st.stm32cube.ide.mcu.externaltools.gnu-tools-for-stm32.10.3-2021.10.win32_1.0.0.202111181127/tools/bin/../lib/gcc/arm-none-eabi/10.3.1/thumb/v7-m/nofp/crtn.o
                0x0000000020005000                _estack = (ORIGIN (RAM) + LENGTH (RAM))
                0x0000000000000200                _Min_Heap_Size = 0x200
                0x0000000000000400                _Min_Stack_Size = 0x400

.isr_vector     0x0000000008000000      0x10c
                0x0000000008000000                . = ALIGN (0x4)
 *(.isr_vector)
 .isr_vector    0x0000000008000000      0x10c ./Core/Startup/startup_stm32f103c8tx.o
                0x0000000008000000                g_pfnVectors
                0x000000000800010c                . = ALIGN (0x4)

.text           0x0000000008000110     0xcd68
                0x0000000008000110                . = ALIGN (0x4)
 *(.text)
 .text          0x0000000008000110       0x40 c:/st/stm32cubeide_1.7.0/stm32cubeide/plugins/com.st.stm32cube.ide.mcu.externaltools.gnu-tools-for-stm32.10.3-2021.10.win32_1.0.0.202111181127/tools/bin/../lib/gcc/arm-none-eabi/10.3.1/thumb/v7-m/nofp/crtbegin.o
 .text          0x0000000008000150      0x378 c:/st/stm32cubeide_1.7.0/stm32cubeide/plugins/com.st.stm32cube.ide.mcu.externaltools.gnu-tools-for-stm32.10.3-2021.10.win32_1.0.0.202111181127/tools/bin/../lib/gcc/arm-none-eabi/10.3.1/thumb/v7-m/nofp\libgcc.a(_arm_addsubdf3.o)
                0x0000000008000150                __aeabi_drsub
                0x0000000008000158                __aeabi_dsub
                0x0000000008000158                __subdf3
                0x000000000800015c                __aeabi_dadd
                0x000000000800015c                __adddf3
                0x00000000080003d4                __floatunsidf
                0x00000000080003d4                __aeabi_ui2d
                0x00000000080003f4                __floatsidf
                0x00000000080003f4                __aeabi_i2d
                0x0000000008000418                __aeabi_f2d
                0x0000000008000418                __extendsfdf2
                0x000000000800045c                __floatundidf
                0x000000000800045c                __aeabi_ul2d
                0x000000000800046c                __floatdidf
                0x000000000800046c                __aeabi_l2d
 .text          0x00000000080004c8      0x424 c:/st/stm32cubeide_1.7.0/stm32cubeide/plugins/com.st.stm32cube.ide.mcu.externaltools.gnu-tools-for-stm32.10.3-2021.10.win32_1.0.0.202111181127/tools/bin/../lib/gcc/arm-none-eabi/10.3.1/thumb/v7-m/nofp\libgcc.a(_arm_muldivdf3.o)
                0x00000000080004c8                __aeabi_dmul
                0x00000000080004c8                __muldf3
                0x000000000800071c                __divdf3
                0x000000000800071c                __aeabi_ddiv
 .text          0x00000000080008ec      0x110 c:/st/stm32cubeide_1.7.0/stm32cubeide/plugins/com.st.stm32cube.ide.mcu.externaltools.gnu-tools-for-stm32.10.3-2021.10.win32_1.0.0.202111181127/tools/bin/../lib/gcc/arm-none-eabi/10.3.1/thumb/v7-m/nofp\libgcc.a(_arm_cmpdf2.o)
                0x00000000080008ec                __gtdf2
                0x00000000080008ec                __gedf2
                0x00000000080008f4                __ltdf2
                0x00000000080008f4                __ledf2
                0x00000000080008fc                __nedf2
                0x00000000080008fc                __eqdf2
                0x00000000080008fc                __cmpdf2
                0x0000000008000978                __aeabi_cdrcmple
                0x0000000008000988                __aeabi_cdcmpeq
                0x0000000008000988                __aeabi_cdcmple
                0x0000000008000998                __aeabi_dcmpeq
                0x00000000080009ac                __aeabi_dcmplt
                0x00000000080009c0                __aeabi_dcmple
                0x00000000080009d4                __aeabi_dcmpge
                0x00000000080009e8                __aeabi_dcmpgt
 .text          0x00000000080009fc       0x2c c:/st/stm32cubeide_1.7.0/stm32cubeide/plugins/com.st.stm32cube.ide.mcu.externaltools.gnu-tools-for-stm32.10.3-2021.10.win32_1.0.0.202111181127/tools/bin/../lib/gcc/arm-none-eabi/10.3.1/thumb/v7-m/nofp\libgcc.a(_arm_unorddf2.o)
                0x00000000080009fc                __unorddf2
                0x00000000080009fc                __aeabi_dcmpun
 .text          0x0000000008000a28       0xa0 c:/st/stm32cubeide_1.7.0/stm32cubeide/plugins/com.st.stm32cube.ide.mcu.externaltools.gnu-tools-for-stm32.10.3-2021.10.win32_1.0.0.202111181127/tools/bin/../lib/gcc/arm-none-eabi/10.3.1/thumb/v7-m/nofp\libgcc.a(_arm_truncdfsf2.o)
                0x0000000008000a28                __truncdfsf2
                0x0000000008000a28                __aeabi_d2f
 .text          0x0000000008000ac8      0x21c c:/st/stm32cubeide_1.7.0/stm32cubeide/plugins/com.st.stm32cube.ide.mcu.externaltools.gnu-tools-for-stm32.10.3-2021.10.win32_1.0.0.202111181127/tools/bin/../lib/gcc/arm-none-eabi/10.3.1/thumb/v7-m/nofp\libgcc.a(_arm_addsubsf3.o)
                0x0000000008000ac8                __aeabi_frsub
                0x0000000008000ad0                __subsf3
                0x0000000008000ad0                __aeabi_fsub
                0x0000000008000ad4                __aeabi_fadd
                0x0000000008000ad4                __addsf3
                0x0000000008000c34                __aeabi_ui2f
                0x0000000008000c34                __floatunsisf
                0x0000000008000c3c                __aeabi_i2f
                0x0000000008000c3c                __floatsisf
                0x0000000008000c58                __aeabi_ul2f
                0x0000000008000c58                __floatundisf
                0x0000000008000c68                __aeabi_l2f
                0x0000000008000c68                __floatdisf
 .text          0x0000000008000ce4      0x2a0 c:/st/stm32cubeide_1.7.0/stm32cubeide/plugins/com.st.stm32cube.ide.mcu.externaltools.gnu-tools-for-stm32.10.3-2021.10.win32_1.0.0.202111181127/tools/bin/../lib/gcc/arm-none-eabi/10.3.1/thumb/v7-m/nofp\libgcc.a(_arm_muldivsf3.o)
                0x0000000008000ce4                __mulsf3
                0x0000000008000ce4                __aeabi_fmul
                0x0000000008000e4c                __aeabi_fdiv
                0x0000000008000e4c                __divsf3
 .text          0x0000000008000f84       0xec c:/st/stm32cubeide_1.7.0/stm32cubeide/plugins/com.st.stm32cube.ide.mcu.externaltools.gnu-tools-for-stm32.10.3-2021.10.win32_1.0.0.202111181127/tools/bin/../lib/gcc/arm-none-eabi/10.3.1/thumb/v7-m/nofp\libgcc.a(_arm_cmpsf2.o)
                0x0000000008000f84                __gesf2
                0x0000000008000f84                __gtsf2
                0x0000000008000f8c                __lesf2
                0x0000000008000f8c                __ltsf2
                0x0000000008000f94                __nesf2
                0x0000000008000f94                __eqsf2
                0x0000000008000f94                __cmpsf2
                0x0000000008000ff4                __aeabi_cfrcmple
                0x0000000008000ffc                __aeabi_cfcmpeq
                0x0000000008000ffc                __aeabi_cfcmple
                0x000000000800100c                __aeabi_fcmpeq
                0x0000000008001020                __aeabi_fcmplt
                0x0000000008001034                __aeabi_fcmple
                0x0000000008001048                __aeabi_fcmpge
                0x000000000800105c                __aeabi_fcmpgt
 .text          0x0000000008001070       0x40 c:/st/stm32cubeide_1.7.0/stm32cubeide/plugins/com.st.stm32cube.ide.mcu.externaltools.gnu-tools-for-stm32.10.3-2021.10.win32_1.0.0.202111181127/tools/bin/../lib/gcc/arm-none-eabi/10.3.1/thumb/v7-m/nofp\libgcc.a(_arm_fixunssfsi.o)
                0x0000000008001070                __fixunssfsi
                0x0000000008001070                __aeabi_f2uiz
 *(.text*)
 .text.MAX30100_Init
                0x00000000080010b0      0x1c0 ./Core/Src/MAX30100.o
                0x00000000080010b0                MAX30100_Init
 .text.Actualizar_Resultados
                0x0000000008001270      0x274 ./Core/Src/MAX30100.o
                0x0000000008001270                Actualizar_Resultados
 .text.Lectura_FIFO
                0x00000000080014e4       0x64 ./Core/Src/MAX30100.o
                0x00000000080014e4                Lectura_FIFO
 .text.Filtrado_DC
                0x0000000008001548       0x70 ./Core/Src/MAX30100.o
                0x0000000008001548                Filtrado_DC
 .text.Mean_Median_Filter
                0x00000000080015b8       0xf0 ./Core/Src/MAX30100.o
                0x00000000080015b8                Mean_Median_Filter
 .text.Filtro_PasabajosButterworth
                0x00000000080016a8       0xa0 ./Core/Src/MAX30100.o
                0x00000000080016a8                Filtro_PasabajosButterworth
 .text.detectPulse
                0x0000000008001748      0x204 ./Core/Src/MAX30100.o
                0x0000000008001748                detectPulse
 .text.Balance_Intensidades
                0x000000000800194c      0x124 ./Core/Src/MAX30100.o
                0x000000000800194c                Balance_Intensidades
 .text.Resetea_Resultados
                0x0000000008001a70       0x5c ./Core/Src/MAX30100.o
                0x0000000008001a70                Resetea_Resultados
 .text.MAX30100_I2C_Write
                0x0000000008001acc       0x3c ./Core/Src/MAX30100.o
                0x0000000008001acc                MAX30100_I2C_Write
 .text.MAX30100_I2C_Read
                0x0000000008001b08       0x3c ./Core/Src/MAX30100.o
                0x0000000008001b08                MAX30100_I2C_Read
 .text.MAX30100_I2C_FIFO_Read
                0x0000000008001b44       0x2c ./Core/Src/MAX30100.o
                0x0000000008001b44                MAX30100_I2C_FIFO_Read
 .text.MAX30100_I2C_Reset_FIFO
                0x0000000008001b70       0x38 ./Core/Src/MAX30100.o
                0x0000000008001b70                MAX30100_I2C_Reset_FIFO
 .text.SPISD_EscribirSector
                0x0000000008001ba8      0x238 ./Core/Src/SPISD.o
                0x0000000008001ba8                SPISD_EscribirSector
 .text.SPISD_LeerSector
                0x0000000008001de0      0x15c ./Core/Src/SPISD.o
                0x0000000008001de0                SPISD_LeerSector
 .text.SPISD_EnviarComando
                0x0000000008001f3c       0x44 ./Core/Src/SPISD.o
                0x0000000008001f3c                SPISD_EnviarComando
 .text.SPISD_RecibirRespuestaComando
                0x0000000008001f80       0x62 ./Core/Src/SPISD.o
                0x0000000008001f80                SPISD_RecibirRespuestaComando
 *fill*         0x0000000008001fe2        0x2 
 .text.SPISD_DetectarSD
                0x0000000008001fe4      0x1a0 ./Core/Src/SPISD.o
                0x0000000008001fe4                SPISD_DetectarSD
 .text.main     0x0000000008002184      0x498 ./Core/Src/main.o
                0x0000000008002184                main
 .text.SystemClock_Config
                0x000000000800261c       0xba ./Core/Src/main.o
                0x000000000800261c                SystemClock_Config
 *fill*         0x00000000080026d6        0x2 
 .text.MX_I2C1_Init
                0x00000000080026d8       0x5c ./Core/Src/main.o
 .text.MX_I2C2_Init
                0x0000000008002734       0x5c ./Core/Src/main.o
 .text.MX_RTC_Init
                0x0000000008002790       0x94 ./Core/Src/main.o
 .text.MX_SPI2_Init
                0x0000000008002824       0x6c ./Core/Src/main.o
 .text.MX_USART2_UART_Init
                0x0000000008002890       0x84 ./Core/Src/main.o
 .text.MX_GPIO_Init
                0x0000000008002914      0x10c ./Core/Src/main.o
 .text.HAL_IncTick
                0x0000000008002a20       0x6c ./Core/Src/main.o
                0x0000000008002a20                HAL_IncTick
 .text.HAL_UART_RxCpltCallback
                0x0000000008002a8c       0x70 ./Core/Src/main.o
                0x0000000008002a8c                HAL_UART_RxCpltCallback
 .text.HAL_GPIO_EXTI_Callback
                0x0000000008002afc       0x44 ./Core/Src/main.o
                0x0000000008002afc                HAL_GPIO_EXTI_Callback
 .text.Error_Handler
                0x0000000008002b40        0xa ./Core/Src/main.o
                0x0000000008002b40                Error_Handler
 .text.SSD1306_ScrollRight
                0x0000000008002b4a       0x6c ./Core/Src/ssd1306.o
                0x0000000008002b4a                SSD1306_ScrollRight
 .text.SSD1306_Stopscroll
                0x0000000008002bb6       0x12 ./Core/Src/ssd1306.o
                0x0000000008002bb6                SSD1306_Stopscroll
 .text.SSD1306_DrawBitmap
                0x0000000008002bc8       0xd0 ./Core/Src/ssd1306.o
                0x0000000008002bc8                SSD1306_DrawBitmap
 .text.SSD1306_Init
                0x0000000008002c98      0x188 ./Core/Src/ssd1306.o
                0x0000000008002c98                SSD1306_Init
 .text.SSD1306_UpdateScreen
                0x0000000008002e20       0x5c ./Core/Src/ssd1306.o
                0x0000000008002e20                SSD1306_UpdateScreen
 .text.SSD1306_Fill
                0x0000000008002e7c       0x30 ./Core/Src/ssd1306.o
                0x0000000008002e7c                SSD1306_Fill
 .text.SSD1306_DrawPixel
                0x0000000008002eac       0xbc ./Core/Src/ssd1306.o
                0x0000000008002eac                SSD1306_DrawPixel
 .text.SSD1306_GotoXY
                0x0000000008002f68       0x2c ./Core/Src/ssd1306.o
                0x0000000008002f68                SSD1306_GotoXY
 .text.SSD1306_Putc
                0x0000000008002f94      0x100 ./Core/Src/ssd1306.o
                0x0000000008002f94                SSD1306_Putc
 .text.SSD1306_Puts
                0x0000000008003094       0x4a ./Core/Src/ssd1306.o
                0x0000000008003094                SSD1306_Puts
 .text.SSD1306_Clear
                0x00000000080030de       0x12 ./Core/Src/ssd1306.o
                0x00000000080030de                SSD1306_Clear
 .text.ssd1306_I2C_Init
                0x00000000080030f0       0x28 ./Core/Src/ssd1306.o
                0x00000000080030f0                ssd1306_I2C_Init
 .text.ssd1306_I2C_WriteMulti
                0x0000000008003118       0xcc ./Core/Src/ssd1306.o
                0x0000000008003118                ssd1306_I2C_WriteMulti
 .text.ssd1306_I2C_Write
                0x00000000080031e4       0x3c ./Core/Src/ssd1306.o
                0x00000000080031e4                ssd1306_I2C_Write
 .text.HAL_MspInit
                0x0000000008003220       0x64 ./Core/Src/stm32f1xx_hal_msp.o
                0x0000000008003220                HAL_MspInit
 .text.HAL_I2C_MspInit
                0x0000000008003284       0xf8 ./Core/Src/stm32f1xx_hal_msp.o
                0x0000000008003284                HAL_I2C_MspInit
 .text.HAL_RTC_MspInit
                0x000000000800337c       0x48 ./Core/Src/stm32f1xx_hal_msp.o
                0x000000000800337c                HAL_RTC_MspInit
 .text.HAL_SPI_MspInit
                0x00000000080033c4       0x98 ./Core/Src/stm32f1xx_hal_msp.o
                0x00000000080033c4                HAL_SPI_MspInit
 .text.HAL_UART_MspInit
                0x000000000800345c       0xa4 ./Core/Src/stm32f1xx_hal_msp.o
                0x000000000800345c                HAL_UART_MspInit
 .text.NMI_Handler
                0x0000000008003500        0x6 ./Core/Src/stm32f1xx_it.o
                0x0000000008003500                NMI_Handler
 .text.HardFault_Handler
                0x0000000008003506        0x6 ./Core/Src/stm32f1xx_it.o
                0x0000000008003506                HardFault_Handler
 .text.MemManage_Handler
                0x000000000800350c        0x6 ./Core/Src/stm32f1xx_it.o
                0x000000000800350c                MemManage_Handler
 .text.BusFault_Handler
                0x0000000008003512        0x6 ./Core/Src/stm32f1xx_it.o
                0x0000000008003512                BusFault_Handler
 .text.UsageFault_Handler
                0x0000000008003518        0x6 ./Core/Src/stm32f1xx_it.o
                0x0000000008003518                UsageFault_Handler
 .text.SVC_Handler
                0x000000000800351e        0xc ./Core/Src/stm32f1xx_it.o
                0x000000000800351e                SVC_Handler
 .text.DebugMon_Handler
                0x000000000800352a        0xc ./Core/Src/stm32f1xx_it.o
                0x000000000800352a                DebugMon_Handler
 .text.PendSV_Handler
                0x0000000008003536        0xc ./Core/Src/stm32f1xx_it.o
                0x0000000008003536                PendSV_Handler
 .text.SysTick_Handler
                0x0000000008003542        0xc ./Core/Src/stm32f1xx_it.o
                0x0000000008003542                SysTick_Handler
 *fill*         0x000000000800354e        0x2 
 .text.I2C1_EV_IRQHandler
                0x0000000008003550       0x14 ./Core/Src/stm32f1xx_it.o
                0x0000000008003550                I2C1_EV_IRQHandler
 .text.I2C2_EV_IRQHandler
                0x0000000008003564       0x14 ./Core/Src/stm32f1xx_it.o
                0x0000000008003564                I2C2_EV_IRQHandler
 .text.USART2_IRQHandler
                0x0000000008003578       0x14 ./Core/Src/stm32f1xx_it.o
                0x0000000008003578                USART2_IRQHandler
 .text.EXTI15_10_IRQHandler
                0x000000000800358c       0x10 ./Core/Src/stm32f1xx_it.o
                0x000000000800358c                EXTI15_10_IRQHandler
 .text._sbrk    0x000000000800359c       0x6c ./Core/Src/sysmem.o
                0x000000000800359c                _sbrk
 .text.SystemInit
                0x0000000008003608        0xc ./Core/Src/system_stm32f1xx.o
                0x0000000008003608                SystemInit
 .text.Reset_Handler
                0x0000000008003614       0x48 ./Core/Startup/startup_stm32f103c8tx.o
                0x0000000008003614                Reset_Handler
 .text.Default_Handler
                0x000000000800365c        0x2 ./Core/Startup/startup_stm32f103c8tx.o
                0x000000000800365c                RTC_Alarm_IRQHandler
                0x000000000800365c                EXTI2_IRQHandler
                0x000000000800365c                TIM1_CC_IRQHandler
                0x000000000800365c                PVD_IRQHandler
                0x000000000800365c                EXTI3_IRQHandler
                0x000000000800365c                EXTI0_IRQHandler
                0x000000000800365c                ADC1_2_IRQHandler
                0x000000000800365c                SPI1_IRQHandler
                0x000000000800365c                TAMPER_IRQHandler
                0x000000000800365c                DMA1_Channel4_IRQHandler
                0x000000000800365c                USART3_IRQHandler
                0x000000000800365c                RTC_IRQHandler
                0x000000000800365c                DMA1_Channel7_IRQHandler
                0x000000000800365c                CAN1_RX1_IRQHandler
                0x000000000800365c                TIM4_IRQHandler
                0x000000000800365c                DMA1_Channel6_IRQHandler
                0x000000000800365c                TIM3_IRQHandler
                0x000000000800365c                RCC_IRQHandler
                0x000000000800365c                TIM1_TRG_COM_IRQHandler
                0x000000000800365c                DMA1_Channel1_IRQHandler
                0x000000000800365c                Default_Handler
                0x000000000800365c                EXTI9_5_IRQHandler
                0x000000000800365c                SPI2_IRQHandler
                0x000000000800365c                DMA1_Channel5_IRQHandler
                0x000000000800365c                EXTI4_IRQHandler
                0x000000000800365c                USB_LP_CAN1_RX0_IRQHandler
                0x000000000800365c                USB_HP_CAN1_TX_IRQHandler
                0x000000000800365c                DMA1_Channel3_IRQHandler
                0x000000000800365c                TIM1_UP_IRQHandler
                0x000000000800365c                WWDG_IRQHandler
                0x000000000800365c                TIM2_IRQHandler
                0x000000000800365c                TIM1_BRK_IRQHandler
                0x000000000800365c                EXTI1_IRQHandler
                0x000000000800365c                I2C2_ER_IRQHandler
                0x000000000800365c                DMA1_Channel2_IRQHandler
                0x000000000800365c                CAN1_SCE_IRQHandler
                0x000000000800365c                FLASH_IRQHandler
                0x000000000800365c                USART1_IRQHandler
                0x000000000800365c                I2C1_ER_IRQHandler
                0x000000000800365c                USBWakeUp_IRQHandler
 *fill*         0x000000000800365e        0x2 
 .text.HAL_Init
                0x0000000008003660       0x2c ./Drivers/STM32F1xx_HAL_Driver/Src/stm32f1xx_hal.o
                0x0000000008003660                HAL_Init
 .text.HAL_InitTick
                0x000000000800368c       0x60 ./Drivers/STM32F1xx_HAL_Driver/Src/stm32f1xx_hal.o
                0x000000000800368c                HAL_InitTick
 .text.HAL_GetTick
                0x00000000080036ec       0x14 ./Drivers/STM32F1xx_HAL_Driver/Src/stm32f1xx_hal.o
                0x00000000080036ec                HAL_GetTick
 .text.HAL_Delay
                0x0000000008003700       0x48 ./Drivers/STM32F1xx_HAL_Driver/Src/stm32f1xx_hal.o
                0x0000000008003700                HAL_Delay
 .text.__NVIC_SetPriorityGrouping
                0x0000000008003748       0x48 ./Drivers/STM32F1xx_HAL_Driver/Src/stm32f1xx_hal_cortex.o
 .text.__NVIC_GetPriorityGrouping
                0x0000000008003790       0x1c ./Drivers/STM32F1xx_HAL_Driver/Src/stm32f1xx_hal_cortex.o
 .text.__NVIC_EnableIRQ
                0x00000000080037ac       0x38 ./Drivers/STM32F1xx_HAL_Driver/Src/stm32f1xx_hal_cortex.o
 .text.__NVIC_SetPriority
                0x00000000080037e4       0x54 ./Drivers/STM32F1xx_HAL_Driver/Src/stm32f1xx_hal_cortex.o
 .text.NVIC_EncodePriority
                0x0000000008003838       0x64 ./Drivers/STM32F1xx_HAL_Driver/Src/stm32f1xx_hal_cortex.o
 .text.SysTick_Config
                0x000000000800389c       0x44 ./Drivers/STM32F1xx_HAL_Driver/Src/stm32f1xx_hal_cortex.o
 .text.HAL_NVIC_SetPriorityGrouping
                0x00000000080038e0       0x16 ./Drivers/STM32F1xx_HAL_Driver/Src/stm32f1xx_hal_cortex.o
                0x00000000080038e0                HAL_NVIC_SetPriorityGrouping
 .text.HAL_NVIC_SetPriority
                0x00000000080038f6       0x38 ./Drivers/STM32F1xx_HAL_Driver/Src/stm32f1xx_hal_cortex.o
                0x00000000080038f6                HAL_NVIC_SetPriority
 .text.HAL_NVIC_EnableIRQ
                0x000000000800392e       0x1c ./Drivers/STM32F1xx_HAL_Driver/Src/stm32f1xx_hal_cortex.o
                0x000000000800392e                HAL_NVIC_EnableIRQ
 .text.HAL_SYSTICK_Config
                0x000000000800394a       0x18 ./Drivers/STM32F1xx_HAL_Driver/Src/stm32f1xx_hal_cortex.o
                0x000000000800394a                HAL_SYSTICK_Config
 .text.HAL_DMA_Abort
                0x0000000008003962       0x74 ./Drivers/STM32F1xx_HAL_Driver/Src/stm32f1xx_hal_dma.o
                0x0000000008003962                HAL_DMA_Abort
 *fill*         0x00000000080039d6        0x2 
 .text.HAL_DMA_Abort_IT
                0x00000000080039d8       0xec ./Drivers/STM32F1xx_HAL_Driver/Src/stm32f1xx_hal_dma.o
                0x00000000080039d8                HAL_DMA_Abort_IT
 .text.HAL_DMA_GetState
                0x0000000008003ac4       0x18 ./Drivers/STM32F1xx_HAL_Driver/Src/stm32f1xx_hal_dma.o
                0x0000000008003ac4                HAL_DMA_GetState
 .text.HAL_GPIO_Init
                0x0000000008003adc      0x308 ./Drivers/STM32F1xx_HAL_Driver/Src/stm32f1xx_hal_gpio.o
                0x0000000008003adc                HAL_GPIO_Init
 .text.HAL_GPIO_WritePin
                0x0000000008003de4       0x30 ./Drivers/STM32F1xx_HAL_Driver/Src/stm32f1xx_hal_gpio.o
                0x0000000008003de4                HAL_GPIO_WritePin
 .text.HAL_GPIO_EXTI_IRQHandler
                0x0000000008003e14       0x30 ./Drivers/STM32F1xx_HAL_Driver/Src/stm32f1xx_hal_gpio.o
                0x0000000008003e14                HAL_GPIO_EXTI_IRQHandler
 .text.HAL_I2C_Init
                0x0000000008003e44      0x288 ./Drivers/STM32F1xx_HAL_Driver/Src/stm32f1xx_hal_i2c.o
                0x0000000008003e44                HAL_I2C_Init
 .text.HAL_I2C_Master_Transmit
                0x00000000080040cc      0x1fc ./Drivers/STM32F1xx_HAL_Driver/Src/stm32f1xx_hal_i2c.o
                0x00000000080040cc                HAL_I2C_Master_Transmit
 .text.HAL_I2C_Master_Receive
                0x00000000080042c8      0x4c0 ./Drivers/STM32F1xx_HAL_Driver/Src/stm32f1xx_hal_i2c.o
                0x00000000080042c8                HAL_I2C_Master_Receive
 .text.HAL_I2C_IsDeviceReady
                0x0000000008004788      0x25c ./Drivers/STM32F1xx_HAL_Driver/Src/stm32f1xx_hal_i2c.o
                0x0000000008004788                HAL_I2C_IsDeviceReady
 .text.HAL_I2C_EV_IRQHandler
                0x00000000080049e4      0x2e2 ./Drivers/STM32F1xx_HAL_Driver/Src/stm32f1xx_hal_i2c.o
                0x00000000080049e4                HAL_I2C_EV_IRQHandler
 .text.HAL_I2C_MasterTxCpltCallback
                0x0000000008004cc6       0x12 ./Drivers/STM32F1xx_HAL_Driver/Src/stm32f1xx_hal_i2c.o
                0x0000000008004cc6                HAL_I2C_MasterTxCpltCallback
 .text.HAL_I2C_MasterRxCpltCallback
                0x0000000008004cd8       0x12 ./Drivers/STM32F1xx_HAL_Driver/Src/stm32f1xx_hal_i2c.o
                0x0000000008004cd8                HAL_I2C_MasterRxCpltCallback
 .text.HAL_I2C_SlaveTxCpltCallback
                0x0000000008004cea       0x12 ./Drivers/STM32F1xx_HAL_Driver/Src/stm32f1xx_hal_i2c.o
                0x0000000008004cea                HAL_I2C_SlaveTxCpltCallback
 .text.HAL_I2C_SlaveRxCpltCallback
                0x0000000008004cfc       0x12 ./Drivers/STM32F1xx_HAL_Driver/Src/stm32f1xx_hal_i2c.o
                0x0000000008004cfc                HAL_I2C_SlaveRxCpltCallback
 .text.HAL_I2C_AddrCallback
                0x0000000008004d0e       0x1a ./Drivers/STM32F1xx_HAL_Driver/Src/stm32f1xx_hal_i2c.o
                0x0000000008004d0e                HAL_I2C_AddrCallback
 .text.HAL_I2C_ListenCpltCallback
                0x0000000008004d28       0x12 ./Drivers/STM32F1xx_HAL_Driver/Src/stm32f1xx_hal_i2c.o
                0x0000000008004d28                HAL_I2C_ListenCpltCallback
 .text.HAL_I2C_MemTxCpltCallback
                0x0000000008004d3a       0x12 ./Drivers/STM32F1xx_HAL_Driver/Src/stm32f1xx_hal_i2c.o
                0x0000000008004d3a                HAL_I2C_MemTxCpltCallback
 .text.HAL_I2C_MemRxCpltCallback
                0x0000000008004d4c       0x12 ./Drivers/STM32F1xx_HAL_Driver/Src/stm32f1xx_hal_i2c.o
                0x0000000008004d4c                HAL_I2C_MemRxCpltCallback
 .text.HAL_I2C_ErrorCallback
                0x0000000008004d5e       0x12 ./Drivers/STM32F1xx_HAL_Driver/Src/stm32f1xx_hal_i2c.o
                0x0000000008004d5e                HAL_I2C_ErrorCallback
 .text.HAL_I2C_AbortCpltCallback
                0x0000000008004d70       0x12 ./Drivers/STM32F1xx_HAL_Driver/Src/stm32f1xx_hal_i2c.o
                0x0000000008004d70                HAL_I2C_AbortCpltCallback
 .text.I2C_MasterTransmit_TXE
                0x0000000008004d82      0x138 ./Drivers/STM32F1xx_HAL_Driver/Src/stm32f1xx_hal_i2c.o
 .text.I2C_MasterTransmit_BTF
                0x0000000008004eba       0xec ./Drivers/STM32F1xx_HAL_Driver/Src/stm32f1xx_hal_i2c.o
 .text.I2C_MemoryTransmit_TXE_BTF
                0x0000000008004fa6      0x128 ./Drivers/STM32F1xx_HAL_Driver/Src/stm32f1xx_hal_i2c.o
 .text.I2C_MasterReceive_RXNE
                0x00000000080050ce      0x162 ./Drivers/STM32F1xx_HAL_Driver/Src/stm32f1xx_hal_i2c.o
 .text.I2C_MasterReceive_BTF
                0x0000000008005230      0x1d4 ./Drivers/STM32F1xx_HAL_Driver/Src/stm32f1xx_hal_i2c.o
 .text.I2C_Master_SB
                0x0000000008005404      0x10a ./Drivers/STM32F1xx_HAL_Driver/Src/stm32f1xx_hal_i2c.o
 .text.I2C_Master_ADD10
                0x000000000800550e       0x52 ./Drivers/STM32F1xx_HAL_Driver/Src/stm32f1xx_hal_i2c.o
 .text.I2C_Master_ADDR
                0x0000000008005560      0x336 ./Drivers/STM32F1xx_HAL_Driver/Src/stm32f1xx_hal_i2c.o
 .text.I2C_SlaveTransmit_TXE
                0x0000000008005896       0x7a ./Drivers/STM32F1xx_HAL_Driver/Src/stm32f1xx_hal_i2c.o
 .text.I2C_SlaveTransmit_BTF
                0x0000000008005910       0x40 ./Drivers/STM32F1xx_HAL_Driver/Src/stm32f1xx_hal_i2c.o
 .text.I2C_SlaveReceive_RXNE
                0x0000000008005950       0x7c ./Drivers/STM32F1xx_HAL_Driver/Src/stm32f1xx_hal_i2c.o
 .text.I2C_SlaveReceive_BTF
                0x00000000080059cc       0x42 ./Drivers/STM32F1xx_HAL_Driver/Src/stm32f1xx_hal_i2c.o
 .text.I2C_Slave_ADDR
                0x0000000008005a0e       0x94 ./Drivers/STM32F1xx_HAL_Driver/Src/stm32f1xx_hal_i2c.o
 *fill*         0x0000000008005aa2        0x2 
 .text.I2C_Slave_STOPF
                0x0000000008005aa4      0x260 ./Drivers/STM32F1xx_HAL_Driver/Src/stm32f1xx_hal_i2c.o
 .text.I2C_ITError
                0x0000000008005d04      0x264 ./Drivers/STM32F1xx_HAL_Driver/Src/stm32f1xx_hal_i2c.o
 .text.I2C_MasterRequestWrite
                0x0000000008005f68      0x104 ./Drivers/STM32F1xx_HAL_Driver/Src/stm32f1xx_hal_i2c.o
 .text.I2C_MasterRequestRead
                0x000000000800606c      0x19c ./Drivers/STM32F1xx_HAL_Driver/Src/stm32f1xx_hal_i2c.o
 .text.I2C_DMAAbort
                0x0000000008006208      0x150 ./Drivers/STM32F1xx_HAL_Driver/Src/stm32f1xx_hal_i2c.o
 .text.I2C_WaitOnFlagUntilTimeout
                0x0000000008006358       0xae ./Drivers/STM32F1xx_HAL_Driver/Src/stm32f1xx_hal_i2c.o
 .text.I2C_WaitOnMasterAddressFlagUntilTimeout
                0x0000000008006406       0xfe ./Drivers/STM32F1xx_HAL_Driver/Src/stm32f1xx_hal_i2c.o
 .text.I2C_WaitOnTXEFlagUntilTimeout
                0x0000000008006504       0x82 ./Drivers/STM32F1xx_HAL_Driver/Src/stm32f1xx_hal_i2c.o
 .text.I2C_WaitOnBTFFlagUntilTimeout
                0x0000000008006586       0x82 ./Drivers/STM32F1xx_HAL_Driver/Src/stm32f1xx_hal_i2c.o
 .text.I2C_WaitOnSTOPRequestThroughIT
                0x0000000008006608       0x64 ./Drivers/STM32F1xx_HAL_Driver/Src/stm32f1xx_hal_i2c.o
 .text.I2C_WaitOnRXNEFlagUntilTimeout
                0x000000000800666c       0xac ./Drivers/STM32F1xx_HAL_Driver/Src/stm32f1xx_hal_i2c.o
 .text.I2C_IsAcknowledgeFailed
                0x0000000008006718       0x5c ./Drivers/STM32F1xx_HAL_Driver/Src/stm32f1xx_hal_i2c.o
 .text.I2C_ConvertOtherXferOptions
                0x0000000008006774       0x34 ./Drivers/STM32F1xx_HAL_Driver/Src/stm32f1xx_hal_i2c.o
 .text.HAL_PWR_EnableBkUpAccess
                0x00000000080067a8       0x18 ./Drivers/STM32F1xx_HAL_Driver/Src/stm32f1xx_hal_pwr.o
                0x00000000080067a8                HAL_PWR_EnableBkUpAccess
 .text.HAL_RCC_OscConfig
                0x00000000080067c0      0x504 ./Drivers/STM32F1xx_HAL_Driver/Src/stm32f1xx_hal_rcc.o
                0x00000000080067c0                HAL_RCC_OscConfig
 .text.HAL_RCC_ClockConfig
                0x0000000008006cc4      0x1d4 ./Drivers/STM32F1xx_HAL_Driver/Src/stm32f1xx_hal_rcc.o
                0x0000000008006cc4                HAL_RCC_ClockConfig
 .text.HAL_RCC_GetSysClockFreq
                0x0000000008006e98       0xbc ./Drivers/STM32F1xx_HAL_Driver/Src/stm32f1xx_hal_rcc.o
                0x0000000008006e98                HAL_RCC_GetSysClockFreq
 .text.HAL_RCC_GetHCLKFreq
                0x0000000008006f54       0x14 ./Drivers/STM32F1xx_HAL_Driver/Src/stm32f1xx_hal_rcc.o
                0x0000000008006f54                HAL_RCC_GetHCLKFreq
 .text.HAL_RCC_GetPCLK1Freq
                0x0000000008006f68       0x28 ./Drivers/STM32F1xx_HAL_Driver/Src/stm32f1xx_hal_rcc.o
                0x0000000008006f68                HAL_RCC_GetPCLK1Freq
 .text.HAL_RCC_GetPCLK2Freq
                0x0000000008006f90       0x28 ./Drivers/STM32F1xx_HAL_Driver/Src/stm32f1xx_hal_rcc.o
                0x0000000008006f90                HAL_RCC_GetPCLK2Freq
 .text.RCC_Delay
                0x0000000008006fb8       0x3c ./Drivers/STM32F1xx_HAL_Driver/Src/stm32f1xx_hal_rcc.o
 .text.HAL_RCCEx_PeriphCLKConfig
                0x0000000008006ff4      0x16c ./Drivers/STM32F1xx_HAL_Driver/Src/stm32f1xx_hal_rcc_ex.o
                0x0000000008006ff4                HAL_RCCEx_PeriphCLKConfig
 .text.HAL_RCCEx_GetPeriphCLKFreq
                0x0000000008007160      0x180 ./Drivers/STM32F1xx_HAL_Driver/Src/stm32f1xx_hal_rcc_ex.o
                0x0000000008007160                HAL_RCCEx_GetPeriphCLKFreq
 .text.HAL_RTC_Init
                0x00000000080072e0      0x12c ./Drivers/STM32F1xx_HAL_Driver/Src/stm32f1xx_hal_rtc.o
                0x00000000080072e0                HAL_RTC_Init
 .text.HAL_RTC_SetTime
                0x000000000800740c      0x12e ./Drivers/STM32F1xx_HAL_Driver/Src/stm32f1xx_hal_rtc.o
                0x000000000800740c                HAL_RTC_SetTime
 *fill*         0x000000000800753a        0x2 
 .text.HAL_RTC_GetTime
                0x000000000800753c      0x1b0 ./Drivers/STM32F1xx_HAL_Driver/Src/stm32f1xx_hal_rtc.o
                0x000000000800753c                HAL_RTC_GetTime
 .text.HAL_RTC_SetDate
                0x00000000080076ec      0x16c ./Drivers/STM32F1xx_HAL_Driver/Src/stm32f1xx_hal_rtc.o
                0x00000000080076ec                HAL_RTC_SetDate
 .text.HAL_RTC_GetDate
                0x0000000008007858       0xa8 ./Drivers/STM32F1xx_HAL_Driver/Src/stm32f1xx_hal_rtc.o
                0x0000000008007858                HAL_RTC_GetDate
 .text.HAL_RTC_WaitForSynchro
                0x0000000008007900       0x5a ./Drivers/STM32F1xx_HAL_Driver/Src/stm32f1xx_hal_rtc.o
                0x0000000008007900                HAL_RTC_WaitForSynchro
 .text.RTC_ReadTimeCounter
                0x000000000800795a       0x60 ./Drivers/STM32F1xx_HAL_Driver/Src/stm32f1xx_hal_rtc.o
 .text.RTC_WriteTimeCounter
                0x00000000080079ba       0x4e ./Drivers/STM32F1xx_HAL_Driver/Src/stm32f1xx_hal_rtc.o
 .text.RTC_ReadAlarmCounter
                0x0000000008007a08       0x32 ./Drivers/STM32F1xx_HAL_Driver/Src/stm32f1xx_hal_rtc.o
 .text.RTC_WriteAlarmCounter
                0x0000000008007a3a       0x4e ./Drivers/STM32F1xx_HAL_Driver/Src/stm32f1xx_hal_rtc.o
 .text.RTC_EnterInitMode
                0x0000000008007a88       0x50 ./Drivers/STM32F1xx_HAL_Driver/Src/stm32f1xx_hal_rtc.o
 .text.RTC_ExitInitMode
                0x0000000008007ad8       0x50 ./Drivers/STM32F1xx_HAL_Driver/Src/stm32f1xx_hal_rtc.o
 .text.RTC_ByteToBcd2
                0x0000000008007b28       0x3a ./Drivers/STM32F1xx_HAL_Driver/Src/stm32f1xx_hal_rtc.o
 .text.RTC_Bcd2ToByte
                0x0000000008007b62       0x3a ./Drivers/STM32F1xx_HAL_Driver/Src/stm32f1xx_hal_rtc.o
 .text.RTC_DateUpdate
                0x0000000008007b9c      0x152 ./Drivers/STM32F1xx_HAL_Driver/Src/stm32f1xx_hal_rtc.o
 *fill*         0x0000000008007cee        0x2 
 .text.RTC_IsLeapYear
                0x0000000008007cf0       0x64 ./Drivers/STM32F1xx_HAL_Driver/Src/stm32f1xx_hal_rtc.o
 .text.RTC_WeekDayNum
                0x0000000008007d54       0xf0 ./Drivers/STM32F1xx_HAL_Driver/Src/stm32f1xx_hal_rtc.o
 .text.HAL_SPI_Init
                0x0000000008007e44      0x108 ./Drivers/STM32F1xx_HAL_Driver/Src/stm32f1xx_hal_spi.o
                0x0000000008007e44                HAL_SPI_Init
 .text.HAL_SPI_Transmit
                0x0000000008007f4c      0x278 ./Drivers/STM32F1xx_HAL_Driver/Src/stm32f1xx_hal_spi.o
                0x0000000008007f4c                HAL_SPI_Transmit
 .text.HAL_SPI_Receive
                0x00000000080081c4      0x222 ./Drivers/STM32F1xx_HAL_Driver/Src/stm32f1xx_hal_spi.o
                0x00000000080081c4                HAL_SPI_Receive
 .text.HAL_SPI_TransmitReceive
                0x00000000080083e6      0x344 ./Drivers/STM32F1xx_HAL_Driver/Src/stm32f1xx_hal_spi.o
                0x00000000080083e6                HAL_SPI_TransmitReceive
 *fill*         0x000000000800872a        0x2 
 .text.SPI_WaitFlagStateUntilTimeout
                0x000000000800872c      0x110 ./Drivers/STM32F1xx_HAL_Driver/Src/stm32f1xx_hal_spi.o
 .text.SPI_EndRxTransaction
                0x000000000800883c       0xa4 ./Drivers/STM32F1xx_HAL_Driver/Src/stm32f1xx_hal_spi.o
 .text.SPI_EndRxTxTransaction
                0x00000000080088e0       0x3c ./Drivers/STM32F1xx_HAL_Driver/Src/stm32f1xx_hal_spi.o
 .text.HAL_UART_Init
                0x000000000800891c       0x9a ./Drivers/STM32F1xx_HAL_Driver/Src/stm32f1xx_hal_uart.o
                0x000000000800891c                HAL_UART_Init
 .text.HAL_UART_Transmit
                0x00000000080089b6      0x124 ./Drivers/STM32F1xx_HAL_Driver/Src/stm32f1xx_hal_uart.o
                0x00000000080089b6                HAL_UART_Transmit
 .text.HAL_UART_Receive
                0x0000000008008ada      0x144 ./Drivers/STM32F1xx_HAL_Driver/Src/stm32f1xx_hal_uart.o
                0x0000000008008ada                HAL_UART_Receive
 .text.HAL_UART_Receive_IT
                0x0000000008008c1e       0x60 ./Drivers/STM32F1xx_HAL_Driver/Src/stm32f1xx_hal_uart.o
                0x0000000008008c1e                HAL_UART_Receive_IT
 *fill*         0x0000000008008c7e        0x2 
 .text.HAL_UART_IRQHandler
                0x0000000008008c80      0x354 ./Drivers/STM32F1xx_HAL_Driver/Src/stm32f1xx_hal_uart.o
                0x0000000008008c80                HAL_UART_IRQHandler
 .text.HAL_UART_TxCpltCallback
                0x0000000008008fd4       0x12 ./Drivers/STM32F1xx_HAL_Driver/Src/stm32f1xx_hal_uart.o
                0x0000000008008fd4                HAL_UART_TxCpltCallback
 .text.HAL_UART_ErrorCallback
                0x0000000008008fe6       0x12 ./Drivers/STM32F1xx_HAL_Driver/Src/stm32f1xx_hal_uart.o
                0x0000000008008fe6                HAL_UART_ErrorCallback
 .text.HAL_UARTEx_RxEventCallback
                0x0000000008008ff8       0x16 ./Drivers/STM32F1xx_HAL_Driver/Src/stm32f1xx_hal_uart.o
                0x0000000008008ff8                HAL_UARTEx_RxEventCallback
 .text.UART_WaitOnFlagUntilTimeout
                0x000000000800900e       0x94 ./Drivers/STM32F1xx_HAL_Driver/Src/stm32f1xx_hal_uart.o
 .text.UART_Start_Receive_IT
                0x00000000080090a2       0x72 ./Drivers/STM32F1xx_HAL_Driver/Src/stm32f1xx_hal_uart.o
                0x00000000080090a2                UART_Start_Receive_IT
 .text.UART_EndRxTransfer
                0x0000000008009114       0x58 ./Drivers/STM32F1xx_HAL_Driver/Src/stm32f1xx_hal_uart.o
 .text.UART_DMAAbortOnError
                0x000000000800916c       0x28 ./Drivers/STM32F1xx_HAL_Driver/Src/stm32f1xx_hal_uart.o
 .text.UART_Transmit_IT
                0x0000000008009194       0x9e ./Drivers/STM32F1xx_HAL_Driver/Src/stm32f1xx_hal_uart.o
 .text.UART_EndTransmit_IT
                0x0000000008009232       0x30 ./Drivers/STM32F1xx_HAL_Driver/Src/stm32f1xx_hal_uart.o
 .text.UART_Receive_IT
                0x0000000008009262      0x152 ./Drivers/STM32F1xx_HAL_Driver/Src/stm32f1xx_hal_uart.o
 .text.UART_SetConfig
                0x00000000080093b4      0x11c ./Drivers/STM32F1xx_HAL_Driver/Src/stm32f1xx_hal_uart.o
 .text.MX_FATFS_Init
                0x00000000080094d0       0x24 ./FATFS/App/fatfs.o
                0x00000000080094d0                MX_FATFS_Init
 .text.get_fattime
                0x00000000080094f4      0x120 ./FATFS/App/fatfs.o
                0x00000000080094f4                get_fattime
 .text.USER_initialize
                0x0000000008009614       0x44 ./FATFS/Target/user_diskio.o
                0x0000000008009614                USER_initialize
 .text.USER_status
                0x0000000008009658       0x16 ./FATFS/Target/user_diskio.o
                0x0000000008009658                USER_status
 *fill*         0x000000000800966e        0x2 
 .text.USER_read
                0x0000000008009670       0x54 ./FATFS/Target/user_diskio.o
                0x0000000008009670                USER_read
 .text.USER_write
                0x00000000080096c4       0x3c ./FATFS/Target/user_diskio.o
                0x00000000080096c4                USER_write
 .text.USER_ioctl
                0x0000000008009700       0x20 ./FATFS/Target/user_diskio.o
                0x0000000008009700                USER_ioctl
 .text.disk_status
                0x0000000008009720       0x34 ./Middlewares/Third_Party/FatFs/src/diskio.o
                0x0000000008009720                disk_status
 .text.disk_initialize
                0x0000000008009754       0x4c ./Middlewares/Third_Party/FatFs/src/diskio.o
                0x0000000008009754                disk_initialize
 .text.disk_read
                0x00000000080097a0       0x40 ./Middlewares/Third_Party/FatFs/src/diskio.o
                0x00000000080097a0                disk_read
 .text.disk_write
                0x00000000080097e0       0x40 ./Middlewares/Third_Party/FatFs/src/diskio.o
                0x00000000080097e0                disk_write
 .text.disk_ioctl
                0x0000000008009820       0x3c ./Middlewares/Third_Party/FatFs/src/diskio.o
                0x0000000008009820                disk_ioctl
 .text.mem_cpy  0x000000000800985c       0x3c ./Middlewares/Third_Party/FatFs/src/ff.o
 .text.mem_set  0x0000000008009898       0x34 ./Middlewares/Third_Party/FatFs/src/ff.o
 .text.mem_cmp  0x00000000080098cc       0x4c ./Middlewares/Third_Party/FatFs/src/ff.o
 .text.chk_chr  0x0000000008009918       0x34 ./Middlewares/Third_Party/FatFs/src/ff.o
 .text.chk_lock
                0x000000000800994c       0xd8 ./Middlewares/Third_Party/FatFs/src/ff.o
 .text.enq_lock
                0x0000000008009a24       0x48 ./Middlewares/Third_Party/FatFs/src/ff.o
 .text.inc_lock
                0x0000000008009a6c      0x16c ./Middlewares/Third_Party/FatFs/src/ff.o
 .text.dec_lock
                0x0000000008009bd8       0x88 ./Middlewares/Third_Party/FatFs/src/ff.o
 .text.clear_lock
                0x0000000008009c60       0x54 ./Middlewares/Third_Party/FatFs/src/ff.o
 .text.sync_window
                0x0000000008009cb4       0x92 ./Middlewares/Third_Party/FatFs/src/ff.o
 .text.move_window
                0x0000000008009d46       0x5c ./Middlewares/Third_Party/FatFs/src/ff.o
 .text.sync_fs  0x0000000008009da2      0x15a ./Middlewares/Third_Party/FatFs/src/ff.o
 .text.clust2sect
                0x0000000008009efc       0x42 ./Middlewares/Third_Party/FatFs/src/ff.o
                0x0000000008009efc                clust2sect
 .text.get_fat  0x0000000008009f3e      0x174 ./Middlewares/Third_Party/FatFs/src/ff.o
                0x0000000008009f3e                get_fat
 .text.put_fat  0x000000000800a0b2      0x21c ./Middlewares/Third_Party/FatFs/src/ff.o
                0x000000000800a0b2                put_fat
 .text.remove_chain
                0x000000000800a2ce       0xb4 ./Middlewares/Third_Party/FatFs/src/ff.o
 .text.create_chain
                0x000000000800a382      0x13a ./Middlewares/Third_Party/FatFs/src/ff.o
 .text.clmt_clust
                0x000000000800a4bc       0x68 ./Middlewares/Third_Party/FatFs/src/ff.o
 .text.dir_sdi  0x000000000800a524      0x128 ./Middlewares/Third_Party/FatFs/src/ff.o
 .text.dir_next
                0x000000000800a64c      0x1ee ./Middlewares/Third_Party/FatFs/src/ff.o
 .text.dir_alloc
                0x000000000800a83a       0x94 ./Middlewares/Third_Party/FatFs/src/ff.o
 .text.ld_clust
                0x000000000800a8ce       0x5a ./Middlewares/Third_Party/FatFs/src/ff.o
 .text.st_clust
                0x000000000800a928       0x4c ./Middlewares/Third_Party/FatFs/src/ff.o
 .text.dir_find
                0x000000000800a974       0x9e ./Middlewares/Third_Party/FatFs/src/ff.o
 .text.dir_register
                0x000000000800aa12       0x72 ./Middlewares/Third_Party/FatFs/src/ff.o
 .text.create_name
                0x000000000800aa84      0x180 ./Middlewares/Third_Party/FatFs/src/ff.o
 .text.follow_path
                0x000000000800ac04       0xdc ./Middlewares/Third_Party/FatFs/src/ff.o
 .text.get_ldnumber
                0x000000000800ace0       0x86 ./Middlewares/Third_Party/FatFs/src/ff.o
 *fill*         0x000000000800ad66        0x2 
 .text.check_fs
                0x000000000800ad68       0xd4 ./Middlewares/Third_Party/FatFs/src/ff.o
 .text.find_volume
                0x000000000800ae3c      0x590 ./Middlewares/Third_Party/FatFs/src/ff.o
 .text.validate
                0x000000000800b3cc       0x66 ./Middlewares/Third_Party/FatFs/src/ff.o
 *fill*         0x000000000800b432        0x2 
 .text.f_mount  0x000000000800b434       0x90 ./Middlewares/Third_Party/FatFs/src/ff.o
                0x000000000800b434                f_mount
 .text.f_open   0x000000000800b4c4      0x4f2 ./Middlewares/Third_Party/FatFs/src/ff.o
                0x000000000800b4c4                f_open
 .text.f_write  0x000000000800b9b6      0x35a ./Middlewares/Third_Party/FatFs/src/ff.o
                0x000000000800b9b6                f_write
 .text.f_sync   0x000000000800bd10      0x174 ./Middlewares/Third_Party/FatFs/src/ff.o
                0x000000000800bd10                f_sync
 .text.f_close  0x000000000800be84       0x50 ./Middlewares/Third_Party/FatFs/src/ff.o
                0x000000000800be84                f_close
 .text.FATFS_LinkDriverEx
                0x000000000800bed4       0x94 ./Middlewares/Third_Party/FatFs/src/ff_gen_drv.o
                0x000000000800bed4                FATFS_LinkDriverEx
 .text.FATFS_LinkDriver
                0x000000000800bf68       0x1e ./Middlewares/Third_Party/FatFs/src/ff_gen_drv.o
                0x000000000800bf68                FATFS_LinkDriver
 *fill*         0x000000000800bf86        0x2 
 .text.__errno  0x000000000800bf88        0xc c:/st/stm32cubeide_1.7.0/stm32cubeide/plugins/com.st.stm32cube.ide.mcu.externaltools.gnu-tools-for-stm32.10.3-2021.10.win32_1.0.0.202111181127/tools/bin/../lib/gcc/arm-none-eabi/10.3.1/../../../../arm-none-eabi/lib/thumb/v7-m/nofp\libc_nano.a(lib_a-errno.o)
                0x000000000800bf88                __errno
 .text.__libc_init_array
                0x000000000800bf94       0x48 c:/st/stm32cubeide_1.7.0/stm32cubeide/plugins/com.st.stm32cube.ide.mcu.externaltools.gnu-tools-for-stm32.10.3-2021.10.win32_1.0.0.202111181127/tools/bin/../lib/gcc/arm-none-eabi/10.3.1/../../../../arm-none-eabi/lib/thumb/v7-m/nofp\libc_nano.a(lib_a-init.o)
                0x000000000800bf94                __libc_init_array
 .text.memset   0x000000000800bfdc       0x10 c:/st/stm32cubeide_1.7.0/stm32cubeide/plugins/com.st.stm32cube.ide.mcu.externaltools.gnu-tools-for-stm32.10.3-2021.10.win32_1.0.0.202111181127/tools/bin/../lib/gcc/arm-none-eabi/10.3.1/../../../../arm-none-eabi/lib/thumb/v7-m/nofp\libc_nano.a(lib_a-memset.o)
                0x000000000800bfdc                memset
 .text.sprintf  0x000000000800bfec       0x40 c:/st/stm32cubeide_1.7.0/stm32cubeide/plugins/com.st.stm32cube.ide.mcu.externaltools.gnu-tools-for-stm32.10.3-2021.10.win32_1.0.0.202111181127/tools/bin/../lib/gcc/arm-none-eabi/10.3.1/../../../../arm-none-eabi/lib/thumb/v7-m/nofp\libc_nano.a(lib_a-sprintf.o)
                0x000000000800bfec                siprintf
                0x000000000800bfec                sprintf
 .text.__ssputs_r
                0x000000000800c02c       0xb6 c:/st/stm32cubeide_1.7.0/stm32cubeide/plugins/com.st.stm32cube.ide.mcu.externaltools.gnu-tools-for-stm32.10.3-2021.10.win32_1.0.0.202111181127/tools/bin/../lib/gcc/arm-none-eabi/10.3.1/../../../../arm-none-eabi/lib/thumb/v7-m/nofp\libc_nano.a(lib_a-nano-svfprintf.o)
                0x000000000800c02c                __ssputs_r
 *fill*         0x000000000800c0e2        0x2 
 .text._svfprintf_r
                0x000000000800c0e4      0x200 c:/st/stm32cubeide_1.7.0/stm32cubeide/plugins/com.st.stm32cube.ide.mcu.externaltools.gnu-tools-for-stm32.10.3-2021.10.win32_1.0.0.202111181127/tools/bin/../lib/gcc/arm-none-eabi/10.3.1/../../../../arm-none-eabi/lib/thumb/v7-m/nofp\libc_nano.a(lib_a-nano-svfprintf.o)
                0x000000000800c0e4                _svfiprintf_r
                0x000000000800c0e4                _svfprintf_r
 .text._printf_common
                0x000000000800c2e4       0xde c:/st/stm32cubeide_1.7.0/stm32cubeide/plugins/com.st.stm32cube.ide.mcu.externaltools.gnu-tools-for-stm32.10.3-2021.10.win32_1.0.0.202111181127/tools/bin/../lib/gcc/arm-none-eabi/10.3.1/../../../../arm-none-eabi/lib/thumb/v7-m/nofp\libc_nano.a(lib_a-nano-vfprintf_i.o)
                0x000000000800c2e4                _printf_common
 *fill*         0x000000000800c3c2        0x2 
 .text._printf_i
                0x000000000800c3c4      0x24c c:/st/stm32cubeide_1.7.0/stm32cubeide/plugins/com.st.stm32cube.ide.mcu.externaltools.gnu-tools-for-stm32.10.3-2021.10.win32_1.0.0.202111181127/tools/bin/../lib/gcc/arm-none-eabi/10.3.1/../../../../arm-none-eabi/lib/thumb/v7-m/nofp\libc_nano.a(lib_a-nano-vfprintf_i.o)
                0x000000000800c3c4                _printf_i
 .text.memchr   0x000000000800c610       0x1c c:/st/stm32cubeide_1.7.0/stm32cubeide/plugins/com.st.stm32cube.ide.mcu.externaltools.gnu-tools-for-stm32.10.3-2021.10.win32_1.0.0.202111181127/tools/bin/../lib/gcc/arm-none-eabi/10.3.1/../../../../arm-none-eabi/lib/thumb/v7-m/nofp\libc_nano.a(lib_a-memchr-stub.o)
                0x000000000800c610                memchr
 .text.memcpy   0x000000000800c62c       0x1c c:/st/stm32cubeide_1.7.0/stm32cubeide/plugins/com.st.stm32cube.ide.mcu.externaltools.gnu-tools-for-stm32.10.3-2021.10.win32_1.0.0.202111181127/tools/bin/../lib/gcc/arm-none-eabi/10.3.1/../../../../arm-none-eabi/lib/thumb/v7-m/nofp\libc_nano.a(lib_a-memcpy-stub.o)
                0x000000000800c62c                memcpy
 .text.memmove  0x000000000800c648       0x34 c:/st/stm32cubeide_1.7.0/stm32cubeide/plugins/com.st.stm32cube.ide.mcu.externaltools.gnu-tools-for-stm32.10.3-2021.10.win32_1.0.0.202111181127/tools/bin/../lib/gcc/arm-none-eabi/10.3.1/../../../../arm-none-eabi/lib/thumb/v7-m/nofp\libc_nano.a(lib_a-memmove.o)
                0x000000000800c648                memmove
 .text._free_r  0x000000000800c67c       0x90 c:/st/stm32cubeide_1.7.0/stm32cubeide/plugins/com.st.stm32cube.ide.mcu.externaltools.gnu-tools-for-stm32.10.3-2021.10.win32_1.0.0.202111181127/tools/bin/../lib/gcc/arm-none-eabi/10.3.1/../../../../arm-none-eabi/lib/thumb/v7-m/nofp\libc_nano.a(lib_a-nano-freer.o)
                0x000000000800c67c                _free_r
 .text.sbrk_aligned
                0x000000000800c70c       0x40 c:/st/stm32cubeide_1.7.0/stm32cubeide/plugins/com.st.stm32cube.ide.mcu.externaltools.gnu-tools-for-stm32.10.3-2021.10.win32_1.0.0.202111181127/tools/bin/../lib/gcc/arm-none-eabi/10.3.1/../../../../arm-none-eabi/lib/thumb/v7-m/nofp\libc_nano.a(lib_a-nano-mallocr.o)
 .text._malloc_r
                0x000000000800c74c       0xe8 c:/st/stm32cubeide_1.7.0/stm32cubeide/plugins/com.st.stm32cube.ide.mcu.externaltools.gnu-tools-for-stm32.10.3-2021.10.win32_1.0.0.202111181127/tools/bin/../lib/gcc/arm-none-eabi/10.3.1/../../../../arm-none-eabi/lib/thumb/v7-m/nofp\libc_nano.a(lib_a-nano-mallocr.o)
                0x000000000800c74c                _malloc_r
 .text._realloc_r
                0x000000000800c834       0x5e c:/st/stm32cubeide_1.7.0/stm32cubeide/plugins/com.st.stm32cube.ide.mcu.externaltools.gnu-tools-for-stm32.10.3-2021.10.win32_1.0.0.202111181127/tools/bin/../lib/gcc/arm-none-eabi/10.3.1/../../../../arm-none-eabi/lib/thumb/v7-m/nofp\libc_nano.a(lib_a-nano-reallocr.o)
                0x000000000800c834                _realloc_r
 *fill*         0x000000000800c892        0x2 
 .text._sbrk_r  0x000000000800c894       0x20 c:/st/stm32cubeide_1.7.0/stm32cubeide/plugins/com.st.stm32cube.ide.mcu.externaltools.gnu-tools-for-stm32.10.3-2021.10.win32_1.0.0.202111181127/tools/bin/../lib/gcc/arm-none-eabi/10.3.1/../../../../arm-none-eabi/lib/thumb/v7-m/nofp\libc_nano.a(lib_a-sbrkr.o)
                0x000000000800c894                _sbrk_r
 .text.__malloc_lock
                0x000000000800c8b4        0xc c:/st/stm32cubeide_1.7.0/stm32cubeide/plugins/com.st.stm32cube.ide.mcu.externaltools.gnu-tools-for-stm32.10.3-2021.10.win32_1.0.0.202111181127/tools/bin/../lib/gcc/arm-none-eabi/10.3.1/../../../../arm-none-eabi/lib/thumb/v7-m/nofp\libc_nano.a(lib_a-mlock.o)
                0x000000000800c8b4                __malloc_lock
 .text.__malloc_unlock
                0x000000000800c8c0        0xc c:/st/stm32cubeide_1.7.0/stm32cubeide/plugins/com.st.stm32cube.ide.mcu.externaltools.gnu-tools-for-stm32.10.3-2021.10.win32_1.0.0.202111181127/tools/bin/../lib/gcc/arm-none-eabi/10.3.1/../../../../arm-none-eabi/lib/thumb/v7-m/nofp\libc_nano.a(lib_a-mlock.o)
                0x000000000800c8c0                __malloc_unlock
 .text._malloc_usable_size_r
                0x000000000800c8cc       0x10 c:/st/stm32cubeide_1.7.0/stm32cubeide/plugins/com.st.stm32cube.ide.mcu.externaltools.gnu-tools-for-stm32.10.3-2021.10.win32_1.0.0.202111181127/tools/bin/../lib/gcc/arm-none-eabi/10.3.1/../../../../arm-none-eabi/lib/thumb/v7-m/nofp\libc_nano.a(lib_a-nano-msizer.o)
                0x000000000800c8cc                _malloc_usable_size_r
 .text.__retarget_lock_acquire_recursive
                0x000000000800c8dc        0x2 c:/st/stm32cubeide_1.7.0/stm32cubeide/plugins/com.st.stm32cube.ide.mcu.externaltools.gnu-tools-for-stm32.10.3-2021.10.win32_1.0.0.202111181127/tools/bin/../lib/gcc/arm-none-eabi/10.3.1/../../../../arm-none-eabi/lib/thumb/v7-m/nofp\libc_nano.a(lib_a-lock.o)
                0x000000000800c8dc                __retarget_lock_acquire_recursive
 .text.__retarget_lock_release_recursive
                0x000000000800c8de        0x2 c:/st/stm32cubeide_1.7.0/stm32cubeide/plugins/com.st.stm32cube.ide.mcu.externaltools.gnu-tools-for-stm32.10.3-2021.10.win32_1.0.0.202111181127/tools/bin/../lib/gcc/arm-none-eabi/10.3.1/../../../../arm-none-eabi/lib/thumb/v7-m/nofp\libc_nano.a(lib_a-lock.o)
                0x000000000800c8de                __retarget_lock_release_recursive
 .text.log      0x000000000800c8e0       0x64 c:/st/stm32cubeide_1.7.0/stm32cubeide/plugins/com.st.stm32cube.ide.mcu.externaltools.gnu-tools-for-stm32.10.3-2021.10.win32_1.0.0.202111181127/tools/bin/../lib/gcc/arm-none-eabi/10.3.1/../../../../arm-none-eabi/lib/thumb/v7-m/nofp\libm.a(lib_a-w_log.o)
                0x000000000800c8e0                log
 .text.sqrt     0x000000000800c944       0x48 c:/st/stm32cubeide_1.7.0/stm32cubeide/plugins/com.st.stm32cube.ide.mcu.externaltools.gnu-tools-for-stm32.10.3-2021.10.win32_1.0.0.202111181127/tools/bin/../lib/gcc/arm-none-eabi/10.3.1/../../../../arm-none-eabi/lib/thumb/v7-m/nofp\libm.a(lib_a-w_sqrt.o)
                0x000000000800c944                sqrt
 *fill*         0x000000000800c98c        0x4 
 .text.__ieee754_log
                0x000000000800c990      0x364 c:/st/stm32cubeide_1.7.0/stm32cubeide/plugins/com.st.stm32cube.ide.mcu.externaltools.gnu-tools-for-stm32.10.3-2021.10.win32_1.0.0.202111181127/tools/bin/../lib/gcc/arm-none-eabi/10.3.1/../../../../arm-none-eabi/lib/thumb/v7-m/nofp\libm.a(lib_a-e_log.o)
                0x000000000800c990                __ieee754_log
 .text.__ieee754_sqrt
                0x000000000800ccf4      0x160 c:/st/stm32cubeide_1.7.0/stm32cubeide/plugins/com.st.stm32cube.ide.mcu.externaltools.gnu-tools-for-stm32.10.3-2021.10.win32_1.0.0.202111181127/tools/bin/../lib/gcc/arm-none-eabi/10.3.1/../../../../arm-none-eabi/lib/thumb/v7-m/nofp\libm.a(lib_a-e_sqrt.o)
                0x000000000800ccf4                __ieee754_sqrt
 .text.nan      0x000000000800ce54        0xc c:/st/stm32cubeide_1.7.0/stm32cubeide/plugins/com.st.stm32cube.ide.mcu.externaltools.gnu-tools-for-stm32.10.3-2021.10.win32_1.0.0.202111181127/tools/bin/../lib/gcc/arm-none-eabi/10.3.1/../../../../arm-none-eabi/lib/thumb/v7-m/nofp\libm.a(lib_a-s_nan.o)
                0x000000000800ce54                nan
 *(.glue_7)
 .glue_7        0x000000000800ce60        0x0 linker stubs
 *(.glue_7t)
 .glue_7t       0x000000000800ce60        0x0 linker stubs
 *(.eh_frame)
 .eh_frame      0x000000000800ce60        0x0 c:/st/stm32cubeide_1.7.0/stm32cubeide/plugins/com.st.stm32cube.ide.mcu.externaltools.gnu-tools-for-stm32.10.3-2021.10.win32_1.0.0.202111181127/tools/bin/../lib/gcc/arm-none-eabi/10.3.1/thumb/v7-m/nofp/crtbegin.o
 *(.init)
 .init          0x000000000800ce60        0x4 c:/st/stm32cubeide_1.7.0/stm32cubeide/plugins/com.st.stm32cube.ide.mcu.externaltools.gnu-tools-for-stm32.10.3-2021.10.win32_1.0.0.202111181127/tools/bin/../lib/gcc/arm-none-eabi/10.3.1/thumb/v7-m/nofp/crti.o
                0x000000000800ce60                _init
 .init          0x000000000800ce64        0x8 c:/st/stm32cubeide_1.7.0/stm32cubeide/plugins/com.st.stm32cube.ide.mcu.externaltools.gnu-tools-for-stm32.10.3-2021.10.win32_1.0.0.202111181127/tools/bin/../lib/gcc/arm-none-eabi/10.3.1/thumb/v7-m/nofp/crtn.o
 *(.fini)
 .fini          0x000000000800ce6c        0x4 c:/st/stm32cubeide_1.7.0/stm32cubeide/plugins/com.st.stm32cube.ide.mcu.externaltools.gnu-tools-for-stm32.10.3-2021.10.win32_1.0.0.202111181127/tools/bin/../lib/gcc/arm-none-eabi/10.3.1/thumb/v7-m/nofp/crti.o
                0x000000000800ce6c                _fini
 .fini          0x000000000800ce70        0x8 c:/st/stm32cubeide_1.7.0/stm32cubeide/plugins/com.st.stm32cube.ide.mcu.externaltools.gnu-tools-for-stm32.10.3-2021.10.win32_1.0.0.202111181127/tools/bin/../lib/gcc/arm-none-eabi/10.3.1/thumb/v7-m/nofp/crtn.o
                0x000000000800ce78                . = ALIGN (0x4)
                0x000000000800ce78                _etext = .

.vfp11_veneer   0x000000000800ce78        0x0
 .vfp11_veneer  0x000000000800ce78        0x0 linker stubs

.v4_bx          0x000000000800ce78        0x0
 .v4_bx         0x000000000800ce78        0x0 linker stubs

.iplt           0x000000000800ce78        0x0
 .iplt          0x000000000800ce78        0x0 c:/st/stm32cubeide_1.7.0/stm32cubeide/plugins/com.st.stm32cube.ide.mcu.externaltools.gnu-tools-for-stm32.10.3-2021.10.win32_1.0.0.202111181127/tools/bin/../lib/gcc/arm-none-eabi/10.3.1/thumb/v7-m/nofp/crtbegin.o

.rodata         0x000000000800ce78     0x2dac
                0x000000000800ce78                . = ALIGN (0x4)
 *(.rodata)
 .rodata        0x000000000800ce78       0x67 ./Core/Src/main.o
 *fill*         0x000000000800cedf        0x1 
 .rodata        0x000000000800cee0       0x10 ./Drivers/STM32F1xx_HAL_Driver/Src/stm32f1xx_hal_rcc.o
 .rodata        0x000000000800cef0       0x10 ./Drivers/STM32F1xx_HAL_Driver/Src/stm32f1xx_hal_rcc_ex.o
 .rodata        0x000000000800cf00       0x44 ./Middlewares/Third_Party/FatFs/src/ff.o
 *(.rodata*)
 .rodata.Font7x10
                0x000000000800cf44      0x76c ./Core/Src/fonts.o
                0x000000000800cf44                Font7x10
 .rodata.Font11x18
                0x000000000800d6b0      0xd5c ./Core/Src/fonts.o
                0x000000000800d6b0                Font11x18
 .rodata.Font16x26
                0x000000000800e40c     0x134c ./Core/Src/fonts.o
                0x000000000800e40c                Font16x26
 .rodata.LOGO   0x000000000800f758      0x400 ./Core/Src/main.o
                0x000000000800f758                LOGO
 .rodata.AHBPrescTable
                0x000000000800fb58       0x10 ./Core/Src/system_stm32f1xx.o
                0x000000000800fb58                AHBPrescTable
 .rodata.APBPrescTable
                0x000000000800fb68        0x8 ./Core/Src/system_stm32f1xx.o
                0x000000000800fb68                APBPrescTable
 .rodata.ExCvt  0x000000000800fb70       0x80 ./Middlewares/Third_Party/FatFs/src/ff.o
 .rodata._svfprintf_r.str1.1
                0x000000000800fbf0       0x11 c:/st/stm32cubeide_1.7.0/stm32cubeide/plugins/com.st.stm32cube.ide.mcu.externaltools.gnu-tools-for-stm32.10.3-2021.10.win32_1.0.0.202111181127/tools/bin/../lib/gcc/arm-none-eabi/10.3.1/../../../../arm-none-eabi/lib/thumb/v7-m/nofp\libc_nano.a(lib_a-nano-svfprintf.o)
 .rodata._printf_i.str1.1
                0x000000000800fc01       0x22 c:/st/stm32cubeide_1.7.0/stm32cubeide/plugins/com.st.stm32cube.ide.mcu.externaltools.gnu-tools-for-stm32.10.3-2021.10.win32_1.0.0.202111181127/tools/bin/../lib/gcc/arm-none-eabi/10.3.1/../../../../arm-none-eabi/lib/thumb/v7-m/nofp\libc_nano.a(lib_a-nano-vfprintf_i.o)
 .rodata.log.str1.1
                0x000000000800fc23       0x22 c:/st/stm32cubeide_1.7.0/stm32cubeide/plugins/com.st.stm32cube.ide.mcu.externaltools.gnu-tools-for-stm32.10.3-2021.10.win32_1.0.0.202111181127/tools/bin/../lib/gcc/arm-none-eabi/10.3.1/../../../../arm-none-eabi/lib/thumb/v7-m/nofp\libm.a(lib_a-w_log.o)
                                          0x1 (size before relaxing)
                0x000000000800fc48                . = ALIGN (0x4)
 *fill*         0x000000000800fc23        0x1 

.rel.dyn        0x000000000800fc24        0x0
 .rel.iplt      0x000000000800fc24        0x0 c:/st/stm32cubeide_1.7.0/stm32cubeide/plugins/com.st.stm32cube.ide.mcu.externaltools.gnu-tools-for-stm32.10.3-2021.10.win32_1.0.0.202111181127/tools/bin/../lib/gcc/arm-none-eabi/10.3.1/thumb/v7-m/nofp/crtbegin.o

.ARM.extab      0x000000000800fc24        0x0
                0x000000000800fc24                . = ALIGN (0x4)
 *(.ARM.extab* .gnu.linkonce.armextab.*)
                0x000000000800fc24                . = ALIGN (0x4)

.ARM            0x000000000800fc24        0x0
                0x000000000800fc24                . = ALIGN (0x4)
                0x000000000800fc24                __exidx_start = .
 *(.ARM.exidx*)
                0x000000000800fc24                __exidx_end = .
                0x000000000800fc24                . = ALIGN (0x4)

.preinit_array  0x000000000800fc24        0x0
                0x000000000800fc24                . = ALIGN (0x4)
                0x000000000800fc24                PROVIDE (__preinit_array_start = .)
 *(.preinit_array*)
                0x000000000800fc24                PROVIDE (__preinit_array_end = .)
                0x000000000800fc24                . = ALIGN (0x4)

.init_array     0x000000000800fc24        0x4
                0x000000000800fc24                . = ALIGN (0x4)
                0x000000000800fc24                PROVIDE (__init_array_start = .)
 *(SORT_BY_NAME(.init_array.*))
 *(.init_array*)
 .init_array    0x000000000800fc24        0x4 c:/st/stm32cubeide_1.7.0/stm32cubeide/plugins/com.st.stm32cube.ide.mcu.externaltools.gnu-tools-for-stm32.10.3-2021.10.win32_1.0.0.202111181127/tools/bin/../lib/gcc/arm-none-eabi/10.3.1/thumb/v7-m/nofp/crtbegin.o
                0x000000000800fc28                PROVIDE (__init_array_end = .)
                0x000000000800fc28                . = ALIGN (0x4)

.fini_array     0x000000000800fc28        0x4
                0x000000000800fc28                . = ALIGN (0x4)
                [!provide]                        PROVIDE (__fini_array_start = .)
 *(SORT_BY_NAME(.fini_array.*))
 *(.fini_array*)
 .fini_array    0x000000000800fc28        0x4 c:/st/stm32cubeide_1.7.0/stm32cubeide/plugins/com.st.stm32cube.ide.mcu.externaltools.gnu-tools-for-stm32.10.3-2021.10.win32_1.0.0.202111181127/tools/bin/../lib/gcc/arm-none-eabi/10.3.1/thumb/v7-m/nofp/crtbegin.o
                [!provide]                        PROVIDE (__fini_array_end = .)
                0x000000000800fc2c                . = ALIGN (0x4)
                0x000000000800fc2c                _sidata = LOADADDR (.data)

.data           0x0000000020000000      0x104 load address 0x000000000800fc2c
                0x0000000020000000                . = ALIGN (0x4)
                0x0000000020000000                _sdata = .
 *(.data)
 *(.data*)
 .data.MAX_ADDRESS_WR
                0x0000000020000000        0x1 ./Core/Src/MAX30100.o
                0x0000000020000000                MAX_ADDRESS_WR
 .data.MAX_ADDRESS_RD
                0x0000000020000001        0x1 ./Core/Src/MAX30100.o
                0x0000000020000001                MAX_ADDRESS_RD
 .data.FIFO_DATA
                0x0000000020000002        0x1 ./Core/Src/MAX30100.o
                0x0000000020000002                FIFO_DATA
 .data.MODE_RG  0x0000000020000003        0x1 ./Core/Src/MAX30100.o
                0x0000000020000003                MODE_RG
 .data.LED_CONFIGURATION
                0x0000000020000004        0x1 ./Core/Src/MAX30100.o
                0x0000000020000004                LED_CONFIGURATION
 *fill*         0x0000000020000005        0x3 
 .data.SPISD_INITSEQ
                0x0000000020000008        0xb ./Core/Src/SPISD.o
                0x0000000020000008                SPISD_INITSEQ
 *fill*         0x0000000020000013        0x1 
 .data.SPISD_CMD0
                0x0000000020000014        0x7 ./Core/Src/SPISD.o
                0x0000000020000014                SPISD_CMD0
 *fill*         0x000000002000001b        0x1 
 .data.SPISD_CMD8
                0x000000002000001c        0x7 ./Core/Src/SPISD.o
                0x000000002000001c                SPISD_CMD8
 *fill*         0x0000000020000023        0x1 
 .data.SPISD_CMD55
                0x0000000020000024        0x7 ./Core/Src/SPISD.o
                0x0000000020000024                SPISD_CMD55
 *fill*         0x000000002000002b        0x1 
 .data.SPISD_CMD41
                0x000000002000002c        0x7 ./Core/Src/SPISD.o
                0x000000002000002c                SPISD_CMD41
 *fill*         0x0000000020000033        0x1 
 .data.SPISD_CMD58
                0x0000000020000034        0x7 ./Core/Src/SPISD.o
                0x0000000020000034                SPISD_CMD58
 *fill*         0x000000002000003b        0x1 
 .data.SPISD_CMD17
                0x000000002000003c        0x7 ./Core/Src/SPISD.o
                0x000000002000003c                SPISD_CMD17
 *fill*         0x0000000020000043        0x1 
 .data.SPISD_CMD24
                0x0000000020000044        0x7 ./Core/Src/SPISD.o
                0x0000000020000044                SPISD_CMD24
 *fill*         0x000000002000004b        0x1 
 .data.Font_7x10
                0x000000002000004c        0x8 ./Core/Src/fonts.o
                0x000000002000004c                Font_7x10
 .data.Font_11x18
                0x0000000020000054        0x8 ./Core/Src/fonts.o
                0x0000000020000054                Font_11x18
 .data.Font_16x26
                0x000000002000005c        0x8 ./Core/Src/fonts.o
                0x000000002000005c                Font_16x26
 .data.mainSD   0x0000000020000064        0x4 ./Core/Src/main.o
                0x0000000020000064                mainSD
 .data.contador
                0x0000000020000068        0x2 ./Core/Src/main.o
                0x0000000020000068                contador
 .data.cuenta   0x000000002000006a        0x2 ./Core/Src/main.o
                0x000000002000006a                cuenta
 .data.mensaje_START
                0x000000002000006c       0x13 ./Core/Src/main.o
                0x000000002000006c                mensaje_START
 .data.flag_final
                0x000000002000007f        0x1 ./Core/Src/main.o
                0x000000002000007f                flag_final
 .data.SystemCoreClock
                0x0000000020000080        0x4 ./Core/Src/system_stm32f1xx.o
                0x0000000020000080                SystemCoreClock
 .data.uwTickPrio
                0x0000000020000084        0x4 ./Drivers/STM32F1xx_HAL_Driver/Src/stm32f1xx_hal.o
                0x0000000020000084                uwTickPrio
 .data.uwTickFreq
                0x0000000020000088        0x1 ./Drivers/STM32F1xx_HAL_Driver/Src/stm32f1xx_hal.o
                0x0000000020000088                uwTickFreq
 .data.Stat     0x0000000020000089        0x1 ./FATFS/Target/user_diskio.o
 *fill*         0x000000002000008a        0x2 
 .data.USER_Driver
                0x000000002000008c       0x14 ./FATFS/Target/user_diskio.o
                0x000000002000008c                USER_Driver
 .data._impure_ptr
                0x00000000200000a0        0x4 c:/st/stm32cubeide_1.7.0/stm32cubeide/plugins/com.st.stm32cube.ide.mcu.externaltools.gnu-tools-for-stm32.10.3-2021.10.win32_1.0.0.202111181127/tools/bin/../lib/gcc/arm-none-eabi/10.3.1/../../../../arm-none-eabi/lib/thumb/v7-m/nofp\libc_nano.a(lib_a-impure.o)
                0x00000000200000a0                _impure_ptr
 .data.impure_data
                0x00000000200000a4       0x60 c:/st/stm32cubeide_1.7.0/stm32cubeide/plugins/com.st.stm32cube.ide.mcu.externaltools.gnu-tools-for-stm32.10.3-2021.10.win32_1.0.0.202111181127/tools/bin/../lib/gcc/arm-none-eabi/10.3.1/../../../../arm-none-eabi/lib/thumb/v7-m/nofp\libc_nano.a(lib_a-impure.o)
 *(.RamFunc)
 *(.RamFunc*)
                0x0000000020000104                . = ALIGN (0x4)
                0x0000000020000104                _edata = .

.igot.plt       0x0000000020000104        0x0 load address 0x000000000800fd30
 .igot.plt      0x0000000020000104        0x0 c:/st/stm32cubeide_1.7.0/stm32cubeide/plugins/com.st.stm32cube.ide.mcu.externaltools.gnu-tools-for-stm32.10.3-2021.10.win32_1.0.0.202111181127/tools/bin/../lib/gcc/arm-none-eabi/10.3.1/thumb/v7-m/nofp/crtbegin.o
                0x0000000020000104                . = ALIGN (0x4)

.bss            0x0000000020000104      0xb54 load address 0x000000000800fd30
                0x0000000020000104                _sbss = .
                0x0000000020000104                __bss_start__ = _sbss
 *(.bss)
 .bss           0x0000000020000104       0x1c c:/st/stm32cubeide_1.7.0/stm32cubeide/plugins/com.st.stm32cube.ide.mcu.externaltools.gnu-tools-for-stm32.10.3-2021.10.win32_1.0.0.202111181127/tools/bin/../lib/gcc/arm-none-eabi/10.3.1/thumb/v7-m/nofp/crtbegin.o
 *(.bss*)
 .bss.IRLedCurrent
                0x0000000020000120        0x1 ./Core/Src/MAX30100.o
                0x0000000020000120                IRLedCurrent
 .bss.redLEDCurrent
                0x0000000020000121        0x1 ./Core/Src/MAX30100.o
                0x0000000020000121                redLEDCurrent
 *fill*         0x0000000020000122        0x2 
 .bss.lastREDLedCurrentCheck
                0x0000000020000124        0x4 ./Core/Src/MAX30100.o
                0x0000000020000124                lastREDLedCurrentCheck
 .bss.currentPulseDetectorState
                0x0000000020000128        0x1 ./Core/Src/MAX30100.o
                0x0000000020000128                currentPulseDetectorState
 *fill*         0x0000000020000129        0x3 
 .bss.currentBPM
                0x000000002000012c        0x4 ./Core/Src/MAX30100.o
                0x000000002000012c                currentBPM
 .bss.valuesBPM
                0x0000000020000130       0x28 ./Core/Src/MAX30100.o
                0x0000000020000130                valuesBPM
 .bss.valuesBPMSum
                0x0000000020000158        0x4 ./Core/Src/MAX30100.o
                0x0000000020000158                valuesBPMSum
 .bss.valuesBPMCount
                0x000000002000015c        0x1 ./Core/Src/MAX30100.o
                0x000000002000015c                valuesBPMCount
 .bss.bpmIndex  0x000000002000015d        0x1 ./Core/Src/MAX30100.o
                0x000000002000015d                bpmIndex
 *fill*         0x000000002000015e        0x2 
 .bss.lastBeatThreshold
                0x0000000020000160        0x4 ./Core/Src/MAX30100.o
                0x0000000020000160                lastBeatThreshold
 .bss.samplesRecorded
                0x0000000020000164        0x2 ./Core/Src/MAX30100.o
                0x0000000020000164                samplesRecorded
 .bss.pulsesDetected
                0x0000000020000166        0x2 ./Core/Src/MAX30100.o
                0x0000000020000166                pulsesDetected
 .bss.IRprev_w  0x0000000020000168        0x4 ./Core/Src/MAX30100.o
                0x0000000020000168                IRprev_w
 .bss.REDprev_w
                0x000000002000016c        0x4 ./Core/Src/MAX30100.o
                0x000000002000016c                REDprev_w
 .bss.ir_dcfiltrado
                0x0000000020000170        0x4 ./Core/Src/MAX30100.o
                0x0000000020000170                ir_dcfiltrado
 .bss.red_dcfiltrado
                0x0000000020000174        0x4 ./Core/Src/MAX30100.o
                0x0000000020000174                red_dcfiltrado
 .bss.ir_meanfiltrado
                0x0000000020000178        0x4 ./Core/Src/MAX30100.o
                0x0000000020000178                ir_meanfiltrado
 .bss.ir_lpbfiltrado
                0x000000002000017c        0x4 ./Core/Src/MAX30100.o
                0x000000002000017c                ir_lpbfiltrado
 .bss.irACValueSqSum
                0x0000000020000180        0x4 ./Core/Src/MAX30100.o
                0x0000000020000180                irACValueSqSum
 .bss.redACValueSqSum
                0x0000000020000184        0x4 ./Core/Src/MAX30100.o
                0x0000000020000184                redACValueSqSum
 .bss.currentSaO2Value
                0x0000000020000188        0x4 ./Core/Src/MAX30100.o
                0x0000000020000188                currentSaO2Value
 .bss.ratioRMS  0x000000002000018c        0x4 ./Core/Src/MAX30100.o
                0x000000002000018c                ratioRMS
 .bss.lpbFilterIR
                0x0000000020000190        0xc ./Core/Src/MAX30100.o
                0x0000000020000190                lpbFilterIR
 .bss.meanDiffIR
                0x000000002000019c       0x48 ./Core/Src/MAX30100.o
                0x000000002000019c                meanDiffIR
 .bss.dcFilterIR
                0x00000000200001e4        0x8 ./Core/Src/MAX30100.o
                0x00000000200001e4                dcFilterIR
 .bss.dcFilterRed
                0x00000000200001ec        0x8 ./Core/Src/MAX30100.o
                0x00000000200001ec                dcFilterRed
 .bss.prev_sensor_value.3
                0x00000000200001f4        0x4 ./Core/Src/MAX30100.o
 .bss.lastBeat.2
                0x00000000200001f8        0x4 ./Core/Src/MAX30100.o
 .bss.currentBeat.1
                0x00000000200001fc        0x4 ./Core/Src/MAX30100.o
 .bss.values_went_down.0
                0x0000000020000200        0x1 ./Core/Src/MAX30100.o
 *fill*         0x0000000020000201        0x3 
 .bss.recbuffer
                0x0000000020000204        0x8 ./Core/Src/SPISD.o
                0x0000000020000204                recbuffer
 .bss.hi2c1     0x000000002000020c       0x54 ./Core/Src/main.o
                0x000000002000020c                hi2c1
 .bss.hi2c2     0x0000000020000260       0x54 ./Core/Src/main.o
                0x0000000020000260                hi2c2
 .bss.hrtc      0x00000000200002b4       0x14 ./Core/Src/main.o
                0x00000000200002b4                hrtc
 .bss.hspi2     0x00000000200002c8       0x58 ./Core/Src/main.o
                0x00000000200002c8                hspi2
 .bss.huart2    0x0000000020000320       0x44 ./Core/Src/main.o
                0x0000000020000320                huart2
 .bss.result    0x0000000020000364       0x24 ./Core/Src/main.o
                0x0000000020000364                result
 .bss.spisd     0x0000000020000388       0x14 ./Core/Src/main.o
                0x0000000020000388                spisd
 .bss.counter   0x000000002000039c        0x2 ./Core/Src/main.o
                0x000000002000039c                counter
 .bss.estado    0x000000002000039e        0x1 ./Core/Src/main.o
                0x000000002000039e                estado
 .bss.byte      0x000000002000039f        0x1 ./Core/Src/main.o
                0x000000002000039f                byte
 .bss.flag_pulsador
                0x00000000200003a0        0x1 ./Core/Src/main.o
                0x00000000200003a0                flag_pulsador
 .bss.flag_limpiar
                0x00000000200003a1        0x1 ./Core/Src/main.o
                0x00000000200003a1                flag_limpiar
 .bss.buf1      0x00000000200003a2        0x1 ./Core/Src/main.o
                0x00000000200003a2                buf1
 .bss.buf2      0x00000000200003a3        0x1 ./Core/Src/main.o
                0x00000000200003a3                buf2
 .bss.pRTC      0x00000000200003a4        0x4 ./Core/Src/main.o
                0x00000000200003a4                pRTC
 .bss.SSD1306_Buffer
                0x00000000200003a8      0x400 ./Core/Src/ssd1306.o
 .bss.SSD1306   0x00000000200007a8        0x6 ./Core/Src/ssd1306.o
 *fill*         0x00000000200007ae        0x2 
 .bss.__sbrk_heap_end
                0x00000000200007b0        0x4 ./Core/Src/sysmem.o
 .bss.uwTick    0x00000000200007b4        0x4 ./Drivers/STM32F1xx_HAL_Driver/Src/stm32f1xx_hal.o
                0x00000000200007b4                uwTick
 .bss.retUSER   0x00000000200007b8        0x1 ./FATFS/App/fatfs.o
                0x00000000200007b8                retUSER
 *fill*         0x00000000200007b9        0x3 
 .bss.USERPath  0x00000000200007bc        0x4 ./FATFS/App/fatfs.o
                0x00000000200007bc                USERPath
 .bss.USERFatFS
                0x00000000200007c0      0x230 ./FATFS/App/fatfs.o
                0x00000000200007c0                USERFatFS
 .bss.USERFile  0x00000000200009f0      0x22c ./FATFS/App/fatfs.o
                0x00000000200009f0                USERFile
 .bss.FatFs     0x0000000020000c1c        0x4 ./Middlewares/Third_Party/FatFs/src/ff.o
 .bss.Fsid      0x0000000020000c20        0x2 ./Middlewares/Third_Party/FatFs/src/ff.o
 *fill*         0x0000000020000c22        0x2 
 .bss.Files     0x0000000020000c24       0x18 ./Middlewares/Third_Party/FatFs/src/ff.o
 .bss.disk      0x0000000020000c3c        0xc ./Middlewares/Third_Party/FatFs/src/ff_gen_drv.o
                0x0000000020000c3c                disk
 .bss.__malloc_free_list
                0x0000000020000c48        0x4 c:/st/stm32cubeide_1.7.0/stm32cubeide/plugins/com.st.stm32cube.ide.mcu.externaltools.gnu-tools-for-stm32.10.3-2021.10.win32_1.0.0.202111181127/tools/bin/../lib/gcc/arm-none-eabi/10.3.1/../../../../arm-none-eabi/lib/thumb/v7-m/nofp\libc_nano.a(lib_a-nano-mallocr.o)
                0x0000000020000c48                __malloc_free_list
 .bss.__malloc_sbrk_start
                0x0000000020000c4c        0x4 c:/st/stm32cubeide_1.7.0/stm32cubeide/plugins/com.st.stm32cube.ide.mcu.externaltools.gnu-tools-for-stm32.10.3-2021.10.win32_1.0.0.202111181127/tools/bin/../lib/gcc/arm-none-eabi/10.3.1/../../../../arm-none-eabi/lib/thumb/v7-m/nofp\libc_nano.a(lib_a-nano-mallocr.o)
                0x0000000020000c4c                __malloc_sbrk_start
 .bss.errno     0x0000000020000c50        0x4 c:/st/stm32cubeide_1.7.0/stm32cubeide/plugins/com.st.stm32cube.ide.mcu.externaltools.gnu-tools-for-stm32.10.3-2021.10.win32_1.0.0.202111181127/tools/bin/../lib/gcc/arm-none-eabi/10.3.1/../../../../arm-none-eabi/lib/thumb/v7-m/nofp\libc_nano.a(lib_a-reent.o)
                0x0000000020000c50                errno
 .bss.__lock___malloc_recursive_mutex
                0x0000000020000c54        0x1 c:/st/stm32cubeide_1.7.0/stm32cubeide/plugins/com.st.stm32cube.ide.mcu.externaltools.gnu-tools-for-stm32.10.3-2021.10.win32_1.0.0.202111181127/tools/bin/../lib/gcc/arm-none-eabi/10.3.1/../../../../arm-none-eabi/lib/thumb/v7-m/nofp\libc_nano.a(lib_a-lock.o)
                0x0000000020000c54                __lock___malloc_recursive_mutex
 *(COMMON)
                0x0000000020000c58                . = ALIGN (0x4)
 *fill*         0x0000000020000c55        0x3 
                0x0000000020000c58                _ebss = .
                0x0000000020000c58                __bss_end__ = _ebss

._user_heap_stack
                0x0000000020000c58      0x600 load address 0x000000000800fd30
                0x0000000020000c58                . = ALIGN (0x8)
                [!provide]                        PROVIDE (end = .)
                0x0000000020000c58                PROVIDE (_end = .)
                0x0000000020000e58                . = (. + _Min_Heap_Size)
 *fill*         0x0000000020000c58      0x200 
                0x0000000020001258                . = (. + _Min_Stack_Size)
 *fill*         0x0000000020000e58      0x400 
                0x0000000020001258                . = ALIGN (0x8)

/DISCARD/
 libc.a(*)
 libm.a(*)
 libgcc.a(*)

.ARM.attributes
                0x0000000000000000       0x29
 *(.ARM.attributes)
 .ARM.attributes
                0x0000000000000000       0x1d c:/st/stm32cubeide_1.7.0/stm32cubeide/plugins/com.st.stm32cube.ide.mcu.externaltools.gnu-tools-for-stm32.10.3-2021.10.win32_1.0.0.202111181127/tools/bin/../lib/gcc/arm-none-eabi/10.3.1/thumb/v7-m/nofp/crti.o
 .ARM.attributes
                0x000000000000001d       0x2d c:/st/stm32cubeide_1.7.0/stm32cubeide/plugins/com.st.stm32cube.ide.mcu.externaltools.gnu-tools-for-stm32.10.3-2021.10.win32_1.0.0.202111181127/tools/bin/../lib/gcc/arm-none-eabi/10.3.1/thumb/v7-m/nofp/crtbegin.o
 .ARM.attributes
                0x000000000000004a       0x2d ./Core/Src/MAX30100.o
 .ARM.attributes
                0x0000000000000077       0x2d ./Core/Src/SPISD.o
 .ARM.attributes
                0x00000000000000a4       0x2d ./Core/Src/fonts.o
 .ARM.attributes
                0x00000000000000d1       0x2d ./Core/Src/main.o
 .ARM.attributes
                0x00000000000000fe       0x2d ./Core/Src/ssd1306.o
 .ARM.attributes
                0x000000000000012b       0x2d ./Core/Src/stm32f1xx_hal_msp.o
 .ARM.attributes
                0x0000000000000158       0x2d ./Core/Src/stm32f1xx_it.o
 .ARM.attributes
                0x0000000000000185       0x2d ./Core/Src/sysmem.o
 .ARM.attributes
                0x00000000000001b2       0x2d ./Core/Src/system_stm32f1xx.o
 .ARM.attributes
                0x00000000000001df       0x21 ./Core/Startup/startup_stm32f103c8tx.o
 .ARM.attributes
                0x0000000000000200       0x2d ./Drivers/STM32F1xx_HAL_Driver/Src/stm32f1xx_hal.o
 .ARM.attributes
                0x000000000000022d       0x2d ./Drivers/STM32F1xx_HAL_Driver/Src/stm32f1xx_hal_cortex.o
 .ARM.attributes
                0x000000000000025a       0x2d ./Drivers/STM32F1xx_HAL_Driver/Src/stm32f1xx_hal_dma.o
 .ARM.attributes
                0x0000000000000287       0x2d ./Drivers/STM32F1xx_HAL_Driver/Src/stm32f1xx_hal_gpio.o
 .ARM.attributes
                0x00000000000002b4       0x2d ./Drivers/STM32F1xx_HAL_Driver/Src/stm32f1xx_hal_i2c.o
 .ARM.attributes
                0x00000000000002e1       0x2d ./Drivers/STM32F1xx_HAL_Driver/Src/stm32f1xx_hal_pwr.o
 .ARM.attributes
                0x000000000000030e       0x2d ./Drivers/STM32F1xx_HAL_Driver/Src/stm32f1xx_hal_rcc.o
 .ARM.attributes
                0x000000000000033b       0x2d ./Drivers/STM32F1xx_HAL_Driver/Src/stm32f1xx_hal_rcc_ex.o
 .ARM.attributes
                0x0000000000000368       0x2d ./Drivers/STM32F1xx_HAL_Driver/Src/stm32f1xx_hal_rtc.o
 .ARM.attributes
                0x0000000000000395       0x2d ./Drivers/STM32F1xx_HAL_Driver/Src/stm32f1xx_hal_spi.o
 .ARM.attributes
                0x00000000000003c2       0x2d ./Drivers/STM32F1xx_HAL_Driver/Src/stm32f1xx_hal_uart.o
 .ARM.attributes
                0x00000000000003ef       0x2d ./FATFS/App/fatfs.o
 .ARM.attributes
                0x000000000000041c       0x2d ./FATFS/Target/user_diskio.o
 .ARM.attributes
                0x0000000000000449       0x2d ./Middlewares/Third_Party/FatFs/src/diskio.o
 .ARM.attributes
                0x0000000000000476       0x2d ./Middlewares/Third_Party/FatFs/src/ff.o
 .ARM.attributes
                0x00000000000004a3       0x2d ./Middlewares/Third_Party/FatFs/src/ff_gen_drv.o
 .ARM.attributes
                0x00000000000004d0       0x2d c:/st/stm32cubeide_1.7.0/stm32cubeide/plugins/com.st.stm32cube.ide.mcu.externaltools.gnu-tools-for-stm32.10.3-2021.10.win32_1.0.0.202111181127/tools/bin/../lib/gcc/arm-none-eabi/10.3.1/../../../../arm-none-eabi/lib/thumb/v7-m/nofp\libc_nano.a(lib_a-errno.o)
 .ARM.attributes
                0x00000000000004fd       0x2d c:/st/stm32cubeide_1.7.0/stm32cubeide/plugins/com.st.stm32cube.ide.mcu.externaltools.gnu-tools-for-stm32.10.3-2021.10.win32_1.0.0.202111181127/tools/bin/../lib/gcc/arm-none-eabi/10.3.1/../../../../arm-none-eabi/lib/thumb/v7-m/nofp\libc_nano.a(lib_a-impure.o)
 .ARM.attributes
                0x000000000000052a       0x2d c:/st/stm32cubeide_1.7.0/stm32cubeide/plugins/com.st.stm32cube.ide.mcu.externaltools.gnu-tools-for-stm32.10.3-2021.10.win32_1.0.0.202111181127/tools/bin/../lib/gcc/arm-none-eabi/10.3.1/../../../../arm-none-eabi/lib/thumb/v7-m/nofp\libc_nano.a(lib_a-init.o)
 .ARM.attributes
                0x0000000000000557       0x2d c:/st/stm32cubeide_1.7.0/stm32cubeide/plugins/com.st.stm32cube.ide.mcu.externaltools.gnu-tools-for-stm32.10.3-2021.10.win32_1.0.0.202111181127/tools/bin/../lib/gcc/arm-none-eabi/10.3.1/../../../../arm-none-eabi/lib/thumb/v7-m/nofp\libc_nano.a(lib_a-memset.o)
 .ARM.attributes
                0x0000000000000584       0x2d c:/st/stm32cubeide_1.7.0/stm32cubeide/plugins/com.st.stm32cube.ide.mcu.externaltools.gnu-tools-for-stm32.10.3-2021.10.win32_1.0.0.202111181127/tools/bin/../lib/gcc/arm-none-eabi/10.3.1/../../../../arm-none-eabi/lib/thumb/v7-m/nofp\libc_nano.a(lib_a-sprintf.o)
 .ARM.attributes
                0x00000000000005b1       0x2d c:/st/stm32cubeide_1.7.0/stm32cubeide/plugins/com.st.stm32cube.ide.mcu.externaltools.gnu-tools-for-stm32.10.3-2021.10.win32_1.0.0.202111181127/tools/bin/../lib/gcc/arm-none-eabi/10.3.1/../../../../arm-none-eabi/lib/thumb/v7-m/nofp\libc_nano.a(lib_a-nano-svfprintf.o)
 .ARM.attributes
                0x00000000000005de       0x2d c:/st/stm32cubeide_1.7.0/stm32cubeide/plugins/com.st.stm32cube.ide.mcu.externaltools.gnu-tools-for-stm32.10.3-2021.10.win32_1.0.0.202111181127/tools/bin/../lib/gcc/arm-none-eabi/10.3.1/../../../../arm-none-eabi/lib/thumb/v7-m/nofp\libc_nano.a(lib_a-nano-vfprintf_i.o)
 .ARM.attributes
                0x000000000000060b       0x2d c:/st/stm32cubeide_1.7.0/stm32cubeide/plugins/com.st.stm32cube.ide.mcu.externaltools.gnu-tools-for-stm32.10.3-2021.10.win32_1.0.0.202111181127/tools/bin/../lib/gcc/arm-none-eabi/10.3.1/../../../../arm-none-eabi/lib/thumb/v7-m/nofp\libc_nano.a(lib_a-memchr-stub.o)
 .ARM.attributes
                0x0000000000000638       0x2d c:/st/stm32cubeide_1.7.0/stm32cubeide/plugins/com.st.stm32cube.ide.mcu.externaltools.gnu-tools-for-stm32.10.3-2021.10.win32_1.0.0.202111181127/tools/bin/../lib/gcc/arm-none-eabi/10.3.1/../../../../arm-none-eabi/lib/thumb/v7-m/nofp\libc_nano.a(lib_a-memcpy-stub.o)
 .ARM.attributes
                0x0000000000000665       0x2d c:/st/stm32cubeide_1.7.0/stm32cubeide/plugins/com.st.stm32cube.ide.mcu.externaltools.gnu-tools-for-stm32.10.3-2021.10.win32_1.0.0.202111181127/tools/bin/../lib/gcc/arm-none-eabi/10.3.1/../../../../arm-none-eabi/lib/thumb/v7-m/nofp\libc_nano.a(lib_a-memmove.o)
 .ARM.attributes
                0x0000000000000692       0x2d c:/st/stm32cubeide_1.7.0/stm32cubeide/plugins/com.st.stm32cube.ide.mcu.externaltools.gnu-tools-for-stm32.10.3-2021.10.win32_1.0.0.202111181127/tools/bin/../lib/gcc/arm-none-eabi/10.3.1/../../../../arm-none-eabi/lib/thumb/v7-m/nofp\libc_nano.a(lib_a-nano-freer.o)
 .ARM.attributes
                0x00000000000006bf       0x2d c:/st/stm32cubeide_1.7.0/stm32cubeide/plugins/com.st.stm32cube.ide.mcu.externaltools.gnu-tools-for-stm32.10.3-2021.10.win32_1.0.0.202111181127/tools/bin/../lib/gcc/arm-none-eabi/10.3.1/../../../../arm-none-eabi/lib/thumb/v7-m/nofp\libc_nano.a(lib_a-nano-mallocr.o)
 .ARM.attributes
                0x00000000000006ec       0x2d c:/st/stm32cubeide_1.7.0/stm32cubeide/plugins/com.st.stm32cube.ide.mcu.externaltools.gnu-tools-for-stm32.10.3-2021.10.win32_1.0.0.202111181127/tools/bin/../lib/gcc/arm-none-eabi/10.3.1/../../../../arm-none-eabi/lib/thumb/v7-m/nofp\libc_nano.a(lib_a-nano-reallocr.o)
 .ARM.attributes