Archive member included to satisfy reference by file (symbol)

c:/st/stm32cubeide_1.7.0/stm32cubeide/plugins/com.st.stm32cube.ide.mcu.externaltools.gnu-tools-for-stm32.10.3-2021.10.win32_1.0.0.202111181127/tools/bin/../lib/gcc/arm-none-eabi/10.3.1/../../../../arm-none-eabi/lib/thumb/v7-m/nofp\libc_nano.a(lib_a-errno.o)
                              ./Core/Src/syscalls.o (__errno)
c:/st/stm32cubeide_1.7.0/stm32cubeide/plugins/com.st.stm32cube.ide.mcu.externaltools.gnu-tools-for-stm32.10.3-2021.10.win32_1.0.0.202111181127/tools/bin/../lib/gcc/arm-none-eabi/10.3.1/../../../../arm-none-eabi/lib/thumb/v7-m/nofp\libc_nano.a(lib_a-exit.o)
                              c:/st/stm32cubeide_1.7.0/stm32cubeide/plugins/com.st.stm32cube.ide.mcu.externaltools.gnu-tools-for-stm32.10.3-2021.10.win32_1.0.0.202111181127/tools/bin/../lib/gcc/arm-none-eabi/10.3.1/../../../../arm-none-eabi/lib/thumb/v7-m/nofp/crt0.o (exit)
c:/st/stm32cubeide_1.7.0/stm32cubeide/plugins/com.st.stm32cube.ide.mcu.externaltools.gnu-tools-for-stm32.10.3-2021.10.win32_1.0.0.202111181127/tools/bin/../lib/gcc/arm-none-eabi/10.3.1/../../../../arm-none-eabi/lib/thumb/v7-m/nofp\libc_nano.a(lib_a-impure.o)
                              c:/st/stm32cubeide_1.7.0/stm32cubeide/plugins/com.st.stm32cube.ide.mcu.externaltools.gnu-tools-for-stm32.10.3-2021.10.win32_1.0.0.202111181127/tools/bin/../lib/gcc/arm-none-eabi/10.3.1/../../../../arm-none-eabi/lib/thumb/v7-m/nofp\libc_nano.a(lib_a-exit.o) (_global_impure_ptr)
c:/st/stm32cubeide_1.7.0/stm32cubeide/plugins/com.st.stm32cube.ide.mcu.externaltools.gnu-tools-for-stm32.10.3-2021.10.win32_1.0.0.202111181127/tools/bin/../lib/gcc/arm-none-eabi/10.3.1/../../../../arm-none-eabi/lib/thumb/v7-m/nofp\libc_nano.a(lib_a-init.o)
                              c:/st/stm32cubeide_1.7.0/stm32cubeide/plugins/com.st.stm32cube.ide.mcu.externaltools.gnu-tools-for-stm32.10.3-2021.10.win32_1.0.0.202111181127/tools/bin/../lib/gcc/arm-none-eabi/10.3.1/../../../../arm-none-eabi/lib/thumb/v7-m/nofp/crt0.o (__libc_init_array)
c:/st/stm32cubeide_1.7.0/stm32cubeide/plugins/com.st.stm32cube.ide.mcu.externaltools.gnu-tools-for-stm32.10.3-2021.10.win32_1.0.0.202111181127/tools/bin/../lib/gcc/arm-none-eabi/10.3.1/../../../../arm-none-eabi/lib/thumb/v7-m/nofp\libc_nano.a(lib_a-memset.o)
                              c:/st/stm32cubeide_1.7.0/stm32cubeide/plugins/com.st.stm32cube.ide.mcu.externaltools.gnu-tools-for-stm32.10.3-2021.10.win32_1.0.0.202111181127/tools/bin/../lib/gcc/arm-none-eabi/10.3.1/../../../../arm-none-eabi/lib/thumb/v7-m/nofp/crt0.o (memset)
c:/st/stm32cubeide_1.7.0/stm32cubeide/plugins/com.st.stm32cube.ide.mcu.externaltools.gnu-tools-for-stm32.10.3-2021.10.win32_1.0.0.202111181127/tools/bin/../lib/gcc/arm-none-eabi/10.3.1/../../../../arm-none-eabi/lib/thumb/v7-m/nofp\libc_nano.a(lib_a-sprintf.o)
                              ./Core/Src/main.o (sprintf)
c:/st/stm32cubeide_1.7.0/stm32cubeide/plugins/com.st.stm32cube.ide.mcu.externaltools.gnu-tools-for-stm32.10.3-2021.10.win32_1.0.0.202111181127/tools/bin/../lib/gcc/arm-none-eabi/10.3.1/../../../../arm-none-eabi/lib/thumb/v7-m/nofp\libc_nano.a(lib_a-strlen.o)
                              ./Core/Src/fonts.o (strlen)
c:/st/stm32cubeide_1.7.0/stm32cubeide/plugins/com.st.stm32cube.ide.mcu.externaltools.gnu-tools-for-stm32.10.3-2021.10.win32_1.0.0.202111181127/tools/bin/../lib/gcc/arm-none-eabi/10.3.1/../../../../arm-none-eabi/lib/thumb/v7-m/nofp\libc_nano.a(lib_a-nano-svfprintf.o)
                              c:/st/stm32cubeide_1.7.0/stm32cubeide/plugins/com.st.stm32cube.ide.mcu.externaltools.gnu-tools-for-stm32.10.3-2021.10.win32_1.0.0.202111181127/tools/bin/../lib/gcc/arm-none-eabi/10.3.1/../../../../arm-none-eabi/lib/thumb/v7-m/nofp\libc_nano.a(lib_a-sprintf.o) (_svfprintf_r)
c:/st/stm32cubeide_1.7.0/stm32cubeide/plugins/com.st.stm32cube.ide.mcu.externaltools.gnu-tools-for-stm32.10.3-2021.10.win32_1.0.0.202111181127/tools/bin/../lib/gcc/arm-none-eabi/10.3.1/../../../../arm-none-eabi/lib/thumb/v7-m/nofp\libc_nano.a(lib_a-nano-vfprintf_i.o)
                              c:/st/stm32cubeide_1.7.0/stm32cubeide/plugins/com.st.stm32cube.ide.mcu.externaltools.gnu-tools-for-stm32.10.3-2021.10.win32_1.0.0.202111181127/tools/bin/../lib/gcc/arm-none-eabi/10.3.1/../../../../arm-none-eabi/lib/thumb/v7-m/nofp\libc_nano.a(lib_a-nano-svfprintf.o) (_printf_i)
c:/st/stm32cubeide_1.7.0/stm32cubeide/plugins/com.st.stm32cube.ide.mcu.externaltools.gnu-tools-for-stm32.10.3-2021.10.win32_1.0.0.202111181127/tools/bin/../lib/gcc/arm-none-eabi/10.3.1/../../../../arm-none-eabi/lib/thumb/v7-m/nofp\libc_nano.a(lib_a-memchr-stub.o)
                              c:/st/stm32cubeide_1.7.0/stm32cubeide/plugins/com.st.stm32cube.ide.mcu.externaltools.gnu-tools-for-stm32.10.3-2021.10.win32_1.0.0.202111181127/tools/bin/../lib/gcc/arm-none-eabi/10.3.1/../../../../arm-none-eabi/lib/thumb/v7-m/nofp\libc_nano.a(lib_a-nano-svfprintf.o) (memchr)
[...]
Memory Configuration

Name             Origin             Length             Attributes
RAM              0x0000000020000000 0x0000000000005000 xrw
FLASH            0x0000000008000000 0x0000000000010000 xr
*default*        0x0000000000000000 0xffffffffffffffff

Linker script and memory map

LOAD c:/st/stm32cubeide_1.7.0/stm32cubeide/plugins/com.st.stm32cube.ide.mcu.externaltools.gnu-tools-for-stm32.10.3-2021.10.win32_1.0.0.202111181127/tools/bin/../lib/gcc/arm-none-eabi/10.3.1/thumb/v7-m/nofp/crti.o
LOAD c:/st/stm32cubeide_1.7.0/stm32cubeide/plugins/com.st.stm32cube.ide.mcu.externaltools.gnu-tools-for-stm32.10.3-2021.10.win32_1.0.0.202111181127/tools/bin/../lib/gcc/arm-none-eabi/10.3.1/thumb/v7-m/nofp/crtbegin.o
LOAD c:/st/stm32cubeide_1.7.0/stm32cubeide/plugins/com.st.stm32cube.ide.mcu.externaltools.gnu-tools-for-stm32.10.3-2021.10.win32_1.0.0.202111181127/tools/bin/../lib/gcc/arm-none-eabi/10.3.1/../../../../arm-none-eabi/lib/thumb/v7-m/nofp/crt0.o
LOAD ./Core/Src/MAX30100.o
LOAD ./Core/Src/SPISD.o
LOAD ./Core/Src/fonts.o
LOAD ./Core/Src/main.o
LOAD ./Core/Src/ssd1306.o
LOAD ./Core/Src/stm32f1xx_hal_msp.o
LOAD ./Core/Src/stm32f1xx_it.o
LOAD ./Core/Src/syscalls.o
LOAD ./Core/Src/sysmem.o
LOAD ./Core/Src/system_stm32f1xx.o
LOAD ./Core/Startup/startup_stm32f103c8tx.o
LOAD ./Drivers/STM32F1xx_HAL_Driver/Src/stm32f1xx_hal.o
LOAD ./Drivers/STM32F1xx_HAL_Driver/Src/stm32f1xx_hal_cortex.o
LOAD ./Drivers/STM32F1xx_HAL_Driver/Src/stm32f1xx_hal_dma.o
LOAD ./Drivers/STM32F1xx_HAL_Driver/Src/stm32f1xx_hal_exti.o
LOAD ./Drivers/STM32F1xx_HAL_Driver/Src/stm32f1xx_hal_flash.o
LOAD ./Drivers/STM32F1xx_HAL_Driver/Src/stm32f1xx_hal_flash_ex.o
LOAD ./Drivers/STM32F1xx_HAL_Driver/Src/stm32f1xx_hal_gpio.o
LOAD ./Drivers/STM32F1xx_HAL_Driver/Src/stm32f1xx_hal_gpio_ex.o
LOAD ./Drivers/STM32F1xx_HAL_Driver/Src/stm32f1xx_hal_i2c.o
LOAD ./Drivers/STM32F1xx_HAL_Driver/Src/stm32f1xx_hal_pwr.o
LOAD ./Drivers/STM32F1xx_HAL_Driver/Src/stm32f1xx_hal_rcc.o
LOAD ./Drivers/STM32F1xx_HAL_Driver/Src/stm32f1xx_hal_rcc_ex.o
LOAD ./Drivers/STM32F1xx_HAL_Driver/Src/stm32f1xx_hal_spi.o
LOAD ./Drivers/STM32F1xx_HAL_Driver/Src/stm32f1xx_hal_tim.o
LOAD ./Drivers/STM32F1xx_HAL_Driver/Src/stm32f1xx_hal_tim_ex.o
LOAD ./Drivers/STM32F1xx_HAL_Driver/Src/stm32f1xx_hal_uart.o
LOAD ./FATFS/App/fatfs.o
LOAD ./FATFS/Target/user_diskio.o
LOAD ./Middlewares/Third_Party/FatFs/src/diskio.o
LOAD ./Middlewares/Third_Party/FatFs/src/ff.o
LOAD ./Middlewares/Third_Party/FatFs/src/ff_gen_drv.o
LOAD ./Middlewares/Third_Party/FatFs/src/option/syscall.o
START GROUP
LOAD c:/st/stm32cubeide_1.7.0/stm32cubeide/plugins/com.st.stm32cube.ide.mcu.externaltools.gnu-tools-for-stm32.10.3-2021.10.win32_1.0.0.202111181127/tools/bin/../lib/gcc/arm-none-eabi/10.3.1/../../../../arm-none-eabi/lib/thumb/v7-m/nofp\libc_nano.a
LOAD c:/st/stm32cubeide_1.7.0/stm32cubeide/plugins/com.st.stm32cube.ide.mcu.externaltools.gnu-tools-for-stm32.10.3-2021.10.win32_1.0.0.202111181127/tools/bin/../lib/gcc/arm-none-eabi/10.3.1/../../../../arm-none-eabi/lib/thumb/v7-m/nofp\libm.a
END GROUP
START GROUP
LOAD c:/st/stm32cubeide_1.7.0/stm32cubeide/plugins/com.st.stm32cube.ide.mcu.externaltools.gnu-tools-for-stm32.10.3-2021.10.win32_1.0.0.202111181127/tools/bin/../lib/gcc/arm-none-eabi/10.3.1/thumb/v7-m/nofp\libgcc.a
LOAD c:/st/stm32cubeide_1.7.0/stm32cubeide/plugins/com.st.stm32cube.ide.mcu.externaltools.gnu-tools-for-stm32.10.3-2021.10.win32_1.0.0.202111181127/tools/bin/../lib/gcc/arm-none-eabi/10.3.1/../../../../arm-none-eabi/lib/thumb/v7-m/nofp\libc_nano.a
END GROUP
START GROUP
LOAD c:/st/stm32cubeide_1.7.0/stm32cubeide/plugins/com.st.stm32cube.ide.mcu.externaltools.gnu-tools-for-stm32.10.3-2021.10.win32_1.0.0.202111181127/tools/bin/../lib/gcc/arm-none-eabi/10.3.1/thumb/v7-m/nofp\libgcc.a
LOAD c:/st/stm32cubeide_1.7.0/stm32cubeide/plugins/com.st.stm32cube.ide.mcu.externaltools.gnu-tools-for-stm32.10.3-2021.10.win32_1.0.0.202111181127/tools/bin/../lib/gcc/arm-none-eabi/10.3.1/../../../../arm-none-eabi/lib/thumb/v7-m/nofp\libc_nano.a
LOAD c:/st/stm32cubeide_1.7.0/stm32cubeide/plugins/com.st.stm32cube.ide.mcu.externaltools.gnu-tools-for-stm32.10.3-2021.10.win32_1.0.0.202111181127/tools/bin/../lib/gcc/arm-none-eabi/10.3.1/../../../../arm-none-eabi/lib/thumb/v7-m/nofp\libnosys.a
END GROUP
START GROUP
LOAD c:/st/stm32cubeide_1.7.0/stm32cubeide/plugins/com.st.stm32cube.ide.mcu.externaltools.gnu-tools-for-stm32.10.3-2021.10.win32_1.0.0.202111181127/tools/bin/../lib/gcc/arm-none-eabi/10.3.1/thumb/v7-m/nofp\libgcc.a
LOAD c:/st/stm32cubeide_1.7.0/stm32cubeide/plugins/com.st.stm32cube.ide.mcu.externaltools.gnu-tools-for-stm32.10.3-2021.10.win32_1.0.0.202111181127/tools/bin/../lib/gcc/arm-none-eabi/10.3.1/../../../../arm-none-eabi/lib/thumb/v7-m/nofp\libc_nano.a
LOAD c:/st/stm32cubeide_1.7.0/stm32cubeide/plugins/com.st.stm32cube.ide.mcu.externaltools.gnu-tools-for-stm32.10.3-2021.10.win32_1.0.0.202111181127/tools/bin/../lib/gcc/arm-none-eabi/10.3.1/../../../../arm-none-eabi/lib/thumb/v7-m/nofp\libnosys.a
END GROUP
LOAD c:/st/stm32cubeide_1.7.0/stm32cubeide/plugins/com.st.stm32cube.ide.mcu.externaltools.gnu-tools-for-stm32.10.3-2021.10.win32_1.0.0.202111181127/tools/bin/../lib/gcc/arm-none-eabi/10.3.1/thumb/v7-m/nofp/crtend.o
LOAD c:/st/stm32cubeide_1.7.0/stm32cubeide/plugins/com.st.stm32cube.ide.mcu.externaltools.gnu-tools-for-stm32.10.3-2021.10.win32_1.0.0.202111181127/tools/bin/../lib/gcc/arm-none-eabi/10.3.1/thumb/v7-m/nofp/crtn.o
                0x0000000020005000                _estack = (ORIGIN (RAM) + LENGTH (RAM))
                0x0000000000000200                _Min_Heap_Size = 0x200
                0x0000000000000400                _Min_Stack_Size = 0x400

.isr_vector     0x0000000008000000      0x10c
                0x0000000008000000                . = ALIGN (0x4)
 *(.isr_vector)
 .isr_vector    0x0000000008000000      0x10c ./Core/Startup/startup_stm32f103c8tx.o
                0x0000000008000000                g_pfnVectors
                0x000000000800010c                . = ALIGN (0x4)

.text           0x0000000008000110     0xb9c0
                0x0000000008000110                . = ALIGN (0x4)
 *(.text)
 .text          0x0000000008000110       0x40 c:/st/stm32cubeide_1.7.0/stm32cubeide/plugins/com.st.stm32cube.ide.mcu.externaltools.gnu-tools-for-stm32.10.3-2021.10.win32_1.0.0.202111181127/tools/bin/../lib/gcc/arm-none-eabi/10.3.1/thumb/v7-m/nofp/crtbegin.o
 .text          0x0000000008000150       0x10 c:/st/stm32cubeide_1.7.0/stm32cubeide/plugins/com.st.stm32cube.ide.mcu.externaltools.gnu-tools-for-stm32.10.3-2021.10.win32_1.0.0.202111181127/tools/bin/../lib/gcc/arm-none-eabi/10.3.1/../../../../arm-none-eabi/lib/thumb/v7-m/nofp\libc_nano.a(lib_a-strlen.o)
                0x0000000008000150                strlen
 .text          0x0000000008000160      0x378 c:/st/stm32cubeide_1.7.0/stm32cubeide/plugins/com.st.stm32cube.ide.mcu.externaltools.gnu-tools-for-stm32.10.3-2021.10.win32_1.0.0.202111181127/tools/bin/../lib/gcc/arm-none-eabi/10.3.1/thumb/v7-m/nofp\libgcc.a(_arm_addsubdf3.o)
                0x0000000008000160                __aeabi_drsub
                0x0000000008000168                __aeabi_dsub
                0x0000000008000168                __subdf3
                0x000000000800016c                __aeabi_dadd
                0x000000000800016c                __adddf3
                0x00000000080003e4                __floatunsidf
                0x00000000080003e4                __aeabi_ui2d
                0x0000000008000404                __floatsidf
                0x0000000008000404                __aeabi_i2d
                0x0000000008000428                __aeabi_f2d
                0x0000000008000428                __extendsfdf2
                0x000000000800046c                __floatundidf
                0x000000000800046c                __aeabi_ul2d
                0x000000000800047c                __floatdidf
                0x000000000800047c                __aeabi_l2d
 .text          0x00000000080004d8      0x424 c:/st/stm32cubeide_1.7.0/stm32cubeide/plugins/com.st.stm32cube.ide.mcu.externaltools.gnu-tools-for-stm32.10.3-2021.10.win32_1.0.0.202111181127/tools/bin/../lib/gcc/arm-none-eabi/10.3.1/thumb/v7-m/nofp\libgcc.a(_arm_muldivdf3.o)
                0x00000000080004d8                __aeabi_dmul
                0x00000000080004d8                __muldf3
                0x000000000800072c                __divdf3
                0x000000000800072c                __aeabi_ddiv
 .text          0x00000000080008fc      0x110 c:/st/stm32cubeide_1.7.0/stm32cubeide/plugins/com.st.stm32cube.ide.mcu.externaltools.gnu-tools-for-stm32.10.3-2021.10.win32_1.0.0.202111181127/tools/bin/../lib/gcc/arm-none-eabi/10.3.1/thumb/v7-m/nofp\libgcc.a(_arm_cmpdf2.o)
                0x00000000080008fc                __gtdf2
                0x00000000080008fc                __gedf2
                0x0000000008000904                __ltdf2
                0x0000000008000904                __ledf2
                0x000000000800090c                __nedf2
                0x000000000800090c                __eqdf2
                0x000000000800090c                __cmpdf2
                0x0000000008000988                __aeabi_cdrcmple
                0x0000000008000998                __aeabi_cdcmpeq
                0x0000000008000998                __aeabi_cdcmple
                0x00000000080009a8                __aeabi_dcmpeq
                0x00000000080009bc                __aeabi_dcmplt
                0x00000000080009d0                __aeabi_dcmple
                0x00000000080009e4                __aeabi_dcmpge
                0x00000000080009f8                __aeabi_dcmpgt
 .text          0x0000000008000a0c       0x2c c:/st/stm32cubeide_1.7.0/stm32cubeide/plugins/com.st.stm32cube.ide.mcu.externaltools.gnu-tools-for-stm32.10.3-2021.10.win32_1.0.0.202111181127/tools/bin/../lib/gcc/arm-none-eabi/10.3.1/thumb/v7-m/nofp\libgcc.a(_arm_unorddf2.o)
                0x0000000008000a0c                __unorddf2
                0x0000000008000a0c                __aeabi_dcmpun
 .text          0x0000000008000a38       0xa0 c:/st/stm32cubeide_1.7.0/stm32cubeide/plugins/com.st.stm32cube.ide.mcu.externaltools.gnu-tools-for-stm32.10.3-2021.10.win32_1.0.0.202111181127/tools/bin/../lib/gcc/arm-none-eabi/10.3.1/thumb/v7-m/nofp\libgcc.a(_arm_truncdfsf2.o)
                0x0000000008000a38                __truncdfsf2
                0x0000000008000a38                __aeabi_d2f
 .text          0x0000000008000ad8      0x21c c:/st/stm32cubeide_1.7.0/stm32cubeide/plugins/com.st.stm32cube.ide.mcu.externaltools.gnu-tools-for-stm32.10.3-2021.10.win32_1.0.0.202111181127/tools/bin/../lib/gcc/arm-none-eabi/10.3.1/thumb/v7-m/nofp\libgcc.a(_arm_addsubsf3.o)
                0x0000000008000ad8                __aeabi_frsub
                0x0000000008000ae0                __subsf3
                0x0000000008000ae0                __aeabi_fsub
                0x0000000008000ae4                __aeabi_fadd
                0x0000000008000ae4                __addsf3
                0x0000000008000c44                __aeabi_ui2f
                0x0000000008000c44                __floatunsisf
                0x0000000008000c4c                __aeabi_i2f
                0x0000000008000c4c                __floatsisf
                0x0000000008000c68                __aeabi_ul2f
                0x0000000008000c68                __floatundisf
                0x0000000008000c78                __aeabi_l2f
                0x0000000008000c78                __floatdisf
 .text          0x0000000008000cf4      0x2a0 c:/st/stm32cubeide_1.7.0/stm32cubeide/plugins/com.st.stm32cube.ide.mcu.externaltools.gnu-tools-for-stm32.10.3-2021.10.win32_1.0.0.202111181127/tools/bin/../lib/gcc/arm-none-eabi/10.3.1/thumb/v7-m/nofp\libgcc.a(_arm_muldivsf3.o)
                0x0000000008000cf4                __mulsf3
                0x0000000008000cf4                __aeabi_fmul
                0x0000000008000e5c                __aeabi_fdiv
                0x0000000008000e5c                __divsf3
 .text          0x0000000008000f94       0xec c:/st/stm32cubeide_1.7.0/stm32cubeide/plugins/com.st.stm32cube.ide.mcu.externaltools.gnu-tools-for-stm32.10.3-2021.10.win32_1.0.0.202111181127/tools/bin/../lib/gcc/arm-none-eabi/10.3.1/thumb/v7-m/nofp\libgcc.a(_arm_cmpsf2.o)
                0x0000000008000f94                __gesf2
                0x0000000008000f94                __gtsf2
                0x0000000008000f9c                __lesf2
                0x0000000008000f9c                __ltsf2
                0x0000000008000fa4                __nesf2
                0x0000000008000fa4                __eqsf2
                0x0000000008000fa4                __cmpsf2
                0x0000000008001004                __aeabi_cfrcmple
                0x000000000800100c                __aeabi_cfcmpeq
                0x000000000800100c                __aeabi_cfcmple
                0x000000000800101c                __aeabi_fcmpeq
                0x0000000008001030                __aeabi_fcmplt
                0x0000000008001044                __aeabi_fcmple
                0x0000000008001058                __aeabi_fcmpge
                0x000000000800106c                __aeabi_fcmpgt
 .text          0x0000000008001080       0x40 c:/st/stm32cubeide_1.7.0/stm32cubeide/plugins/com.st.stm32cube.ide.mcu.externaltools.gnu-tools-for-stm32.10.3-2021.10.win32_1.0.0.202111181127/tools/bin/../lib/gcc/arm-none-eabi/10.3.1/thumb/v7-m/nofp\libgcc.a(_arm_fixunssfsi.o)
                0x0000000008001080                __fixunssfsi
                0x0000000008001080                __aeabi_f2uiz
 *(.text*)
 .text.Inicio_SPO2_HR
                0x00000000080010c0       0x64 ./Core/Src/MAX30100.o
                0x00000000080010c0                Inicio_SPO2_HR
 .text.Lectura_FIFO
                0x0000000008001124      0x124 ./Core/Src/MAX30100.o
                0x0000000008001124                Lectura_FIFO
 .text.Filtrado_DC
                0x0000000008001248       0x70 ./Core/Src/MAX30100.o
                0x0000000008001248                Filtrado_DC
 .text.Mean_Median_Filter
                0x00000000080012b8       0xf0 ./Core/Src/MAX30100.o
                0x00000000080012b8                Mean_Median_Filter
 .text.Filtro_PasabajosButterworth
                0x00000000080013a8       0xa0 ./Core/Src/MAX30100.o
                0x00000000080013a8                Filtro_PasabajosButterworth
 .text.detectPulse
                0x0000000008001448      0x214 ./Core/Src/MAX30100.o
                0x0000000008001448                detectPulse
 .text.Balance_Intensidades
                0x000000000800165c      0x124 ./Core/Src/MAX30100.o
                0x000000000800165c                Balance_Intensidades
 .text.Resetea_Resultados
                0x0000000008001780       0x8e ./Core/Src/MAX30100.o
                0x0000000008001780                Resetea_Resultados
 *fill*         0x000000000800180e        0x2 
 .text.MAX30100_I2C_Write
                0x0000000008001810       0x3c ./Core/Src/MAX30100.o
                0x0000000008001810                MAX30100_I2C_Write
 .text.SPISD_EscribirSector
                0x000000000800184c      0x238 ./Core/Src/SPISD.o
                0x000000000800184c                SPISD_EscribirSector
 .text.SPISD_LeerSector
                0x0000000008001a84      0x15c ./Core/Src/SPISD.o
                0x0000000008001a84                SPISD_LeerSector
 .text.SPISD_EnviarComando
                0x0000000008001be0       0x44 ./Core/Src/SPISD.o
                0x0000000008001be0                SPISD_EnviarComando
 .text.SPISD_RecibirRespuestaComando
                0x0000000008001c24       0x62 ./Core/Src/SPISD.o
                0x0000000008001c24                SPISD_RecibirRespuestaComando
 *fill*         0x0000000008001c86        0x2 
 .text.SPISD_DetectarSD
                0x0000000008001c88      0x1a0 ./Core/Src/SPISD.o
                0x0000000008001c88                SPISD_DetectarSD
 .text.main     0x0000000008001e28      0x638 ./Core/Src/main.o
                0x0000000008001e28                main
 .text.SystemClock_Config
                0x0000000008002460       0x8a ./Core/Src/main.o
                0x0000000008002460                SystemClock_Config
 *fill*         0x00000000080024ea        0x2 
 .text.MX_I2C1_Init
                0x00000000080024ec       0x5c ./Core/Src/main.o
 .text.MX_I2C2_Init
                0x0000000008002548       0x5c ./Core/Src/main.o
 .text.MX_SPI2_Init
                0x00000000080025a4       0x6c ./Core/Src/main.o
 .text.MX_USART2_UART_Init
                0x0000000008002610       0x84 ./Core/Src/main.o
 .text.MX_GPIO_Init
                0x0000000008002694       0xfc ./Core/Src/main.o
 .text.HAL_IncTick
                0x0000000008002790       0x54 ./Core/Src/main.o
                0x0000000008002790                HAL_IncTick
 .text.HAL_UART_RxCpltCallback
                0x00000000080027e4       0x74 ./Core/Src/main.o
                0x00000000080027e4                HAL_UART_RxCpltCallback
 .text.Error_Handler
                0x0000000008002858        0xa ./Core/Src/main.o
                0x0000000008002858                Error_Handler
 .text.SSD1306_ScrollRight
                0x0000000008002862       0x6c ./Core/Src/ssd1306.o
                0x0000000008002862                SSD1306_ScrollRight
 .text.SSD1306_Stopscroll
                0x00000000080028ce       0x12 ./Core/Src/ssd1306.o
                0x00000000080028ce                SSD1306_Stopscroll
 .text.SSD1306_DrawBitmap
                0x00000000080028e0       0xd0 ./Core/Src/ssd1306.o
                0x00000000080028e0                SSD1306_DrawBitmap
 .text.SSD1306_Init
                0x00000000080029b0      0x188 ./Core/Src/ssd1306.o
                0x00000000080029b0                SSD1306_Init
 .text.SSD1306_UpdateScreen
                0x0000000008002b38       0x5c ./Core/Src/ssd1306.o
                0x0000000008002b38                SSD1306_UpdateScreen
 .text.SSD1306_Fill
                0x0000000008002b94       0x30 ./Core/Src/ssd1306.o
                0x0000000008002b94                SSD1306_Fill
 .text.SSD1306_DrawPixel
                0x0000000008002bc4       0xbc ./Core/Src/ssd1306.o
                0x0000000008002bc4                SSD1306_DrawPixel
 .text.SSD1306_GotoXY
                0x0000000008002c80       0x2c ./Core/Src/ssd1306.o
                0x0000000008002c80                SSD1306_GotoXY
 .text.SSD1306_Putc
                0x0000000008002cac      0x100 ./Core/Src/ssd1306.o
                0x0000000008002cac                SSD1306_Putc
 .text.SSD1306_Puts
                0x0000000008002dac       0x4a ./Core/Src/ssd1306.o
                0x0000000008002dac                SSD1306_Puts
 .text.SSD1306_Clear
                0x0000000008002df6       0x12 ./Core/Src/ssd1306.o
                0x0000000008002df6                SSD1306_Clear
 .text.ssd1306_I2C_Init
                0x0000000008002e08       0x28 ./Core/Src/ssd1306.o
                0x0000000008002e08                ssd1306_I2C_Init
 .text.ssd1306_I2C_WriteMulti
                0x0000000008002e30       0xcc ./Core/Src/ssd1306.o
                0x0000000008002e30                ssd1306_I2C_WriteMulti
 .text.ssd1306_I2C_Write
                0x0000000008002efc       0x3c ./Core/Src/ssd1306.o
                0x0000000008002efc                ssd1306_I2C_Write
 .text.HAL_MspInit
                0x0000000008002f38       0x64 ./Core/Src/stm32f1xx_hal_msp.o
                0x0000000008002f38                HAL_MspInit
 .text.HAL_I2C_MspInit
                0x0000000008002f9c       0xf8 ./Core/Src/stm32f1xx_hal_msp.o
                0x0000000008002f9c                HAL_I2C_MspInit
 .text.HAL_SPI_MspInit
                0x0000000008003094       0x98 ./Core/Src/stm32f1xx_hal_msp.o
                0x0000000008003094                HAL_SPI_MspInit
 .text.HAL_UART_MspInit
                0x000000000800312c       0xa4 ./Core/Src/stm32f1xx_hal_msp.o
                0x000000000800312c                HAL_UART_MspInit
 .text.NMI_Handler
                0x00000000080031d0        0x6 ./Core/Src/stm32f1xx_it.o
                0x00000000080031d0                NMI_Handler
 .text.HardFault_Handler
                0x00000000080031d6        0x6 ./Core/Src/stm32f1xx_it.o
                0x00000000080031d6                HardFault_Handler
 .text.MemManage_Handler
                0x00000000080031dc        0x6 ./Core/Src/stm32f1xx_it.o
                0x00000000080031dc                MemManage_Handler
 .text.BusFault_Handler
                0x00000000080031e2        0x6 ./Core/Src/stm32f1xx_it.o
                0x00000000080031e2                BusFault_Handler
 .text.UsageFault_Handler
                0x00000000080031e8        0x6 ./Core/Src/stm32f1xx_it.o
                0x00000000080031e8                UsageFault_Handler
 .text.SVC_Handler
                0x00000000080031ee        0xc ./Core/Src/stm32f1xx_it.o
                0x00000000080031ee                SVC_Handler
 .text.DebugMon_Handler
                0x00000000080031fa        0xc ./Core/Src/stm32f1xx_it.o
                0x00000000080031fa                DebugMon_Handler
 .text.PendSV_Handler
                0x0000000008003206        0xc ./Core/Src/stm32f1xx_it.o
                0x0000000008003206                PendSV_Handler
 .text.SysTick_Handler
                0x0000000008003212        0xc ./Core/Src/stm32f1xx_it.o
                0x0000000008003212                SysTick_Handler
 *fill*         0x000000000800321e        0x2 
 .text.I2C1_EV_IRQHandler
                0x0000000008003220       0x14 ./Core/Src/stm32f1xx_it.o
                0x0000000008003220                I2C1_EV_IRQHandler
 .text.I2C2_EV_IRQHandler
                0x0000000008003234       0x14 ./Core/Src/stm32f1xx_it.o
                0x0000000008003234                I2C2_EV_IRQHandler
 .text.USART2_IRQHandler
                0x0000000008003248       0x14 ./Core/Src/stm32f1xx_it.o
                0x0000000008003248                USART2_IRQHandler
 .text._sbrk    0x000000000800325c       0x6c ./Core/Src/sysmem.o
                0x000000000800325c                _sbrk
 .text.SystemInit
                0x00000000080032c8        0xc ./Core/Src/system_stm32f1xx.o
                0x00000000080032c8                SystemInit
 .text.Reset_Handler
                0x00000000080032d4       0x48 ./Core/Startup/startup_stm32f103c8tx.o
                0x00000000080032d4                Reset_Handler
 .text.Default_Handler
                0x000000000800331c        0x2 ./Core/Startup/startup_stm32f103c8tx.o
                0x000000000800331c                RTC_Alarm_IRQHandler
                0x000000000800331c                EXTI2_IRQHandler
                0x000000000800331c                TIM1_CC_IRQHandler
                0x000000000800331c                PVD_IRQHandler
                0x000000000800331c                EXTI3_IRQHandler
                0x000000000800331c                EXTI0_IRQHandler
                0x000000000800331c                ADC1_2_IRQHandler
                0x000000000800331c                SPI1_IRQHandler
                0x000000000800331c                TAMPER_IRQHandler
                0x000000000800331c                DMA1_Channel4_IRQHandler
                0x000000000800331c                USART3_IRQHandler
                0x000000000800331c                RTC_IRQHandler
                0x000000000800331c                DMA1_Channel7_IRQHandler
                0x000000000800331c                CAN1_RX1_IRQHandler
                0x000000000800331c                TIM4_IRQHandler
                0x000000000800331c                DMA1_Channel6_IRQHandler
                0x000000000800331c                TIM3_IRQHandler
                0x000000000800331c                RCC_IRQHandler
                0x000000000800331c                TIM1_TRG_COM_IRQHandler
                0x000000000800331c                DMA1_Channel1_IRQHandler
                0x000000000800331c                Default_Handler
                0x000000000800331c                EXTI15_10_IRQHandler
                0x000000000800331c                EXTI9_5_IRQHandler
                0x000000000800331c                SPI2_IRQHandler
                0x000000000800331c                DMA1_Channel5_IRQHandler
                0x000000000800331c                EXTI4_IRQHandler
                0x000000000800331c                USB_LP_CAN1_RX0_IRQHandler
                0x000000000800331c                USB_HP_CAN1_TX_IRQHandler
                0x000000000800331c                DMA1_Channel3_IRQHandler
                0x000000000800331c                TIM1_UP_IRQHandler
                0x000000000800331c                WWDG_IRQHandler
                0x000000000800331c                TIM2_IRQHandler
                0x000000000800331c                TIM1_BRK_IRQHandler
                0x000000000800331c                EXTI1_IRQHandler
                0x000000000800331c                I2C2_ER_IRQHandler
                0x000000000800331c                DMA1_Channel2_IRQHandler
                0x000000000800331c                CAN1_SCE_IRQHandler
                0x000000000800331c                FLASH_IRQHandler
                0x000000000800331c                USART1_IRQHandler
                0x000000000800331c                I2C1_ER_IRQHandler
                0x000000000800331c                USBWakeUp_IRQHandler
 *fill*         0x000000000800331e        0x2 
 .text.HAL_Init
                0x0000000008003320       0x2c ./Drivers/STM32F1xx_HAL_Driver/Src/stm32f1xx_hal.o
                0x0000000008003320                HAL_Init
 .text.HAL_InitTick
                0x000000000800334c       0x60 ./Drivers/STM32F1xx_HAL_Driver/Src/stm32f1xx_hal.o
                0x000000000800334c                HAL_InitTick
 .text.HAL_GetTick
                0x00000000080033ac       0x14 ./Drivers/STM32F1xx_HAL_Driver/Src/stm32f1xx_hal.o
                0x00000000080033ac                HAL_GetTick
 .text.HAL_Delay
                0x00000000080033c0       0x48 ./Drivers/STM32F1xx_HAL_Driver/Src/stm32f1xx_hal.o
                0x00000000080033c0                HAL_Delay
 .text.__NVIC_SetPriorityGrouping
                0x0000000008003408       0x48 ./Drivers/STM32F1xx_HAL_Driver/Src/stm32f1xx_hal_cortex.o
 .text.__NVIC_GetPriorityGrouping
                0x0000000008003450       0x1c ./Drivers/STM32F1xx_HAL_Driver/Src/stm32f1xx_hal_cortex.o
 .text.__NVIC_EnableIRQ
                0x000000000800346c       0x38 ./Drivers/STM32F1xx_HAL_Driver/Src/stm32f1xx_hal_cortex.o
 .text.__NVIC_SetPriority
                0x00000000080034a4       0x54 ./Drivers/STM32F1xx_HAL_Driver/Src/stm32f1xx_hal_cortex.o
 .text.NVIC_EncodePriority
                0x00000000080034f8       0x64 ./Drivers/STM32F1xx_HAL_Driver/Src/stm32f1xx_hal_cortex.o
 .text.SysTick_Config
                0x000000000800355c       0x44 ./Drivers/STM32F1xx_HAL_Driver/Src/stm32f1xx_hal_cortex.o
 .text.HAL_NVIC_SetPriorityGrouping
                0x00000000080035a0       0x16 ./Drivers/STM32F1xx_HAL_Driver/Src/stm32f1xx_hal_cortex.o
                0x00000000080035a0                HAL_NVIC_SetPriorityGrouping
 .text.HAL_NVIC_SetPriority
                0x00000000080035b6       0x38 ./Drivers/STM32F1xx_HAL_Driver/Src/stm32f1xx_hal_cortex.o
                0x00000000080035b6                HAL_NVIC_SetPriority
 .text.HAL_NVIC_EnableIRQ
                0x00000000080035ee       0x1c ./Drivers/STM32F1xx_HAL_Driver/Src/stm32f1xx_hal_cortex.o
                0x00000000080035ee                HAL_NVIC_EnableIRQ
 .text.HAL_SYSTICK_Config
                0x000000000800360a       0x18 ./Drivers/STM32F1xx_HAL_Driver/Src/stm32f1xx_hal_cortex.o
                0x000000000800360a                HAL_SYSTICK_Config
 .text.HAL_DMA_Abort
                0x0000000008003622       0x74 ./Drivers/STM32F1xx_HAL_Driver/Src/stm32f1xx_hal_dma.o
                0x0000000008003622                HAL_DMA_Abort
 *fill*         0x0000000008003696        0x2 
 .text.HAL_DMA_Abort_IT
                0x0000000008003698       0xec ./Drivers/STM32F1xx_HAL_Driver/Src/stm32f1xx_hal_dma.o
                0x0000000008003698                HAL_DMA_Abort_IT
 .text.HAL_DMA_GetState
                0x0000000008003784       0x18 ./Drivers/STM32F1xx_HAL_Driver/Src/stm32f1xx_hal_dma.o
                0x0000000008003784                HAL_DMA_GetState
 .text.HAL_GPIO_Init
                0x000000000800379c      0x308 ./Drivers/STM32F1xx_HAL_Driver/Src/stm32f1xx_hal_gpio.o
                0x000000000800379c                HAL_GPIO_Init
 .text.HAL_GPIO_WritePin
                0x0000000008003aa4       0x30 ./Drivers/STM32F1xx_HAL_Driver/Src/stm32f1xx_hal_gpio.o
                0x0000000008003aa4                HAL_GPIO_WritePin
 .text.HAL_I2C_Init
                0x0000000008003ad4      0x288 ./Drivers/STM32F1xx_HAL_Driver/Src/stm32f1xx_hal_i2c.o
                0x0000000008003ad4                HAL_I2C_Init
 .text.HAL_I2C_Master_Transmit
                0x0000000008003d5c      0x1fc ./Drivers/STM32F1xx_HAL_Driver/Src/stm32f1xx_hal_i2c.o
                0x0000000008003d5c                HAL_I2C_Master_Transmit
 .text.HAL_I2C_Master_Receive
                0x0000000008003f58      0x4c0 ./Drivers/STM32F1xx_HAL_Driver/Src/stm32f1xx_hal_i2c.o
                0x0000000008003f58                HAL_I2C_Master_Receive
 .text.HAL_I2C_IsDeviceReady
                0x0000000008004418      0x25c ./Drivers/STM32F1xx_HAL_Driver/Src/stm32f1xx_hal_i2c.o
                0x0000000008004418                HAL_I2C_IsDeviceReady
 .text.HAL_I2C_EV_IRQHandler
                0x0000000008004674      0x2e2 ./Drivers/STM32F1xx_HAL_Driver/Src/stm32f1xx_hal_i2c.o
                0x0000000008004674                HAL_I2C_EV_IRQHandler
 .text.HAL_I2C_MasterTxCpltCallback
                0x0000000008004956       0x12 ./Drivers/STM32F1xx_HAL_Driver/Src/stm32f1xx_hal_i2c.o
                0x0000000008004956                HAL_I2C_MasterTxCpltCallback
 .text.HAL_I2C_MasterRxCpltCallback
                0x0000000008004968       0x12 ./Drivers/STM32F1xx_HAL_Driver/Src/stm32f1xx_hal_i2c.o
                0x0000000008004968                HAL_I2C_MasterRxCpltCallback
 .text.HAL_I2C_SlaveTxCpltCallback
                0x000000000800497a       0x12 ./Drivers/STM32F1xx_HAL_Driver/Src/stm32f1xx_hal_i2c.o
                0x000000000800497a                HAL_I2C_SlaveTxCpltCallback
 .text.HAL_I2C_SlaveRxCpltCallback
                0x000000000800498c       0x12 ./Drivers/STM32F1xx_HAL_Driver/Src/stm32f1xx_hal_i2c.o
                0x000000000800498c                HAL_I2C_SlaveRxCpltCallback
 .text.HAL_I2C_AddrCallback
                0x000000000800499e       0x1a ./Drivers/STM32F1xx_HAL_Driver/Src/stm32f1xx_hal_i2c.o
                0x000000000800499e                HAL_I2C_AddrCallback
 .text.HAL_I2C_ListenCpltCallback
                0x00000000080049b8       0x12 ./Drivers/STM32F1xx_HAL_Driver/Src/stm32f1xx_hal_i2c.o
                0x00000000080049b8                HAL_I2C_ListenCpltCallback
 .text.HAL_I2C_MemTxCpltCallback
                0x00000000080049ca       0x12 ./Drivers/STM32F1xx_HAL_Driver/Src/stm32f1xx_hal_i2c.o
                0x00000000080049ca                HAL_I2C_MemTxCpltCallback
 .text.HAL_I2C_MemRxCpltCallback
                0x00000000080049dc       0x12 ./Drivers/STM32F1xx_HAL_Driver/Src/stm32f1xx_hal_i2c.o
                0x00000000080049dc                HAL_I2C_MemRxCpltCallback
 .text.HAL_I2C_ErrorCallback
                0x00000000080049ee       0x12 ./Drivers/STM32F1xx_HAL_Driver/Src/stm32f1xx_hal_i2c.o
                0x00000000080049ee                HAL_I2C_ErrorCallback
 .text.HAL_I2C_AbortCpltCallback
                0x0000000008004a00       0x12 ./Drivers/STM32F1xx_HAL_Driver/Src/stm32f1xx_hal_i2c.o
                0x0000000008004a00                HAL_I2C_AbortCpltCallback
 .text.I2C_MasterTransmit_TXE
                0x0000000008004a12      0x138 ./Drivers/STM32F1xx_HAL_Driver/Src/stm32f1xx_hal_i2c.o
 .text.I2C_MasterTransmit_BTF
                0x0000000008004b4a       0xec ./Drivers/STM32F1xx_HAL_Driver/Src/stm32f1xx_hal_i2c.o
 .text.I2C_MemoryTransmit_TXE_BTF
                0x0000000008004c36      0x128 ./Drivers/STM32F1xx_HAL_Driver/Src/stm32f1xx_hal_i2c.o
 .text.I2C_MasterReceive_RXNE
                0x0000000008004d5e      0x162 ./Drivers/STM32F1xx_HAL_Driver/Src/stm32f1xx_hal_i2c.o
 .text.I2C_MasterReceive_BTF
                0x0000000008004ec0      0x1d4 ./Drivers/STM32F1xx_HAL_Driver/Src/stm32f1xx_hal_i2c.o
 .text.I2C_Master_SB
                0x0000000008005094      0x10a ./Drivers/STM32F1xx_HAL_Driver/Src/stm32f1xx_hal_i2c.o
 .text.I2C_Master_ADD10
                0x000000000800519e       0x52 ./Drivers/STM32F1xx_HAL_Driver/Src/stm32f1xx_hal_i2c.o
 .text.I2C_Master_ADDR
                0x00000000080051f0      0x336 ./Drivers/STM32F1xx_HAL_Driver/Src/stm32f1xx_hal_i2c.o
 .text.I2C_SlaveTransmit_TXE
                0x0000000008005526       0x7a ./Drivers/STM32F1xx_HAL_Driver/Src/stm32f1xx_hal_i2c.o
 .text.I2C_SlaveTransmit_BTF
                0x00000000080055a0       0x40 ./Drivers/STM32F1xx_HAL_Driver/Src/stm32f1xx_hal_i2c.o
 .text.I2C_SlaveReceive_RXNE
                0x00000000080055e0       0x7c ./Drivers/STM32F1xx_HAL_Driver/Src/stm32f1xx_hal_i2c.o
 .text.I2C_SlaveReceive_BTF
                0x000000000800565c       0x42 ./Drivers/STM32F1xx_HAL_Driver/Src/stm32f1xx_hal_i2c.o
 .text.I2C_Slave_ADDR
                0x000000000800569e       0x94 ./Drivers/STM32F1xx_HAL_Driver/Src/stm32f1xx_hal_i2c.o
 *fill*         0x0000000008005732        0x2 
 .text.I2C_Slave_STOPF
                0x0000000008005734      0x260 ./Drivers/STM32F1xx_HAL_Driver/Src/stm32f1xx_hal_i2c.o
 .text.I2C_ITError
                0x0000000008005994      0x264 ./Drivers/STM32F1xx_HAL_Driver/Src/stm32f1xx_hal_i2c.o
 .text.I2C_MasterRequestWrite
                0x0000000008005bf8      0x104 ./Drivers/STM32F1xx_HAL_Driver/Src/stm32f1xx_hal_i2c.o
 .text.I2C_MasterRequestRead
                0x0000000008005cfc      0x19c ./Drivers/STM32F1xx_HAL_Driver/Src/stm32f1xx_hal_i2c.o
 .text.I2C_DMAAbort
                0x0000000008005e98      0x150 ./Drivers/STM32F1xx_HAL_Driver/Src/stm32f1xx_hal_i2c.o
 .text.I2C_WaitOnFlagUntilTimeout
                0x0000000008005fe8       0xae ./Drivers/STM32F1xx_HAL_Driver/Src/stm32f1xx_hal_i2c.o
 .text.I2C_WaitOnMasterAddressFlagUntilTimeout
                0x0000000008006096       0xfe ./Drivers/STM32F1xx_HAL_Driver/Src/stm32f1xx_hal_i2c.o
 .text.I2C_WaitOnTXEFlagUntilTimeout
                0x0000000008006194       0x82 ./Drivers/STM32F1xx_HAL_Driver/Src/stm32f1xx_hal_i2c.o
 .text.I2C_WaitOnBTFFlagUntilTimeout
                0x0000000008006216       0x82 ./Drivers/STM32F1xx_HAL_Driver/Src/stm32f1xx_hal_i2c.o
 .text.I2C_WaitOnSTOPRequestThroughIT
                0x0000000008006298       0x64 ./Drivers/STM32F1xx_HAL_Driver/Src/stm32f1xx_hal_i2c.o
 .text.I2C_WaitOnRXNEFlagUntilTimeout
                0x00000000080062fc       0xac ./Drivers/STM32F1xx_HAL_Driver/Src/stm32f1xx_hal_i2c.o
 .text.I2C_IsAcknowledgeFailed
                0x00000000080063a8       0x5c ./Drivers/STM32F1xx_HAL_Driver/Src/stm32f1xx_hal_i2c.o
 .text.I2C_ConvertOtherXferOptions
                0x0000000008006404       0x34 ./Drivers/STM32F1xx_HAL_Driver/Src/stm32f1xx_hal_i2c.o
 .text.HAL_RCC_OscConfig
                0x0000000008006438      0x504 ./Drivers/STM32F1xx_HAL_Driver/Src/stm32f1xx_hal_rcc.o
                0x0000000008006438                HAL_RCC_OscConfig
 .text.HAL_RCC_ClockConfig
                0x000000000800693c      0x1d4 ./Drivers/STM32F1xx_HAL_Driver/Src/stm32f1xx_hal_rcc.o
                0x000000000800693c                HAL_RCC_ClockConfig
 .text.HAL_RCC_GetSysClockFreq
                0x0000000008006b10       0xbc ./Drivers/STM32F1xx_HAL_Driver/Src/stm32f1xx_hal_rcc.o
                0x0000000008006b10                HAL_RCC_GetSysClockFreq
 .text.HAL_RCC_GetHCLKFreq
                0x0000000008006bcc       0x14 ./Drivers/STM32F1xx_HAL_Driver/Src/stm32f1xx_hal_rcc.o
                0x0000000008006bcc                HAL_RCC_GetHCLKFreq
 .text.HAL_RCC_GetPCLK1Freq
                0x0000000008006be0       0x28 ./Drivers/STM32F1xx_HAL_Driver/Src/stm32f1xx_hal_rcc.o
                0x0000000008006be0                HAL_RCC_GetPCLK1Freq
 .text.HAL_RCC_GetPCLK2Freq
                0x0000000008006c08       0x28 ./Drivers/STM32F1xx_HAL_Driver/Src/stm32f1xx_hal_rcc.o
                0x0000000008006c08                HAL_RCC_GetPCLK2Freq
 .text.RCC_Delay
                0x0000000008006c30       0x3c ./Drivers/STM32F1xx_HAL_Driver/Src/stm32f1xx_hal_rcc.o
 .text.HAL_SPI_Init
                0x0000000008006c6c      0x108 ./Drivers/STM32F1xx_HAL_Driver/Src/stm32f1xx_hal_spi.o
                0x0000000008006c6c                HAL_SPI_Init
 .text.HAL_SPI_Transmit
                0x0000000008006d74      0x278 ./Drivers/STM32F1xx_HAL_Driver/Src/stm32f1xx_hal_spi.o
                0x0000000008006d74                HAL_SPI_Transmit
 .text.HAL_SPI_Receive
                0x0000000008006fec      0x222 ./Drivers/STM32F1xx_HAL_Driver/Src/stm32f1xx_hal_spi.o
                0x0000000008006fec                HAL_SPI_Receive
 .text.HAL_SPI_TransmitReceive
                0x000000000800720e      0x344 ./Drivers/STM32F1xx_HAL_Driver/Src/stm32f1xx_hal_spi.o
                0x000000000800720e                HAL_SPI_TransmitReceive
 *fill*         0x0000000008007552        0x2 
 .text.SPI_WaitFlagStateUntilTimeout
                0x0000000008007554      0x110 ./Drivers/STM32F1xx_HAL_Driver/Src/stm32f1xx_hal_spi.o
 .text.SPI_EndRxTransaction
                0x0000000008007664       0xa4 ./Drivers/STM32F1xx_HAL_Driver/Src/stm32f1xx_hal_spi.o
 .text.SPI_EndRxTxTransaction
                0x0000000008007708       0x3c ./Drivers/STM32F1xx_HAL_Driver/Src/stm32f1xx_hal_spi.o
 .text.HAL_UART_Init
                0x0000000008007744       0x9a ./Drivers/STM32F1xx_HAL_Driver/Src/stm32f1xx_hal_uart.o
                0x0000000008007744                HAL_UART_Init
 .text.HAL_UART_Transmit
                0x00000000080077de      0x124 ./Drivers/STM32F1xx_HAL_Driver/Src/stm32f1xx_hal_uart.o
                0x00000000080077de                HAL_UART_Transmit
 .text.HAL_UART_Transmit_IT
                0x0000000008007902       0x88 ./Drivers/STM32F1xx_HAL_Driver/Src/stm32f1xx_hal_uart.o
                0x0000000008007902                HAL_UART_Transmit_IT
 .text.HAL_UART_Receive_IT
                0x000000000800798a       0x60 ./Drivers/STM32F1xx_HAL_Driver/Src/stm32f1xx_hal_uart.o
                0x000000000800798a                HAL_UART_Receive_IT
 *fill*         0x00000000080079ea        0x2 
 .text.HAL_UART_IRQHandler
                0x00000000080079ec      0x354 ./Drivers/STM32F1xx_HAL_Driver/Src/stm32f1xx_hal_uart.o
                0x00000000080079ec                HAL_UART_IRQHandler
 .text.HAL_UART_TxCpltCallback
                0x0000000008007d40       0x12 ./Drivers/STM32F1xx_HAL_Driver/Src/stm32f1xx_hal_uart.o
                0x0000000008007d40                HAL_UART_TxCpltCallback
 .text.HAL_UART_ErrorCallback
                0x0000000008007d52       0x12 ./Drivers/STM32F1xx_HAL_Driver/Src/stm32f1xx_hal_uart.o
                0x0000000008007d52                HAL_UART_ErrorCallback
 .text.HAL_UARTEx_RxEventCallback
                0x0000000008007d64       0x16 ./Drivers/STM32F1xx_HAL_Driver/Src/stm32f1xx_hal_uart.o
                0x0000000008007d64                HAL_UARTEx_RxEventCallback
 .text.UART_WaitOnFlagUntilTimeout
                0x0000000008007d7a       0x94 ./Drivers/STM32F1xx_HAL_Driver/Src/stm32f1xx_hal_uart.o
 .text.UART_Start_Receive_IT
                0x0000000008007e0e       0x72 ./Drivers/STM32F1xx_HAL_Driver/Src/stm32f1xx_hal_uart.o
                0x0000000008007e0e                UART_Start_Receive_IT
 .text.UART_EndRxTransfer
                0x0000000008007e80       0x58 ./Drivers/STM32F1xx_HAL_Driver/Src/stm32f1xx_hal_uart.o
 .text.UART_DMAAbortOnError
                0x0000000008007ed8       0x28 ./Drivers/STM32F1xx_HAL_Driver/Src/stm32f1xx_hal_uart.o
 .text.UART_Transmit_IT
                0x0000000008007f00       0x9e ./Drivers/STM32F1xx_HAL_Driver/Src/stm32f1xx_hal_uart.o
 .text.UART_EndTransmit_IT
                0x0000000008007f9e       0x30 ./Drivers/STM32F1xx_HAL_Driver/Src/stm32f1xx_hal_uart.o
 .text.UART_Receive_IT
                0x0000000008007fce      0x152 ./Drivers/STM32F1xx_HAL_Driver/Src/stm32f1xx_hal_uart.o
 .text.UART_SetConfig
                0x0000000008008120      0x11c ./Drivers/STM32F1xx_HAL_Driver/Src/stm32f1xx_hal_uart.o
 .text.MX_FATFS_Init
                0x000000000800823c       0x24 ./FATFS/App/fatfs.o
                0x000000000800823c                MX_FATFS_Init
 .text.get_fattime
                0x0000000008008260        0xe ./FATFS/App/fatfs.o
                0x0000000008008260                get_fattime
 *fill*         0x000000000800826e        0x2 
 .text.USER_initialize
                0x0000000008008270       0x44 ./FATFS/Target/user_diskio.o
                0x0000000008008270                USER_initialize
 .text.USER_status
                0x00000000080082b4       0x16 ./FATFS/Target/user_diskio.o
                0x00000000080082b4                USER_status
 *fill*         0x00000000080082ca        0x2 
 .text.USER_read
                0x00000000080082cc       0x54 ./FATFS/Target/user_diskio.o
                0x00000000080082cc                USER_read
 .text.USER_write
                0x0000000008008320       0x3c ./FATFS/Target/user_diskio.o
                0x0000000008008320                USER_write
 .text.USER_ioctl
                0x000000000800835c       0x20 ./FATFS/Target/user_diskio.o
                0x000000000800835c                USER_ioctl
 .text.disk_status
                0x000000000800837c       0x34 ./Middlewares/Third_Party/FatFs/src/diskio.o
                0x000000000800837c                disk_status
 .text.disk_initialize
                0x00000000080083b0       0x4c ./Middlewares/Third_Party/FatFs/src/diskio.o
                0x00000000080083b0                disk_initialize
 .text.disk_read
                0x00000000080083fc       0x40 ./Middlewares/Third_Party/FatFs/src/diskio.o
                0x00000000080083fc                disk_read
 .text.disk_write
                0x000000000800843c       0x40 ./Middlewares/Third_Party/FatFs/src/diskio.o
                0x000000000800843c                disk_write
 .text.disk_ioctl
                0x000000000800847c       0x3c ./Middlewares/Third_Party/FatFs/src/diskio.o
                0x000000000800847c                disk_ioctl
 .text.mem_cpy  0x00000000080084b8       0x3c ./Middlewares/Third_Party/FatFs/src/ff.o
 .text.mem_set  0x00000000080084f4       0x34 ./Middlewares/Third_Party/FatFs/src/ff.o
 .text.mem_cmp  0x0000000008008528       0x4c ./Middlewares/Third_Party/FatFs/src/ff.o
 .text.chk_chr  0x0000000008008574       0x34 ./Middlewares/Third_Party/FatFs/src/ff.o
 .text.chk_lock
                0x00000000080085a8       0xd8 ./Middlewares/Third_Party/FatFs/src/ff.o
 .text.enq_lock
                0x0000000008008680       0x48 ./Middlewares/Third_Party/FatFs/src/ff.o
 .text.inc_lock
                0x00000000080086c8      0x16c ./Middlewares/Third_Party/FatFs/src/ff.o
 .text.dec_lock
                0x0000000008008834       0x88 ./Middlewares/Third_Party/FatFs/src/ff.o
 .text.clear_lock
                0x00000000080088bc       0x54 ./Middlewares/Third_Party/FatFs/src/ff.o
 .text.sync_window
                0x0000000008008910       0x92 ./Middlewares/Third_Party/FatFs/src/ff.o
 .text.move_window
                0x00000000080089a2       0x5c ./Middlewares/Third_Party/FatFs/src/ff.o
 .text.sync_fs  0x00000000080089fe      0x15a ./Middlewares/Third_Party/FatFs/src/ff.o
 .text.clust2sect
                0x0000000008008b58       0x42 ./Middlewares/Third_Party/FatFs/src/ff.o
                0x0000000008008b58                clust2sect
 .text.get_fat  0x0000000008008b9a      0x174 ./Middlewares/Third_Party/FatFs/src/ff.o
                0x0000000008008b9a                get_fat
 .text.put_fat  0x0000000008008d0e      0x21c ./Middlewares/Third_Party/FatFs/src/ff.o
                0x0000000008008d0e                put_fat
 .text.remove_chain
                0x0000000008008f2a       0xb4 ./Middlewares/Third_Party/FatFs/src/ff.o
 .text.create_chain
                0x0000000008008fde      0x13a ./Middlewares/Third_Party/FatFs/src/ff.o
 .text.clmt_clust
                0x0000000008009118       0x68 ./Middlewares/Third_Party/FatFs/src/ff.o
 .text.dir_sdi  0x0000000008009180      0x128 ./Middlewares/Third_Party/FatFs/src/ff.o
 .text.dir_next
                0x00000000080092a8      0x1ee ./Middlewares/Third_Party/FatFs/src/ff.o
 .text.dir_alloc
                0x0000000008009496       0x94 ./Middlewares/Third_Party/FatFs/src/ff.o
 .text.ld_clust
                0x000000000800952a       0x5a ./Middlewares/Third_Party/FatFs/src/ff.o
 .text.st_clust
                0x0000000008009584       0x4c ./Middlewares/Third_Party/FatFs/src/ff.o
 .text.dir_find
                0x00000000080095d0       0x9e ./Middlewares/Third_Party/FatFs/src/ff.o
 .text.dir_register
                0x000000000800966e       0x72 ./Middlewares/Third_Party/FatFs/src/ff.o
 .text.create_name
                0x00000000080096e0      0x180 ./Middlewares/Third_Party/FatFs/src/ff.o
 .text.follow_path
                0x0000000008009860       0xdc ./Middlewares/Third_Party/FatFs/src/ff.o
 .text.get_ldnumber
                0x000000000800993c       0x86 ./Middlewares/Third_Party/FatFs/src/ff.o
 *fill*         0x00000000080099c2        0x2 
 .text.check_fs
                0x00000000080099c4       0xd4 ./Middlewares/Third_Party/FatFs/src/ff.o
 .text.find_volume
                0x0000000008009a98      0x590 ./Middlewares/Third_Party/FatFs/src/ff.o
 .text.validate
                0x000000000800a028       0x66 ./Middlewares/Third_Party/FatFs/src/ff.o
 *fill*         0x000000000800a08e        0x2 
 .text.f_mount  0x000000000800a090       0x90 ./Middlewares/Third_Party/FatFs/src/ff.o
                0x000000000800a090                f_mount
 .text.f_open   0x000000000800a120      0x4f2 ./Middlewares/Third_Party/FatFs/src/ff.o
                0x000000000800a120                f_open
 .text.f_write  0x000000000800a612      0x35a ./Middlewares/Third_Party/FatFs/src/ff.o
                0x000000000800a612                f_write
 .text.f_sync   0x000000000800a96c      0x174 ./Middlewares/Third_Party/FatFs/src/ff.o
                0x000000000800a96c                f_sync
 .text.f_close  0x000000000800aae0       0x50 ./Middlewares/Third_Party/FatFs/src/ff.o
                0x000000000800aae0                f_close
 .text.FATFS_LinkDriverEx
                0x000000000800ab30       0x94 ./Middlewares/Third_Party/FatFs/src/ff_gen_drv.o
                0x000000000800ab30                FATFS_LinkDriverEx
 .text.FATFS_LinkDriver
                0x000000000800abc4       0x1e ./Middlewares/Third_Party/FatFs/src/ff_gen_drv.o
                0x000000000800abc4                FATFS_LinkDriver
 *fill*         0x000000000800abe2        0x2 
 .text.__errno  0x000000000800abe4        0xc c:/st/stm32cubeide_1.7.0/stm32cubeide/plugins/com.st.stm32cube.ide.mcu.externaltools.gnu-tools-for-stm32.10.3-2021.10.win32_1.0.0.202111181127/tools/bin/../lib/gcc/arm-none-eabi/10.3.1/../../../../arm-none-eabi/lib/thumb/v7-m/nofp\libc_nano.a(lib_a-errno.o)
                0x000000000800abe4                __errno
 .text.__libc_init_array
                0x000000000800abf0       0x48 c:/st/stm32cubeide_1.7.0/stm32cubeide/plugins/com.st.stm32cube.ide.mcu.externaltools.gnu-tools-for-stm32.10.3-2021.10.win32_1.0.0.202111181127/tools/bin/../lib/gcc/arm-none-eabi/10.3.1/../../../../arm-none-eabi/lib/thumb/v7-m/nofp\libc_nano.a(lib_a-init.o)
                0x000000000800abf0                __libc_init_array
 .text.memset   0x000000000800ac38       0x10 c:/st/stm32cubeide_1.7.0/stm32cubeide/plugins/com.st.stm32cube.ide.mcu.externaltools.gnu-tools-for-stm32.10.3-2021.10.win32_1.0.0.202111181127/tools/bin/../lib/gcc/arm-none-eabi/10.3.1/../../../../arm-none-eabi/lib/thumb/v7-m/nofp\libc_nano.a(lib_a-memset.o)
                0x000000000800ac38                memset
 .text.sprintf  0x000000000800ac48       0x40 c:/st/stm32cubeide_1.7.0/stm32cubeide/plugins/com.st.stm32cube.ide.mcu.externaltools.gnu-tools-for-stm32.10.3-2021.10.win32_1.0.0.202111181127/tools/bin/../lib/gcc/arm-none-eabi/10.3.1/../../../../arm-none-eabi/lib/thumb/v7-m/nofp\libc_nano.a(lib_a-sprintf.o)
                0x000000000800ac48                siprintf
                0x000000000800ac48                sprintf
 .text.__ssputs_r
                0x000000000800ac88       0xb6 c:/st/stm32cubeide_1.7.0/stm32cubeide/plugins/com.st.stm32cube.ide.mcu.externaltools.gnu-tools-for-stm32.10.3-2021.10.win32_1.0.0.202111181127/tools/bin/../lib/gcc/arm-none-eabi/10.3.1/../../../../arm-none-eabi/lib/thumb/v7-m/nofp\libc_nano.a(lib_a-nano-svfprintf.o)
                0x000000000800ac88                __ssputs_r
 *fill*         0x000000000800ad3e        0x2 
 .text._svfprintf_r
                0x000000000800ad40      0x200 c:/st/stm32cubeide_1.7.0/stm32cubeide/plugins/com.st.stm32cube.ide.mcu.externaltools.gnu-tools-for-stm32.10.3-2021.10.win32_1.0.0.202111181127/tools/bin/../lib/gcc/arm-none-eabi/10.3.1/../../../../arm-none-eabi/lib/thumb/v7-m/nofp\libc_nano.a(lib_a-nano-svfprintf.o)
                0x000000000800ad40                _svfiprintf_r
                0x000000000800ad40                _svfprintf_r
 .text._printf_common
                0x000000000800af40       0xde c:/st/stm32cubeide_1.7.0/stm32cubeide/plugins/com.st.stm32cube.ide.mcu.externaltools.gnu-tools-for-stm32.10.3-2021.10.win32_1.0.0.202111181127/tools/bin/../lib/gcc/arm-none-eabi/10.3.1/../../../../arm-none-eabi/lib/thumb/v7-m/nofp\libc_nano.a(lib_a-nano-vfprintf_i.o)
                0x000000000800af40                _printf_common
 *fill*         0x000000000800b01e        0x2 
 .text._printf_i
                0x000000000800b020      0x24c c:/st/stm32cubeide_1.7.0/stm32cubeide/plugins/com.st.stm32cube.ide.mcu.externaltools.gnu-tools-for-stm32.10.3-2021.10.win32_1.0.0.202111181127/tools/bin/../lib/gcc/arm-none-eabi/10.3.1/../../../../arm-none-eabi/lib/thumb/v7-m/nofp\libc_nano.a(lib_a-nano-vfprintf_i.o)
                0x000000000800b020                _printf_i
 .text.memchr   0x000000000800b26c       0x1c c:/st/stm32cubeide_1.7.0/stm32cubeide/plugins/com.st.stm32cube.ide.mcu.externaltools.gnu-tools-for-stm32.10.3-2021.10.win32_1.0.0.202111181127/tools/bin/../lib/gcc/arm-none-eabi/10.3.1/../../../../arm-none-eabi/lib/thumb/v7-m/nofp\libc_nano.a(lib_a-memchr-stub.o)
                0x000000000800b26c                memchr
 .text.memcpy   0x000000000800b288       0x1c c:/st/stm32cubeide_1.7.0/stm32cubeide/plugins/com.st.stm32cube.ide.mcu.externaltools.gnu-tools-for-stm32.10.3-2021.10.win32_1.0.0.202111181127/tools/bin/../lib/gcc/arm-none-eabi/10.3.1/../../../../arm-none-eabi/lib/thumb/v7-m/nofp\libc_nano.a(lib_a-memcpy-stub.o)
                0x000000000800b288                memcpy
 .text.memmove  0x000000000800b2a4       0x34 c:/st/stm32cubeide_1.7.0/stm32cubeide/plugins/com.st.stm32cube.ide.mcu.externaltools.gnu-tools-for-stm32.10.3-2021.10.win32_1.0.0.202111181127/tools/bin/../lib/gcc/arm-none-eabi/10.3.1/../../../../arm-none-eabi/lib/thumb/v7-m/nofp\libc_nano.a(lib_a-memmove.o)
                0x000000000800b2a4                memmove
 .text._free_r  0x000000000800b2d8       0x90 c:/st/stm32cubeide_1.7.0/stm32cubeide/plugins/com.st.stm32cube.ide.mcu.externaltools.gnu-tools-for-stm32.10.3-2021.10.win32_1.0.0.202111181127/tools/bin/../lib/gcc/arm-none-eabi/10.3.1/../../../../arm-none-eabi/lib/thumb/v7-m/nofp\libc_nano.a(lib_a-nano-freer.o)
                0x000000000800b2d8                _free_r
 .text.sbrk_aligned
                0x000000000800b368       0x40 c:/st/stm32cubeide_1.7.0/stm32cubeide/plugins/com.st.stm32cube.ide.mcu.externaltools.gnu-tools-for-stm32.10.3-2021.10.win32_1.0.0.202111181127/tools/bin/../lib/gcc/arm-none-eabi/10.3.1/../../../../arm-none-eabi/lib/thumb/v7-m/nofp\libc_nano.a(lib_a-nano-mallocr.o)
 .text._malloc_r
                0x000000000800b3a8       0xe8 c:/st/stm32cubeide_1.7.0/stm32cubeide/plugins/com.st.stm32cube.ide.mcu.externaltools.gnu-tools-for-stm32.10.3-2021.10.win32_1.0.0.202111181127/tools/bin/../lib/gcc/arm-none-eabi/10.3.1/../../../../arm-none-eabi/lib/thumb/v7-m/nofp\libc_nano.a(lib_a-nano-mallocr.o)
                0x000000000800b3a8                _malloc_r
 .text._realloc_r
                0x000000000800b490       0x5e c:/st/stm32cubeide_1.7.0/stm32cubeide/plugins/com.st.stm32cube.ide.mcu.externaltools.gnu-tools-for-stm32.10.3-2021.10.win32_1.0.0.202111181127/tools/bin/../lib/gcc/arm-none-eabi/10.3.1/../../../../arm-none-eabi/lib/thumb/v7-m/nofp\libc_nano.a(lib_a-nano-reallocr.o)
                0x000000000800b490                _realloc_r
 *fill*         0x000000000800b4ee        0x2 
 .text._sbrk_r  0x000000000800b4f0       0x20 c:/st/stm32cubeide_1.7.0/stm32cubeide/plugins/com.st.stm32cube.ide.mcu.externaltools.gnu-tools-for-stm32.10.3-2021.10.win32_1.0.0.202111181127/tools/bin/../lib/gcc/arm-none-eabi/10.3.1/../../../../arm-none-eabi/lib/thumb/v7-m/nofp\libc_nano.a(lib_a-sbrkr.o)
                0x000000000800b4f0                _sbrk_r
 .text.__malloc_lock
                0x000000000800b510        0xc c:/st/stm32cubeide_1.7.0/stm32cubeide/plugins/com.st.stm32cube.ide.mcu.externaltools.gnu-tools-for-stm32.10.3-2021.10.win32_1.0.0.202111181127/tools/bin/../lib/gcc/arm-none-eabi/10.3.1/../../../../arm-none-eabi/lib/thumb/v7-m/nofp\libc_nano.a(lib_a-mlock.o)
                0x000000000800b510                __malloc_lock
 .text.__malloc_unlock
                0x000000000800b51c        0xc c:/st/stm32cubeide_1.7.0/stm32cubeide/plugins/com.st.stm32cube.ide.mcu.externaltools.gnu-tools-for-stm32.10.3-2021.10.win32_1.0.0.202111181127/tools/bin/../lib/gcc/arm-none-eabi/10.3.1/../../../../arm-none-eabi/lib/thumb/v7-m/nofp\libc_nano.a(lib_a-mlock.o)
                0x000000000800b51c                __malloc_unlock
 .text._malloc_usable_size_r
                0x000000000800b528       0x10 c:/st/stm32cubeide_1.7.0/stm32cubeide/plugins/com.st.stm32cube.ide.mcu.externaltools.gnu-tools-for-stm32.10.3-2021.10.win32_1.0.0.202111181127/tools/bin/../lib/gcc/arm-none-eabi/10.3.1/../../../../arm-none-eabi/lib/thumb/v7-m/nofp\libc_nano.a(lib_a-nano-msizer.o)
                0x000000000800b528                _malloc_usable_size_r
 .text.__retarget_lock_acquire_recursive
                0x000000000800b538        0x2 c:/st/stm32cubeide_1.7.0/stm32cubeide/plugins/com.st.stm32cube.ide.mcu.externaltools.gnu-tools-for-stm32.10.3-2021.10.win32_1.0.0.202111181127/tools/bin/../lib/gcc/arm-none-eabi/10.3.1/../../../../arm-none-eabi/lib/thumb/v7-m/nofp\libc_nano.a(lib_a-lock.o)
                0x000000000800b538                __retarget_lock_acquire_recursive
 .text.__retarget_lock_release_recursive
                0x000000000800b53a        0x2 c:/st/stm32cubeide_1.7.0/stm32cubeide/plugins/com.st.stm32cube.ide.mcu.externaltools.gnu-tools-for-stm32.10.3-2021.10.win32_1.0.0.202111181127/tools/bin/../lib/gcc/arm-none-eabi/10.3.1/../../../../arm-none-eabi/lib/thumb/v7-m/nofp\libc_nano.a(lib_a-lock.o)
                0x000000000800b53a                __retarget_lock_release_recursive
 .text.log      0x000000000800b53c       0x64 c:/st/stm32cubeide_1.7.0/stm32cubeide/plugins/com.st.stm32cube.ide.mcu.externaltools.gnu-tools-for-stm32.10.3-2021.10.win32_1.0.0.202111181127/tools/bin/../lib/gcc/arm-none-eabi/10.3.1/../../../../arm-none-eabi/lib/thumb/v7-m/nofp\libm.a(lib_a-w_log.o)
                0x000000000800b53c                log
 .text.sqrt     0x000000000800b5a0       0x48 c:/st/stm32cubeide_1.7.0/stm32cubeide/plugins/com.st.stm32cube.ide.mcu.externaltools.gnu-tools-for-stm32.10.3-2021.10.win32_1.0.0.202111181127/tools/bin/../lib/gcc/arm-none-eabi/10.3.1/../../../../arm-none-eabi/lib/thumb/v7-m/nofp\libm.a(lib_a-w_sqrt.o)
                0x000000000800b5a0                sqrt
 .text.__ieee754_log
                0x000000000800b5e8      0x364 c:/st/stm32cubeide_1.7.0/stm32cubeide/plugins/com.st.stm32cube.ide.mcu.externaltools.gnu-tools-for-stm32.10.3-2021.10.win32_1.0.0.202111181127/tools/bin/../lib/gcc/arm-none-eabi/10.3.1/../../../../arm-none-eabi/lib/thumb/v7-m/nofp\libm.a(lib_a-e_log.o)
                0x000000000800b5e8                __ieee754_log
 .text.__ieee754_sqrt
                0x000000000800b94c      0x160 c:/st/stm32cubeide_1.7.0/stm32cubeide/plugins/com.st.stm32cube.ide.mcu.externaltools.gnu-tools-for-stm32.10.3-2021.10.win32_1.0.0.202111181127/tools/bin/../lib/gcc/arm-none-eabi/10.3.1/../../../../arm-none-eabi/lib/thumb/v7-m/nofp\libm.a(lib_a-e_sqrt.o)
                0x000000000800b94c                __ieee754_sqrt
 .text.nan      0x000000000800baac        0xc c:/st/stm32cubeide_1.7.0/stm32cubeide/plugins/com.st.stm32cube.ide.mcu.externaltools.gnu-tools-for-stm32.10.3-2021.10.win32_1.0.0.202111181127/tools/bin/../lib/gcc/arm-none-eabi/10.3.1/../../../../arm-none-eabi/lib/thumb/v7-m/nofp\libm.a(lib_a-s_nan.o)
                0x000000000800baac                nan
 *(.glue_7)
 .glue_7        0x000000000800bab8        0x0 linker stubs
 *(.glue_7t)
 .glue_7t       0x000000000800bab8        0x0 linker stubs
 *(.eh_frame)
 .eh_frame      0x000000000800bab8        0x0 c:/st/stm32cubeide_1.7.0/stm32cubeide/plugins/com.st.stm32cube.ide.mcu.externaltools.gnu-tools-for-stm32.10.3-2021.10.win32_1.0.0.202111181127/tools/bin/../lib/gcc/arm-none-eabi/10.3.1/thumb/v7-m/nofp/crtbegin.o
 *(.init)
 .init          0x000000000800bab8        0x4 c:/st/stm32cubeide_1.7.0/stm32cubeide/plugins/com.st.stm32cube.ide.mcu.externaltools.gnu-tools-for-stm32.10.3-2021.10.win32_1.0.0.202111181127/tools/bin/../lib/gcc/arm-none-eabi/10.3.1/thumb/v7-m/nofp/crti.o
                0x000000000800bab8                _init
 .init          0x000000000800babc        0x8 c:/st/stm32cubeide_1.7.0/stm32cubeide/plugins/com.st.stm32cube.ide.mcu.externaltools.gnu-tools-for-stm32.10.3-2021.10.win32_1.0.0.202111181127/tools/bin/../lib/gcc/arm-none-eabi/10.3.1/thumb/v7-m/nofp/crtn.o
 *(.fini)
 .fini          0x000000000800bac4        0x4 c:/st/stm32cubeide_1.7.0/stm32cubeide/plugins/com.st.stm32cube.ide.mcu.externaltools.gnu-tools-for-stm32.10.3-2021.10.win32_1.0.0.202111181127/tools/bin/../lib/gcc/arm-none-eabi/10.3.1/thumb/v7-m/nofp/crti.o
                0x000000000800bac4                _fini
 .fini          0x000000000800bac8        0x8 c:/st/stm32cubeide_1.7.0/stm32cubeide/plugins/com.st.stm32cube.ide.mcu.externaltools.gnu-tools-for-stm32.10.3-2021.10.win32_1.0.0.202111181127/tools/bin/../lib/gcc/arm-none-eabi/10.3.1/thumb/v7-m/nofp/crtn.o
                0x000000000800bad0                . = ALIGN (0x4)
                0x000000000800bad0                _etext = .

.vfp11_veneer   0x000000000800bad0        0x0
 .vfp11_veneer  0x000000000800bad0        0x0 linker stubs

.v4_bx          0x000000000800bad0        0x0
 .v4_bx         0x000000000800bad0        0x0 linker stubs

.iplt           0x000000000800bad0        0x0
 .iplt          0x000000000800bad0        0x0 c:/st/stm32cubeide_1.7.0/stm32cubeide/plugins/com.st.stm32cube.ide.mcu.externaltools.gnu-tools-for-stm32.10.3-2021.10.win32_1.0.0.202111181127/tools/bin/../lib/gcc/arm-none-eabi/10.3.1/thumb/v7-m/nofp/crtbegin.o

.rodata         0x000000000800bad0     0x2da4
                0x000000000800bad0                . = ALIGN (0x4)
 *(.rodata)
 .rodata        0x000000000800bad0       0x6f ./Core/Src/main.o
 *fill*         0x000000000800bb3f        0x1 
 .rodata        0x000000000800bb40       0x10 ./Drivers/STM32F1xx_HAL_Driver/Src/stm32f1xx_hal_rcc.o
 .rodata        0x000000000800bb50       0x44 ./Middlewares/Third_Party/FatFs/src/ff.o
 *(.rodata*)
 .rodata.Font7x10
                0x000000000800bb94      0x76c ./Core/Src/fonts.o
                0x000000000800bb94                Font7x10
 .rodata.Font11x18
                0x000000000800c300      0xd5c ./Core/Src/fonts.o
                0x000000000800c300                Font11x18
 .rodata.Font16x26
                0x000000000800d05c     0x134c ./Core/Src/fonts.o
                0x000000000800d05c                Font16x26
 .rodata.LOGO   0x000000000800e3a8      0x400 ./Core/Src/main.o
                0x000000000800e3a8                LOGO
 .rodata.AHBPrescTable
                0x000000000800e7a8       0x10 ./Core/Src/system_stm32f1xx.o
                0x000000000800e7a8                AHBPrescTable
 .rodata.APBPrescTable
                0x000000000800e7b8        0x8 ./Core/Src/system_stm32f1xx.o
                0x000000000800e7b8                APBPrescTable
 .rodata.ExCvt  0x000000000800e7c0       0x80 ./Middlewares/Third_Party/FatFs/src/ff.o
 .rodata._svfprintf_r.str1.1
                0x000000000800e840       0x11 c:/st/stm32cubeide_1.7.0/stm32cubeide/plugins/com.st.stm32cube.ide.mcu.externaltools.gnu-tools-for-stm32.10.3-2021.10.win32_1.0.0.202111181127/tools/bin/../lib/gcc/arm-none-eabi/10.3.1/../../../../arm-none-eabi/lib/thumb/v7-m/nofp\libc_nano.a(lib_a-nano-svfprintf.o)
 .rodata._printf_i.str1.1
                0x000000000800e851       0x22 c:/st/stm32cubeide_1.7.0/stm32cubeide/plugins/com.st.stm32cube.ide.mcu.externaltools.gnu-tools-for-stm32.10.3-2021.10.win32_1.0.0.202111181127/tools/bin/../lib/gcc/arm-none-eabi/10.3.1/../../../../arm-none-eabi/lib/thumb/v7-m/nofp\libc_nano.a(lib_a-nano-vfprintf_i.o)
 .rodata.log.str1.1
                0x000000000800e873       0x22 c:/st/stm32cubeide_1.7.0/stm32cubeide/plugins/com.st.stm32cube.ide.mcu.externaltools.gnu-tools-for-stm32.10.3-2021.10.win32_1.0.0.202111181127/tools/bin/../lib/gcc/arm-none-eabi/10.3.1/../../../../arm-none-eabi/lib/thumb/v7-m/nofp\libm.a(lib_a-w_log.o)
                                          0x1 (size before relaxing)
                0x000000000800e898                . = ALIGN (0x4)
 *fill*         0x000000000800e873        0x1 

.rel.dyn        0x000000000800e874        0x0
 .rel.iplt      0x000000000800e874        0x0 c:/st/stm32cubeide_1.7.0/stm32cubeide/plugins/com.st.stm32cube.ide.mcu.externaltools.gnu-tools-for-stm32.10.3-2021.10.win32_1.0.0.202111181127/tools/bin/../lib/gcc/arm-none-eabi/10.3.1/thumb/v7-m/nofp/crtbegin.o

.ARM.extab      0x000000000800e874        0x0
                0x000000000800e874                . = ALIGN (0x4)
 *(.ARM.extab* .gnu.linkonce.armextab.*)
                0x000000000800e874                . = ALIGN (0x4)

.ARM            0x000000000800e874        0x0
                0x000000000800e874                . = ALIGN (0x4)
                0x000000000800e874                __exidx_start = .
 *(.ARM.exidx*)
                0x000000000800e874                __exidx_end = .
                0x000000000800e874                . = ALIGN (0x4)

.preinit_array  0x000000000800e874        0x0
                0x000000000800e874                . = ALIGN (0x4)
                0x000000000800e874                PROVIDE (__preinit_array_start = .)
 *(.preinit_array*)
                0x000000000800e874                PROVIDE (__preinit_array_end = .)
                0x000000000800e874                . = ALIGN (0x4)

.init_array     0x000000000800e874        0x4
                0x000000000800e874                . = ALIGN (0x4)
                0x000000000800e874                PROVIDE (__init_array_start = .)
 *(SORT_BY_NAME(.init_array.*))
 *(.init_array*)
 .init_array    0x000000000800e874        0x4 c:/st/stm32cubeide_1.7.0/stm32cubeide/plugins/com.st.stm32cube.ide.mcu.externaltools.gnu-tools-for-stm32.10.3-2021.10.win32_1.0.0.202111181127/tools/bin/../lib/gcc/arm-none-eabi/10.3.1/thumb/v7-m/nofp/crtbegin.o
                0x000000000800e878                PROVIDE (__init_array_end = .)
                0x000000000800e878                . = ALIGN (0x4)

.fini_array     0x000000000800e878        0x4
                0x000000000800e878                . = ALIGN (0x4)
                [!provide]                        PROVIDE (__fini_array_start = .)
 *(SORT_BY_NAME(.fini_array.*))
 *(.fini_array*)
 .fini_array    0x000000000800e878        0x4 c:/st/stm32cubeide_1.7.0/stm32cubeide/plugins/com.st.stm32cube.ide.mcu.externaltools.gnu-tools-for-stm32.10.3-2021.10.win32_1.0.0.202111181127/tools/bin/../lib/gcc/arm-none-eabi/10.3.1/thumb/v7-m/nofp/crtbegin.o
                [!provide]                        PROVIDE (__fini_array_end = .)
                0x000000000800e87c                . = ALIGN (0x4)
                0x000000000800e87c                _sidata = LOADADDR (.data)

.data           0x0000000020000000      0x108 load address 0x000000000800e87c
                0x0000000020000000                . = ALIGN (0x4)
                0x0000000020000000                _sdata = .
 *(.data)
 *(.data*)
 .data.MAX_ADDRESS_WR
                0x0000000020000000        0x1 ./Core/Src/MAX30100.o
                0x0000000020000000                MAX_ADDRESS_WR
 .data.MAX_ADDRESS_RD
                0x0000000020000001        0x1 ./Core/Src/MAX30100.o
                0x0000000020000001                MAX_ADDRESS_RD
 .data.FIFO_WR_PTR
                0x0000000020000002        0x1 ./Core/Src/MAX30100.o
                0x0000000020000002                FIFO_WR_PTR
 .data.FIFO_RD_PTR
                0x0000000020000003        0x1 ./Core/Src/MAX30100.o
                0x0000000020000003                FIFO_RD_PTR
 .data.FIFO_DATA
                0x0000000020000004        0x1 ./Core/Src/MAX30100.o
                0x0000000020000004                FIFO_DATA
 .data.MODE_RG  0x0000000020000005        0x1 ./Core/Src/MAX30100.o
                0x0000000020000005                MODE_RG
 .data.SPO2_CONFIGURATION
                0x0000000020000006        0x1 ./Core/Src/MAX30100.o
                0x0000000020000006                SPO2_CONFIGURATION
 .data.LED_CONFIGURATION
                0x0000000020000007        0x1 ./Core/Src/MAX30100.o
                0x0000000020000007                LED_CONFIGURATION
 .data.redLEDCurrent
                0x0000000020000008        0x1 ./Core/Src/MAX30100.o
                0x0000000020000008                redLEDCurrent
 *fill*         0x0000000020000009        0x3 
 .data.SPISD_INITSEQ
                0x000000002000000c        0xb ./Core/Src/SPISD.o
                0x000000002000000c                SPISD_INITSEQ
 *fill*         0x0000000020000017        0x1 
 .data.SPISD_CMD0
                0x0000000020000018        0x7 ./Core/Src/SPISD.o
                0x0000000020000018                SPISD_CMD0
 *fill*         0x000000002000001f        0x1 
 .data.SPISD_CMD8
                0x0000000020000020        0x7 ./Core/Src/SPISD.o
                0x0000000020000020                SPISD_CMD8
 *fill*         0x0000000020000027        0x1 
 .data.SPISD_CMD55
                0x0000000020000028        0x7 ./Core/Src/SPISD.o
                0x0000000020000028                SPISD_CMD55
 *fill*         0x000000002000002f        0x1 
 .data.SPISD_CMD41
                0x0000000020000030        0x7 ./Core/Src/SPISD.o
                0x0000000020000030                SPISD_CMD41
 *fill*         0x0000000020000037        0x1 
 .data.SPISD_CMD58
                0x0000000020000038        0x7 ./Core/Src/SPISD.o
                0x0000000020000038                SPISD_CMD58
 *fill*         0x000000002000003f        0x1 
 .data.SPISD_CMD17
                0x0000000020000040        0x7 ./Core/Src/SPISD.o
                0x0000000020000040                SPISD_CMD17
 *fill*         0x0000000020000047        0x1 
 .data.SPISD_CMD24
                0x0000000020000048        0x7 ./Core/Src/SPISD.o
                0x0000000020000048                SPISD_CMD24
 *fill*         0x000000002000004f        0x1 
 .data.Font_7x10
                0x0000000020000050        0x8 ./Core/Src/fonts.o
                0x0000000020000050                Font_7x10
 .data.Font_11x18
                0x0000000020000058        0x8 ./Core/Src/fonts.o
                0x0000000020000058                Font_11x18
 .data.Font_16x26
                0x0000000020000060        0x8 ./Core/Src/fonts.o
                0x0000000020000060                Font_16x26
 .data.mainSD   0x0000000020000068        0x4 ./Core/Src/main.o
                0x0000000020000068                mainSD
 .data.contador
                0x000000002000006c        0x2 ./Core/Src/main.o
                0x000000002000006c                contador
 .data.cuenta   0x000000002000006e        0x2 ./Core/Src/main.o
                0x000000002000006e                cuenta
 .data.mensaje_1
                0x0000000020000070       0x13 ./Core/Src/main.o
                0x0000000020000070                mensaje_1
 .data.flag_1   0x0000000020000083        0x1 ./Core/Src/main.o
                0x0000000020000083                flag_1
 .data.SystemCoreClock
                0x0000000020000084        0x4 ./Core/Src/system_stm32f1xx.o
                0x0000000020000084                SystemCoreClock
 .data.uwTickPrio
                0x0000000020000088        0x4 ./Drivers/STM32F1xx_HAL_Driver/Src/stm32f1xx_hal.o
                0x0000000020000088                uwTickPrio
 .data.uwTickFreq
                0x000000002000008c        0x1 ./Drivers/STM32F1xx_HAL_Driver/Src/stm32f1xx_hal.o
                0x000000002000008c                uwTickFreq
 .data.Stat     0x000000002000008d        0x1 ./FATFS/Target/user_diskio.o
 *fill*         0x000000002000008e        0x2 
 .data.USER_Driver
                0x0000000020000090       0x14 ./FATFS/Target/user_diskio.o
                0x0000000020000090                USER_Driver
 .data._impure_ptr
                0x00000000200000a4        0x4 c:/st/stm32cubeide_1.7.0/stm32cubeide/plugins/com.st.stm32cube.ide.mcu.externaltools.gnu-tools-for-stm32.10.3-2021.10.win32_1.0.0.202111181127/tools/bin/../lib/gcc/arm-none-eabi/10.3.1/../../../../arm-none-eabi/lib/thumb/v7-m/nofp\libc_nano.a(lib_a-impure.o)
                0x00000000200000a4                _impure_ptr
 .data.impure_data
                0x00000000200000a8       0x60 c:/st/stm32cubeide_1.7.0/stm32cubeide/plugins/com.st.stm32cube.ide.mcu.externaltools.gnu-tools-for-stm32.10.3-2021.10.win32_1.0.0.202111181127/tools/bin/../lib/gcc/arm-none-eabi/10.3.1/../../../../arm-none-eabi/lib/thumb/v7-m/nofp\libc_nano.a(lib_a-impure.o)
 *(.RamFunc)
 *(.RamFunc*)
                0x0000000020000108                . = ALIGN (0x4)
                0x0000000020000108                _edata = .

.igot.plt       0x0000000020000108        0x0 load address 0x000000000800e984
 .igot.plt      0x0000000020000108        0x0 c:/st/stm32cubeide_1.7.0/stm32cubeide/plugins/com.st.stm32cube.ide.mcu.externaltools.gnu-tools-for-stm32.10.3-2021.10.win32_1.0.0.202111181127/tools/bin/../lib/gcc/arm-none-eabi/10.3.1/thumb/v7-m/nofp/crtbegin.o
                0x0000000020000108                . = ALIGN (0x4)

.bss            0x0000000020000108      0xb2c load address 0x000000000800e984
                0x0000000020000108                _sbss = .
                0x0000000020000108                __bss_start__ = _sbss
 *(.bss)
 .bss           0x0000000020000108       0x1c c:/st/stm32cubeide_1.7.0/stm32cubeide/plugins/com.st.stm32cube.ide.mcu.externaltools.gnu-tools-for-stm32.10.3-2021.10.win32_1.0.0.202111181127/tools/bin/../lib/gcc/arm-none-eabi/10.3.1/thumb/v7-m/nofp/crtbegin.o
 *(.bss*)
 .bss.BYTE_RD   0x0000000020000124        0x1 ./Core/Src/MAX30100.o
                0x0000000020000124                BYTE_RD
 .bss.BYTE_LSB  0x0000000020000125        0x1 ./Core/Src/MAX30100.o
                0x0000000020000125                BYTE_LSB
 .bss.BYTE_MSB  0x0000000020000126        0x1 ./Core/Src/MAX30100.o
                0x0000000020000126                BYTE_MSB
 *fill*         0x0000000020000127        0x1 
 .bss.lastREDLedCurrentCheck
                0x0000000020000128        0x4 ./Core/Src/MAX30100.o
                0x0000000020000128                lastREDLedCurrentCheck
 .bss.currentPulseDetectorState
                0x000000002000012c        0x1 ./Core/Src/MAX30100.o
                0x000000002000012c                currentPulseDetectorState
 *fill*         0x000000002000012d        0x3 
 .bss.currentBPM
                0x0000000020000130        0x4 ./Core/Src/MAX30100.o
                0x0000000020000130                currentBPM
 .bss.valuesBPM
                0x0000000020000134       0x28 ./Core/Src/MAX30100.o
                0x0000000020000134                valuesBPM
 .bss.valuesBPMSum
                0x000000002000015c        0x4 ./Core/Src/MAX30100.o
                0x000000002000015c                valuesBPMSum
 .bss.valuesBPMCount
                0x0000000020000160        0x1 ./Core/Src/MAX30100.o
                0x0000000020000160                valuesBPMCount
 .bss.bpmIndex  0x0000000020000161        0x1 ./Core/Src/MAX30100.o
                0x0000000020000161                bpmIndex
 *fill*         0x0000000020000162        0x2 
 .bss.lastBeatThreshold
                0x0000000020000164        0x4 ./Core/Src/MAX30100.o
                0x0000000020000164                lastBeatThreshold
 .bss.prev_sensor_value.3
                0x0000000020000168        0x4 ./Core/Src/MAX30100.o
 .bss.lastBeat.2
                0x000000002000016c        0x4 ./Core/Src/MAX30100.o
 .bss.currentBeat.1
                0x0000000020000170        0x4 ./Core/Src/MAX30100.o
 .bss.values_went_down.0
                0x0000000020000174        0x1 ./Core/Src/MAX30100.o
 *fill*         0x0000000020000175        0x3 
 .bss.recbuffer
                0x0000000020000178        0x8 ./Core/Src/SPISD.o
                0x0000000020000178                recbuffer
 .bss.hi2c1     0x0000000020000180       0x54 ./Core/Src/main.o
                0x0000000020000180                hi2c1
 .bss.hi2c2     0x00000000200001d4       0x54 ./Core/Src/main.o
                0x00000000200001d4                hi2c2
 .bss.hspi2     0x0000000020000228       0x58 ./Core/Src/main.o
                0x0000000020000228                hspi2
 .bss.huart2    0x0000000020000280       0x44 ./Core/Src/main.o
                0x0000000020000280                huart2
 .bss.fifo      0x00000000200002c4        0x4 ./Core/Src/main.o
                0x00000000200002c4                fifo
 .bss.meanfilter
                0x00000000200002c8       0x48 ./Core/Src/main.o
                0x00000000200002c8                meanfilter
 .bss.lpbFilterIR
                0x0000000020000310        0xc ./Core/Src/main.o
                0x0000000020000310                lpbFilterIR
 .bss.result    0x000000002000031c       0x24 ./Core/Src/main.o
                0x000000002000031c                result
 .bss.IRprev_w  0x0000000020000340        0x4 ./Core/Src/main.o
                0x0000000020000340                IRprev_w
 .bss.REDprev_w
                0x0000000020000344        0x4 ./Core/Src/main.o
                0x0000000020000344                REDprev_w
 .bss.ir_dcfiltrado
                0x0000000020000348        0x4 ./Core/Src/main.o
                0x0000000020000348                ir_dcfiltrado
 .bss.red_dcfiltrado
                0x000000002000034c        0x4 ./Core/Src/main.o
                0x000000002000034c                red_dcfiltrado
 .bss.ir_meanfiltrado
                0x0000000020000350        0x4 ./Core/Src/main.o
                0x0000000020000350                ir_meanfiltrado
 .bss.ir_lpbfiltrado
                0x0000000020000354        0x4 ./Core/Src/main.o
                0x0000000020000354                ir_lpbfiltrado
 .bss.irACValueSqSum
                0x0000000020000358        0x4 ./Core/Src/main.o
                0x0000000020000358                irACValueSqSum
 .bss.redACValueSqSum
                0x000000002000035c        0x4 ./Core/Src/main.o
                0x000000002000035c                redACValueSqSum
 .bss.currentSaO2Value
                0x0000000020000360        0x4 ./Core/Src/main.o
                0x0000000020000360                currentSaO2Value
 .bss.ratioRMS  0x0000000020000364        0x4 ./Core/Src/main.o
                0x0000000020000364                ratioRMS
 .bss.spisd     0x0000000020000368       0x10 ./Core/Src/main.o
                0x0000000020000368                spisd
 .bss.samplesRecorded
                0x0000000020000378        0x2 ./Core/Src/main.o
                0x0000000020000378                samplesRecorded
 .bss.pulsesDetected
                0x000000002000037a        0x2 ./Core/Src/main.o
                0x000000002000037a                pulsesDetected
 .bss.estado    0x000000002000037c        0x1 ./Core/Src/main.o
                0x000000002000037c                estado
 .bss.byte      0x000000002000037d        0x1 ./Core/Src/main.o
                0x000000002000037d                byte
 .bss.flag_HR_ON
                0x000000002000037e        0x1 ./Core/Src/main.o
                0x000000002000037e                flag_HR_ON
 .bss.buf1      0x000000002000037f        0x1 ./Core/Src/main.o
                0x000000002000037f                buf1
 .bss.buf2      0x0000000020000380        0x1 ./Core/Src/main.o
                0x0000000020000380                buf2
 *fill*         0x0000000020000381        0x3 
 .bss.SSD1306_Buffer
                0x0000000020000384      0x400 ./Core/Src/ssd1306.o
 .bss.SSD1306   0x0000000020000784        0x6 ./Core/Src/ssd1306.o
 *fill*         0x000000002000078a        0x2 
 .bss.__sbrk_heap_end
                0x000000002000078c        0x4 ./Core/Src/sysmem.o
 .bss.uwTick    0x0000000020000790        0x4 ./Drivers/STM32F1xx_HAL_Driver/Src/stm32f1xx_hal.o
                0x0000000020000790                uwTick
 .bss.retUSER   0x0000000020000794        0x1 ./FATFS/App/fatfs.o
                0x0000000020000794                retUSER
 *fill*         0x0000000020000795        0x3 
 .bss.USERPath  0x0000000020000798        0x4 ./FATFS/App/fatfs.o
                0x0000000020000798                USERPath
 .bss.USERFatFS
                0x000000002000079c      0x230 ./FATFS/App/fatfs.o
                0x000000002000079c                USERFatFS
 .bss.USERFile  0x00000000200009cc      0x22c ./FATFS/App/fatfs.o
                0x00000000200009cc                USERFile
 .bss.FatFs     0x0000000020000bf8        0x4 ./Middlewares/Third_Party/FatFs/src/ff.o
 .bss.Fsid      0x0000000020000bfc        0x2 ./Middlewares/Third_Party/FatFs/src/ff.o
 *fill*         0x0000000020000bfe        0x2 
 .bss.Files     0x0000000020000c00       0x18 ./Middlewares/Third_Party/FatFs/src/ff.o
 .bss.disk      0x0000000020000c18        0xc ./Middlewares/Third_Party/FatFs/src/ff_gen_drv.o
                0x0000000020000c18                disk
 .bss.__malloc_free_list
                0x0000000020000c24        0x4 c:/st/stm32cubeide_1.7.0/stm32cubeide/plugins/com.st.stm32cube.ide.mcu.externaltools.gnu-tools-for-stm32.10.3-2021.10.win32_1.0.0.202111181127/tools/bin/../lib/gcc/arm-none-eabi/10.3.1/../../../../arm-none-eabi/lib/thumb/v7-m/nofp\libc_nano.a(lib_a-nano-mallocr.o)
                0x0000000020000c24                __malloc_free_list
 .bss.__malloc_sbrk_start
                0x0000000020000c28        0x4 c:/st/stm32cubeide_1.7.0/stm32cubeide/plugins/com.st.stm32cube.ide.mcu.externaltools.gnu-tools-for-stm32.10.3-2021.10.win32_1.0.0.202111181127/tools/bin/../lib/gcc/arm-none-eabi/10.3.1/../../../../arm-none-eabi/lib/thumb/v7-m/nofp\libc_nano.a(lib_a-nano-mallocr.o)
                0x0000000020000c28                __malloc_sbrk_start
 .bss.errno     0x0000000020000c2c        0x4 c:/st/stm32cubeide_1.7.0/stm32cubeide/plugins/com.st.stm32cube.ide.mcu.externaltools.gnu-tools-for-stm32.10.3-2021.10.win32_1.0.0.202111181127/tools/bin/../lib/gcc/arm-none-eabi/10.3.1/../../../../arm-none-eabi/lib/thumb/v7-m/nofp\libc_nano.a(lib_a-reent.o)
                0x0000000020000c2c                errno
 .bss.__lock___malloc_recursive_mutex
                0x0000000020000c30        0x1 c:/st/stm32cubeide_1.7.0/stm32cubeide/plugins/com.st.stm32cube.ide.mcu.externaltools.gnu-tools-for-stm32.10.3-2021.10.win32_1.0.0.202111181127/tools/bin/../lib/gcc/arm-none-eabi/10.3.1/../../../../arm-none-eabi/lib/thumb/v7-m/nofp\libc_nano.a(lib_a-lock.o)
                0x0000000020000c30                __lock___malloc_recursive_mutex
 *(COMMON)
                0x0000000020000c34                . = ALIGN (0x4)
 *fill*         0x0000000020000c31        0x3 
                0x0000000020000c34                _ebss = .
                0x0000000020000c34                __bss_end__ = _ebss

._user_heap_stack
                0x0000000020000c34      0x604 load address 0x000000000800e984
                0x0000000020000c38                . = ALIGN (0x8)
 *fill*         0x0000000020000c34        0x4 
                [!provide]                        PROVIDE (end = .)
                0x0000000020000c38                PROVIDE (_end = .)
                0x0000000020000e38                . = (. + _Min_Heap_Size)
 *fill*         0x0000000020000c38      0x200 
                0x0000000020001238                . = (. + _Min_Stack_Size)
 *fill*         0x0000000020000e38      0x400 
                0x0000000020001238                . = ALIGN (0x8)

/DISCARD/
 libc.a(*)
 libm.a(*)
 libgcc.a(*)

.ARM.attributes
                0x0000000000000000       0x29
 *(.ARM.attributes)
 .ARM.attributes
                0x0000000000000000       0x1d c:/st/stm32cubeide_1.7.0/stm32cubeide/plugins/com.st.stm32cube.ide.mcu.externaltools.gnu-tools-for-stm32.10.3-2021.10.win32_1.0.0.202111181127/tools/bin/../lib/gcc/arm-none-eabi/10.3.1/thumb/v7-m/nofp/crti.o
 .ARM.attributes
                0x000000000000001d       0x2d c:/st/stm32cubeide_1.7.0/stm32cubeide/plugins/com.st.stm32cube.ide.mcu.externaltools.gnu-tools-for-stm32.10.3-2021.10.win32_1.0.0.202111181127/tools/bin/../lib/gcc/arm-none-eabi/10.3.1/thumb/v7-m/nofp/crtbegin.o
 .ARM.attributes
                0x000000000000004a       0x2d ./Core/Src/MAX30100.o
 .ARM.attributes
                0x0000000000000077       0x2d ./Core/Src/SPISD.o
 .ARM.attributes
                0x00000000000000a4       0x2d ./Core/Src/fonts.o
 .ARM.attributes
                0x00000000000000d1       0x2d ./Core/Src/main.o
 .ARM.attributes
                0x00000000000000fe       0x2d ./Core/Src/ssd1306.o
 .ARM.attributes
                0x000000000000012b       0x2d ./Core/Src/stm32f1xx_hal_msp.o
 .ARM.attributes
                0x0000000000000158       0x2d ./Core/Src/stm32f1xx_it.o
 .ARM.attributes
                0x0000000000000185       0x2d ./Core/Src/sysmem.o
 .ARM.attributes
                0x00000000000001b2       0x2d ./Core/Src/system_stm32f1xx.o
 .ARM.attributes
                0x00000000000001df       0x21 ./Core/Startup/startup_stm32f103c8tx.o
 .ARM.attributes
                0x0000000000000200       0x2d ./Drivers/STM32F1xx_HAL_Driver/Src/stm32f1xx_hal.o
 .ARM.attributes
                0x000000000000022d       0x2d ./Drivers/STM32F1xx_HAL_Driver/Src/stm32f1xx_hal_cortex.o
 .ARM.attributes
                0x000000000000025a       0x2d ./Drivers/STM32F1xx_HAL_Driver/Src/stm32f1xx_hal_dma.o
 .ARM.attributes
                0x0000000000000287       0x2d ./Drivers/STM32F1xx_HAL_Driver/Src/stm32f1xx_hal_gpio.o
 .ARM.attributes
                0x00000000000002b4       0x2d ./Drivers/STM32F1xx_HAL_Driver/Src/stm32f1xx_hal_i2c.o
 .ARM.attributes
                0x00000000000002e1       0x2d ./Drivers/STM32F1xx_HAL_Driver/Src/stm32f1xx_hal_rcc.o
 .ARM.attributes
                0x000000000000030e       0x2d ./Drivers/STM32F1xx_HAL_Driver/Src/stm32f1xx_hal_spi.o
 .ARM.attributes
                0x000000000000033b       0x2d ./Drivers/STM32F1xx_HAL_Driver/Src/stm32f1xx_hal_uart.o
 .ARM.attributes
                0x0000000000000368       0x2d ./FATFS/App/fatfs.o
 .ARM.attributes
                0x0000000000000395       0x2d ./FATFS/Target/user_diskio.o
 .ARM.attributes
                0x00000000000003c2       0x2d ./Middlewares/Third_Party/FatFs/src/diskio.o
 .ARM.attributes
                0x00000000000003ef       0x2d ./Middlewares/Third_Party/FatFs/src/ff.o
 .ARM.attributes
                0x000000000000041c       0x2d ./Middlewares/Third_Party/FatFs/src/ff_gen_drv.o
 .ARM.attributes
                0x0000000000000449       0x2d c:/st/stm32cubeide_1.7.0/stm32cubeide/plugins/com.st.stm32cube.ide.mcu.externaltools.gnu-tools-for-stm32.10.3-2021.10.win32_1.0.0.202111181127/tools/bin/../lib/gcc/arm-none-eabi/10.3.1/../../../../arm-none-eabi/lib/thumb/v7-m/nofp\libc_nano.a(lib_a-errno.o)
 .ARM.attributes
                0x0000000000000476       0x2d c:/st/stm32cubeide_1.7.0/stm32cubeide/plugins/com.st.stm32cube.ide.mcu.externaltools.gnu-tools-for-stm32.10.3-2021.10.win32_1.0.0.202111181127/tools/bin/../lib/gcc/arm-none-eabi/10.3.1/../../../../arm-none-eabi/lib/thumb/v7-m/nofp\libc_nano.a(lib_a-impure.o)
 .ARM.attributes
                0x00000000000004a3       0x2d c:/st/stm32cubeide_1.7.0/stm32cubeide/plugins/com.st.stm32cube.ide.mcu.externaltools.gnu-tools-for-stm32.10.3-2021.10.win32_1.0.0.202111181127/tools/bin/../lib/gcc/arm-none-eabi/10.3.1/../../../../arm-none-eabi/lib/thumb/v7-m/nofp\libc_nano.a(lib_a-init.o)
 .ARM.attributes
                0x00000000000004d0       0x2d c:/st/stm32cubeide_1.7.0/stm32cubeide/plugins/com.st.stm32cube.ide.mcu.externaltools.gnu-tools-for-stm32.10.3-2021.10.win32_1.0.0.202111181127/tools/bin/../lib/gcc/arm-none-eabi/10.3.1/../../../../arm-none-eabi/lib/thumb/v7-m/nofp\libc_nano.a(lib_a-memset.o)
 .ARM.attributes
                0x00000000000004fd       0x2d c:/st/stm32cubeide_1.7.0/stm32cubeide/plugins/com.st.stm32cube.ide.mcu.externaltools.gnu-tools-for-stm32.10.3-2021.10.win32_1.0.0.202111181127/tools/bin/../lib/gcc/arm-none-eabi/10.3.1/../../../../arm-none-eabi/lib/thumb/v7-m/nofp\libc_nano.a(lib_a-sprintf.o)
 .ARM.attributes
                0x000000000000052a       0x17 c:/st/stm32cubeide_1.7.0/stm32cubeide/plugins/com.st.stm32cube.ide.mcu.externaltools.gnu-tools-for-stm32.10.3-2021.10.win32_1.0.0.202111181127/tools/bin/../lib/gcc/arm-none-eabi/10.3.1/../../../../arm-none-eabi/lib/thumb/v7-m/nofp\libc_nano.a(lib_a-strlen.o)
 .ARM.attributes
                0x0000000000000541       0x2d c:/st/stm32cubeide_1.7.0/stm32cubeide/plugins/com.st.stm32cube.ide.mcu.externaltools.gnu-tools-for-stm32.10.3-2021.10.win32_1.0.0.202111181127/tools/bin/../lib/gcc/arm-none-eabi/10.3.1/../../../../arm-none-eabi/lib/thumb/v7-m/nofp\libc_nano.a(lib_a-nano-svfprintf.o)
 .ARM.attributes
                0x000000000000056e       0x2d c:/st/stm32cubeide_1.7.0/stm32cubeide/plugins/com.st.stm32cube.ide.mcu.externaltools.gnu-tools-for-stm32.10.3-2021.10.win32_1.0.0.202111181127/tools/bin/../lib/gcc/arm-none-eabi/10.3.1/../../../../arm-none-eabi/lib/thumb/v7-m/nofp\libc_nano.a(lib_a-nano-vfprintf_i.o)
 .ARM.attributes
                0x000000000000059b       0x2d c:/st/stm32cubeide_1.7.0/stm32cubeide/plugins/com.st.stm32cube.ide.mcu.externaltools.gnu-tools-for-stm32.10.3-2021.10.win32_1.0.0.202111181127/tools/bin/../lib/gcc/arm-none-eabi/10.3.1/../../../../arm-none-eabi/lib/thumb/v7-m/nofp\libc_nano.a(lib_a-memchr-stub.o)
 .ARM.attributes
                0x00000000000005c8       0x2d c:/st/stm32cubeide_1.7.0/stm32cubeide/plugins/com.st.stm32cube.ide.mcu.externaltools.gnu-tools-for-stm32.10.3-2021.10.win32_1.0.0.202111181127/tools/bin/../lib/gcc/arm-none-eabi/10.3.1/../../../../arm-none-eabi/lib/thumb/v7-m/nofp\libc_nano.a(lib_a-memcpy-stub.o)
 .ARM.attributes
                0x00000000000005f5       0x2d c:/st/stm32cubeide_1.7.0/stm32cubeide/plugins/com.st.stm32cube.ide.mcu.externaltools.gnu-tools-for-stm32.10.3-2021.10.win32_1.0.0.202111181127/tools/bin/../lib/gcc/arm-none-eabi/10.3.1/../../../../arm-none-eabi/lib/thumb/v7-m/nofp\libc_nano.a(lib_a-memmove.o)
 .ARM.attributes
                0x0000000000000622       0x2d c:/st/stm32cubeide_1.7.0/stm32cubeide/plugins/com.st.stm32cube.ide.mcu.externaltools.gnu-tools-for-stm32.10.3-2021.10.win32_1.0.0.202111181127/tools/bin/../lib/gcc/arm-none-eabi/10.3.1/../../../../arm-none-eabi/lib/thumb/v7-m/nofp\libc_nano.a(lib_a-nano-freer.o)
 .ARM.attributes
                0x000000000000064f       0x2d c:/st/stm32cubeide_1.7.0/stm32cubeide/plugins/com.st.stm32cube.ide.mcu.externaltools.gnu-tools-for-stm32.10.3-2021.10.win32_1.0.0.202111181127/tools/bin/../lib/gcc/arm-none-eabi/10.3.1/../../../../arm-none-eabi/lib/thumb/v7-m/nofp\libc_nano.a(lib_a-nano-mallocr.o)
 .ARM.attributes
                0x000000000000067c       0x2d c:/st/stm32cubeide_1.7.0/stm32cubeide/plugins/com.st.stm32cube.ide.mcu.externaltools.gnu-tools-for-stm32.10.3-2021.10.win32_1.0.0.202111181127/tools/bin/../lib/gcc/arm-none-eabi/10.3.1/../../../../arm-none-eabi/lib/thumb/v7-m/nofp\libc_nano.a(lib_a-nano-reallocr.o)
 .ARM.attributes
                0x00000000000006a9       0x2d c:/st/stm32cubeide_1.7.0/stm32cubeide/plugins/com.st.stm32cube.ide.mcu.externaltools.gnu-tools-for-stm32.10.3-2021.10.win32_1.0.0.202111181127/tools/bin/../lib/gcc/arm-none-eabi/10.3.1/../../../../arm-none-eabi/lib/thumb/v7-m/nofp\libc_nano.a(lib_a-sbrkr.o)
 .ARM.attributes
                0x00000000000006d6       0x2d c:/st/stm32cubeide_1.7.0/stm32cubeide/plugins/com.st.stm32cube.ide.mcu.externaltools.gnu-tools-for-stm32.10.3-2021.10.win32_1.0.0.202111181127/tools/bin/../lib/gcc/arm-none-eabi/10.3.1/../../../../arm-none-eabi/lib/thumb/v7-m/nofp\libc_nano.a(lib_a-mlock.o)
 .ARM.attributes
                0x0000000000000703       0x2d c:/st/stm32cubeide_1.7.0/stm32cubeide/plugins/com.st.stm32cube.ide.mcu.externaltools.gnu-tools-for-stm32.10.3-2021.10.win32_1.0.0.202111181127/tools/bin/../lib/gcc/arm-none-eabi/10.3.1/../../../../arm-none-eabi/lib/thumb/v7-m/nofp\libc_nano.a(lib_a-nano-msizer.o)
 .ARM.attributes
                0x0000000000000730       0x2d c:/st/stm32cubeide_1.7.0/stm32cubeide/plugins/com.st.stm32cube.ide.mcu.externaltools.gnu-tools-for-stm32.10.3-2021.10.win32_1.0.0.202111181127/tools/bin/../lib/gcc/arm-none-eabi/10.3.1/../../../../arm-none-eabi/lib/thumb/v7-m/nofp\libc_nano.a(lib_a-reent.o)
 .ARM.attributes
                0x000000000000075d       0x2d c:/st/stm32cubeide_1.7.0/stm32cubeide/plugins/com.st.stm32cube.ide.mcu.externaltools.gnu-tools-for-stm32.10.3-2021.10.win32_1.0.0.202111181127/tools/bin/../lib/gcc/arm-none-eabi/10.3.1/../../../../arm-none-eabi/lib/thumb/v7-m/nofp\libc_nano.a(lib_a-lock.o)
 .ARM.attributes
                0x000000000000078a       0x2d c:/st/stm32cubeide_1.7.0/stm32cubeide/plugins/com.st.stm32cube.ide.mcu.externaltools.gnu-tools-for-stm32.10.3-2021.10.win32_1.0.0.202111181127/tools/bin/../lib/gcc/arm-none-eabi/10.3.1/../../../../arm-none-eabi/lib/thumb/v7-m/nofp\libm.a(lib_a-w_log.o)
 .ARM.attributes
                0x00000000000007b7       0x2d c:/st/stm32cubeide_1.7.0/stm32cubeide/plugins/com.st.stm32cube.ide.mcu.externaltools.gnu-tools-for-stm32.10.3-2021.10.win32_1.0.0.202111181127/tools/bin/../lib/gcc/arm-none-eabi/10.3.1/../../../../arm-none-eabi/lib/thumb/v7-m/nofp\libm.a(lib_a-w_sqrt.o)
 .ARM.attributes
                0x00000000000007e4       0x2d c:/st/stm32cubeide_1.7.0/stm32cubeide/plugins/com.st.stm32cube.ide.mcu.externaltools.gnu-tools-for-stm32.10.3-2021.10.win32_1.0.0.202111181127/tools/bin/../lib/gcc/arm-none-eabi/10.3.1/../../../../arm-none-eabi/lib/thumb/v7-m/nofp\libm.a(lib_a-e_log.o)
 .ARM.attributes
                0x0000000000000811       0x2d c:/st/stm32cubeide_1.7.0/stm32cubeide/plugins/com.st.stm32cube.ide.mcu.externaltools.gnu-tools-for-stm32.10.3-2021.10.win32_1.0.0.202111181127/tools/bin/../lib/gcc/arm-none-eabi/10.3.1/../../../../arm-none-eabi/lib/thumb/v7-m/nofp\libm.a(lib_a-e_sqrt.o)
 .ARM.attributes
                0x000000000000083e       0x2d c:/st/stm32cubeide_1.7.0/stm32cubeide/plugins/com.st.stm32cube.ide.mcu.externaltools.gnu-tools-for-stm32.10.3-2021.10.win32_1.0.0.202111181127/tools/bin/../lib/gcc/arm-none-eabi/10.3.1/../../../../arm-none-eabi/lib/thumb/v7-m/nofp\libm.a(lib_a-s_nan.o)
 .ARM.attributes
                0x000000000000086b       0x1d c:/st/stm32cubeide_1.7.0/stm32cubeide/plugins/com.st.stm32cube.ide.mcu.externaltools.gnu-tools-for-stm32.10.3-2021.10.win32_1.0.0.202111181127/tools/bin/../lib/gcc/arm-none-eabi/10.3.1/thumb/v7-m/nofp\libgcc.a(_arm_addsubdf3.o)
 .ARM.attributes
                0x0000000000000888       0x1d c:/st/stm32cubeide_1.7.0/stm32cubeide/plugins/com.st.stm32cube.ide.mcu.externaltools.gnu-tools-for-stm32.10.3-2021.10.win32_1.0.0.202111181127/tools/bin/../lib/gcc/arm-none-eabi/10.3.1/thumb/v7-m/nofp\libgcc.a(_arm_muldivdf3.o)
 .ARM.attributes
                0x00000000000008a5       0x1d c:/st/stm32cubeide_1.7.0/stm32cubeide/plugins/com.st.stm32cube.ide.mcu.externaltools.gnu-tools-for-stm32.10.3-2021.10.win32_1.0.0.202111181127/tools/bin/../lib/gcc/arm-none-eabi/10.3.1/thumb/v7-m/nofp\libgcc.a(_arm_cmpdf2.o)
 .ARM.attributes
                0x00000000000008c2       0x1d c:/st/stm32cubeide_1.7.0/stm32cubeide/plugins/com.st.stm32cube.ide.mcu.externaltools.gnu-tools-for-stm32.10.3-2021.10.win32_1.0.0.202111181127/tools/bin/../lib/gcc/arm-none-eabi/10.3.1/thumb/v7-m/nofp\libgcc.a(_arm_unorddf2.o)
 .ARM.attributes
                0x00000000000008df       0x1d c:/st/stm32cubeide_1.7.0/stm32cubeide/plugins/com.st.stm32cube.ide.mcu.externaltools.gnu-tools-for-stm32.10.3-2021.10.win32_1.0.0.202111181127/tools/bin/../lib/gcc/arm-none-eabi/10.3.1/thumb/v7-m/nofp\libgcc.a(_arm_truncdfsf2.o)
 .ARM.attributes